Chats loaded
Message handler loaded
This is the timestamp: 2018-04-16 13:21:40
Loaded timestamp: 2018-04-16 13:21:40
NLU loaded
Query answering model loaded
Preset messages loaded
Everything initialisated
Refresh token thread: Refreshing tokens

Notification scanner thread: Last check was done: 2018-04-16 20:16:30.932569

Notification scanner thread: Scanning for notifications

Notification scanner thread: Scanning Albert.

DO WE HAVE ACCESS TOKEN? Pxf4gBp7K8t03PYUt9vaFG0FPQAnpH
IS IT EXPIRED? {'day': 16, 'month': 4, 'year': 2018, 'hour': 20, 'minute': 29, 'second': 18}
IS IT CONSIDERED TO BE EXPIRED? False

 -------------- TOTAL NUMBER OF AVISOS OF USER Albert: 53 -------------

Not new avisos: 53

 ----- TOTAL NUMBER OF AVISOS AFTER FILTERING OF USER Albert: 0 ------

Notification scanner thread: Scanning Carla.

DO WE HAVE ACCESS TOKEN? zO55MMKCsggEHnNtgccpTLTBTDATPw
IS IT EXPIRED? {'day': 16, 'month': 4, 'year': 2018, 'hour': 20, 'minute': 29, 'second': 19}
IS IT CONSIDERED TO BE EXPIRED? False

 -------------- TOTAL NUMBER OF AVISOS OF USER Carla: 35 -------------

Not new avisos: 35

 ----- TOTAL NUMBER OF AVISOS AFTER FILTERING OF USER Carla: 0 ------

Notification scanner thread: Scanning Joel.

DO WE HAVE ACCESS TOKEN? Y8BE3dDLEKfqqrbhRAGGkl5JESk9zu
IS IT EXPIRED? {'day': 16, 'month': 4, 'year': 2018, 'hour': 20, 'minute': 29, 'second': 19}
IS IT CONSIDERED TO BE EXPIRED? False

 -------------- TOTAL NUMBER OF AVISOS OF USER Joel: 19 -------------

Not new avisos: 19

 ----- TOTAL NUMBER OF AVISOS AFTER FILTERING OF USER Joel: 0 ------

Notification scanner thread: Scanning VÝctor.

DO WE HAVE ACCESS TOKEN? buvb7h1ovUWbrFI9pmfaipZPYrggMT
IS IT EXPIRED? {'day': 16, 'month': 4, 'year': 2018, 'hour': 20, 'minute': 29, 'second': 19}
IS IT CONSIDERED TO BE EXPIRED? False

 -------------- TOTAL NUMBER OF AVISOS OF USER VÝctor: 10 -------------

Not new avisos: 10

 ----- TOTAL NUMBER OF AVISOS AFTER FILTERING OF USER VÝctor: 0 ------

Last notification was received 2018-04-16 13:21:40!
Refresh token thread: Refreshing tokens

Notification scanner thread: Last check was done: 2018-04-16 20:17:03.347702

Notification scanner thread: Scanning for notifications

Notification scanner thread: Scanning Albert.

DO WE HAVE ACCESS TOKEN? Pxf4gBp7K8t03PYUt9vaFG0FPQAnpH
IS IT EXPIRED? {'day': 16, 'month': 4, 'year': 2018, 'hour': 20, 'minute': 29, 'second': 18}
IS IT CONSIDERED TO BE EXPIRED? False

 -------------- TOTAL NUMBER OF AVISOS OF USER Albert: 53 -------------

Not new avisos: 53

 ----- TOTAL NUMBER OF AVISOS AFTER FILTERING OF USER Albert: 0 ------

Notification scanner thread: Scanning Carla.

DO WE HAVE ACCESS TOKEN? zO55MMKCsggEHnNtgccpTLTBTDATPw
IS IT EXPIRED? {'day': 16, 'month': 4, 'year': 2018, 'hour': 20, 'minute': 29, 'second': 19}
IS IT CONSIDERED TO BE EXPIRED? False

 -------------- TOTAL NUMBER OF AVISOS OF USER Carla: 35 -------------

Not new avisos: 35

 ----- TOTAL NUMBER OF AVISOS AFTER FILTERING OF USER Carla: 0 ------

Notification scanner thread: Scanning Joel.

DO WE HAVE ACCESS TOKEN? Y8BE3dDLEKfqqrbhRAGGkl5JESk9zu
IS IT EXPIRED? {'day': 16, 'month': 4, 'year': 2018, 'hour': 20, 'minute': 29, 'second': 19}
IS IT CONSIDERED TO BE EXPIRED? False

 -------------- TOTAL NUMBER OF AVISOS OF USER Joel: 19 -------------

Not new avisos: 19

 ----- TOTAL NUMBER OF AVISOS AFTER FILTERING OF USER Joel: 0 ------

Notification scanner thread: Scanning VÝctor.

DO WE HAVE ACCESS TOKEN? buvb7h1ovUWbrFI9pmfaipZPYrggMT
IS IT EXPIRED? {'day': 16, 'month': 4, 'year': 2018, 'hour': 20, 'minute': 29, 'second': 19}
IS IT CONSIDERED TO BE EXPIRED? False

 -------------- TOTAL NUMBER OF AVISOS OF USER VÝctor: 10 -------------

Not new avisos: 10

 ----- TOTAL NUMBER OF AVISOS AFTER FILTERING OF USER VÝctor: 0 ------

Last notification was received 2018-04-16 13:21:40!
Refresh token thread: Refreshing tokens

Notification scanner thread: Last check was done: 2018-04-16 20:17:36.279620

Notification scanner thread: Scanning for notifications

Notification scanner thread: Scanning Albert.

DO WE HAVE ACCESS TOKEN? Pxf4gBp7K8t03PYUt9vaFG0FPQAnpH
IS IT EXPIRED? {'day': 16, 'month': 4, 'year': 2018, 'hour': 20, 'minute': 29, 'second': 18}
IS IT CONSIDERED TO BE EXPIRED? False

 -------------- TOTAL NUMBER OF AVISOS OF USER Albert: 53 -------------

Not new avisos: 53

 ----- TOTAL NUMBER OF AVISOS AFTER FILTERING OF USER Albert: 0 ------

Notification scanner thread: Scanning Carla.

DO WE HAVE ACCESS TOKEN? zO55MMKCsggEHnNtgccpTLTBTDATPw
IS IT EXPIRED? {'day': 16, 'month': 4, 'year': 2018, 'hour': 20, 'minute': 29, 'second': 19}
IS IT CONSIDERED TO BE EXPIRED? False

 -------------- TOTAL NUMBER OF AVISOS OF USER Carla: 35 -------------

Not new avisos: 35

 ----- TOTAL NUMBER OF AVISOS AFTER FILTERING OF USER Carla: 0 ------

Notification scanner thread: Scanning Joel.

DO WE HAVE ACCESS TOKEN? Y8BE3dDLEKfqqrbhRAGGkl5JESk9zu
IS IT EXPIRED? {'day': 16, 'month': 4, 'year': 2018, 'hour': 20, 'minute': 29, 'second': 19}
IS IT CONSIDERED TO BE EXPIRED? False

 -------------- TOTAL NUMBER OF AVISOS OF USER Joel: 19 -------------

Not new avisos: 19

 ----- TOTAL NUMBER OF AVISOS AFTER FILTERING OF USER Joel: 0 ------

Notification scanner thread: Scanning VÝctor.

DO WE HAVE ACCESS TOKEN? buvb7h1ovUWbrFI9pmfaipZPYrggMT
IS IT EXPIRED? {'day': 16, 'month': 4, 'year': 2018, 'hour': 20, 'minute': 29, 'second': 19}
IS IT CONSIDERED TO BE EXPIRED? False

 -------------- TOTAL NUMBER OF AVISOS OF USER VÝctor: 10 -------------

Not new avisos: 10

 ----- TOTAL NUMBER OF AVISOS AFTER FILTERING OF USER VÝctor: 0 ------

Last notification was received 2018-04-16 13:21:40!
Refresh token thread: Refreshing tokens

Notification scanner thread: Last check was done: 2018-04-16 20:18:10.781639

Notification scanner thread: Scanning for notifications

Notification scanner thread: Scanning Albert.

DO WE HAVE ACCESS TOKEN? Pxf4gBp7K8t03PYUt9vaFG0FPQAnpH
IS IT EXPIRED? {'day': 16, 'month': 4, 'year': 2018, 'hour': 20, 'minute': 29, 'second': 18}
IS IT CONSIDERED TO BE EXPIRED? False

 -------------- TOTAL NUMBER OF AVISOS OF USER Albert: 53 -------------

Not new avisos: 53

 ----- TOTAL NUMBER OF AVISOS AFTER FILTERING OF USER Albert: 0 ------

Notification scanner thread: Scanning Carla.

DO WE HAVE ACCESS TOKEN? zO55MMKCsggEHnNtgccpTLTBTDATPw
IS IT EXPIRED? {'day': 16, 'month': 4, 'year': 2018, 'hour': 20, 'minute': 29, 'second': 19}
IS IT CONSIDERED TO BE EXPIRED? False

 -------------- TOTAL NUMBER OF AVISOS OF USER Carla: 35 -------------

Not new avisos: 35

 ----- TOTAL NUMBER OF AVISOS AFTER FILTERING OF USER Carla: 0 ------

Notification scanner thread: Scanning Joel.

DO WE HAVE ACCESS TOKEN? Y8BE3dDLEKfqqrbhRAGGkl5JESk9zu
IS IT EXPIRED? {'day': 16, 'month': 4, 'year': 2018, 'hour': 20, 'minute': 29, 'second': 19}
IS IT CONSIDERED TO BE EXPIRED? False

 -------------- TOTAL NUMBER OF AVISOS OF USER Joel: 19 -------------

Not new avisos: 19

 ----- TOTAL NUMBER OF AVISOS AFTER FILTERING OF USER Joel: 0 ------

Notification scanner thread: Scanning VÝctor.

DO WE HAVE ACCESS TOKEN? buvb7h1ovUWbrFI9pmfaipZPYrggMT
IS IT EXPIRED? {'day': 16, 'month': 4, 'year': 2018, 'hour': 20, 'minute': 29, 'second': 19}
IS IT CONSIDERED TO BE EXPIRED? False

 -------------- TOTAL NUMBER OF AVISOS OF USER VÝctor: 10 -------------

Not new avisos: 10

 ----- TOTAL NUMBER OF AVISOS AFTER FILTERING OF USER VÝctor: 0 ------

Last notification was received 2018-04-16 13:21:40!
Refresh token thread: Refreshing tokens

Notification scanner thread: Last check was done: 2018-04-16 20:18:43.331603

Notification scanner thread: Scanning for notifications

Notification scanner thread: Scanning Albert.

DO WE HAVE ACCESS TOKEN? Pxf4gBp7K8t03PYUt9vaFG0FPQAnpH
IS IT EXPIRED? {'day': 16, 'month': 4, 'year': 2018, 'hour': 20, 'minute': 29, 'second': 18}
IS IT CONSIDERED TO BE EXPIRED? False

 -------------- TOTAL NUMBER OF AVISOS OF USER Albert: 53 -------------

Not new avisos: 53

 ----- TOTAL NUMBER OF AVISOS AFTER FILTERING OF USER Albert: 0 ------

Notification scanner thread: Scanning Carla.

DO WE HAVE ACCESS TOKEN? zO55MMKCsggEHnNtgccpTLTBTDATPw
IS IT EXPIRED? {'day': 16, 'month': 4, 'year': 2018, 'hour': 20, 'minute': 29, 'second': 19}
IS IT CONSIDERED TO BE EXPIRED? False

 -------------- TOTAL NUMBER OF AVISOS OF USER Carla: 35 -------------

Not new avisos: 35

 ----- TOTAL NUMBER OF AVISOS AFTER FILTERING OF USER Carla: 0 ------

Notification scanner thread: Scanning Joel.

DO WE HAVE ACCESS TOKEN? Y8BE3dDLEKfqqrbhRAGGkl5JESk9zu
IS IT EXPIRED? {'day': 16, 'month': 4, 'year': 2018, 'hour': 20, 'minute': 29, 'second': 19}
IS IT CONSIDERED TO BE EXPIRED? False

 -------------- TOTAL NUMBER OF AVISOS OF USER Joel: 19 -------------

Not new avisos: 19

 ----- TOTAL NUMBER OF AVISOS AFTER FILTERING OF USER Joel: 0 ------

Notification scanner thread: Scanning VÝctor.

DO WE HAVE ACCESS TOKEN? buvb7h1ovUWbrFI9pmfaipZPYrggMT
IS IT EXPIRED? {'day': 16, 'month': 4, 'year': 2018, 'hour': 20, 'minute': 29, 'second': 19}
IS IT CONSIDERED TO BE EXPIRED? False

 -------------- TOTAL NUMBER OF AVISOS OF USER VÝctor: 10 -------------

Not new avisos: 10

 ----- TOTAL NUMBER OF AVISOS AFTER FILTERING OF USER VÝctor: 0 ------

Last notification was received 2018-04-16 13:21:40!
Refresh token thread: Refreshing tokens

Notification scanner thread: Last check was done: 2018-04-16 20:19:15.840213

Notification scanner thread: Scanning for notifications

Notification scanner thread: Scanning Albert.

Refresh token thread: Refreshing tokens

DO WE HAVE ACCESS TOKEN? Pxf4gBp7K8t03PYUt9vaFG0FPQAnpH
IS IT EXPIRED? {'day': 16, 'month': 4, 'year': 2018, 'hour': 20, 'minute': 29, 'second': 18}
IS IT CONSIDERED TO BE EXPIRED? False

 -------------- TOTAL NUMBER OF AVISOS OF USER Albert: 53 -------------

Not new avisos: 53

 ----- TOTAL NUMBER OF AVISOS AFTER FILTERING OF USER Albert: 0 ------

Notification scanner thread: Scanning Carla.

DO WE HAVE ACCESS TOKEN? zO55MMKCsggEHnNtgccpTLTBTDATPw
IS IT EXPIRED? {'day': 16, 'month': 4, 'year': 2018, 'hour': 20, 'minute': 29, 'second': 19}
IS IT CONSIDERED TO BE EXPIRED? False

 -------------- TOTAL NUMBER OF AVISOS OF USER Carla: 35 -------------

Not new avisos: 35

 ----- TOTAL NUMBER OF AVISOS AFTER FILTERING OF USER Carla: 0 ------

Notification scanner thread: Scanning Joel.

DO WE HAVE ACCESS TOKEN? Y8BE3dDLEKfqqrbhRAGGkl5JESk9zu
IS IT EXPIRED? {'day': 16, 'month': 4, 'year': 2018, 'hour': 20, 'minute': 29, 'second': 19}
IS IT CONSIDERED TO BE EXPIRED? False

 -------------- TOTAL NUMBER OF AVISOS OF USER Joel: 19 -------------

Not new avisos: 19

 ----- TOTAL NUMBER OF AVISOS AFTER FILTERING OF USER Joel: 0 ------

Notification scanner thread: Scanning VÝctor.

DO WE HAVE ACCESS TOKEN? buvb7h1ovUWbrFI9pmfaipZPYrggMT
IS IT EXPIRED? {'day': 16, 'month': 4, 'year': 2018, 'hour': 20, 'minute': 29, 'second': 19}
IS IT CONSIDERED TO BE EXPIRED? False

 -------------- TOTAL NUMBER OF AVISOS OF USER VÝctor: 10 -------------

Not new avisos: 10

 ----- TOTAL NUMBER OF AVISOS AFTER FILTERING OF USER VÝctor: 0 ------

Last notification was received 2018-04-16 13:21:40!
Refresh token thread: Refreshing tokens

Notification scanner thread: Last check was done: 2018-04-16 20:19:48.657634

Notification scanner thread: Scanning for notifications

Notification scanner thread: Scanning Albert.

DO WE HAVE ACCESS TOKEN? Pxf4gBp7K8t03PYUt9vaFG0FPQAnpH
IS IT EXPIRED? {'day': 16, 'month': 4, 'year': 2018, 'hour': 20, 'minute': 29, 'second': 18}
IS IT CONSIDERED TO BE EXPIRED? False

 -------------- TOTAL NUMBER OF AVISOS OF USER Albert: 53 -------------

Not new avisos: 53

 ----- TOTAL NUMBER OF AVISOS AFTER FILTERING OF USER Albert: 0 ------

Notification scanner thread: Scanning Carla.

DO WE HAVE ACCESS TOKEN? zO55MMKCsggEHnNtgccpTLTBTDATPw
IS IT EXPIRED? {'day': 16, 'month': 4, 'year': 2018, 'hour': 20, 'minute': 29, 'second': 19}
IS IT CONSIDERED TO BE EXPIRED? False

 -------------- TOTAL NUMBER OF AVISOS OF USER Carla: 35 -------------

Not new avisos: 35

 ----- TOTAL NUMBER OF AVISOS AFTER FILTERING OF USER Carla: 0 ------

Notification scanner thread: Scanning Joel.

DO WE HAVE ACCESS TOKEN? Y8BE3dDLEKfqqrbhRAGGkl5JESk9zu
IS IT EXPIRED? {'day': 16, 'month': 4, 'year': 2018, 'hour': 20, 'minute': 29, 'second': 19}
IS IT CONSIDERED TO BE EXPIRED? False

 -------------- TOTAL NUMBER OF AVISOS OF USER Joel: 19 -------------

Not new avisos: 19

 ----- TOTAL NUMBER OF AVISOS AFTER FILTERING OF USER Joel: 0 ------

Notification scanner thread: Scanning VÝctor.

DO WE HAVE ACCESS TOKEN? buvb7h1ovUWbrFI9pmfaipZPYrggMT
IS IT EXPIRED? {'day': 16, 'month': 4, 'year': 2018, 'hour': 20, 'minute': 29, 'second': 19}
IS IT CONSIDERED TO BE EXPIRED? False

 -------------- TOTAL NUMBER OF AVISOS OF USER VÝctor: 10 -------------

Not new avisos: 10

 ----- TOTAL NUMBER OF AVISOS AFTER FILTERING OF USER VÝctor: 0 ------

Last notification was received 2018-04-16 13:21:40!
Refresh token thread: Refreshing tokens

Notification scanner thread: Last check was done: 2018-04-16 20:20:24.208649

Notification scanner thread: Scanning for notifications

Notification scanner thread: Scanning Albert.

DO WE HAVE ACCESS TOKEN? Pxf4gBp7K8t03PYUt9vaFG0FPQAnpH
IS IT EXPIRED? {'day': 16, 'month': 4, 'year': 2018, 'hour': 20, 'minute': 29, 'second': 18}
IS IT CONSIDERED TO BE EXPIRED? False

 -------------- TOTAL NUMBER OF AVISOS OF USER Albert: 53 -------------

Not new avisos: 53

 ----- TOTAL NUMBER OF AVISOS AFTER FILTERING OF USER Albert: 0 ------

Notification scanner thread: Scanning Carla.

DO WE HAVE ACCESS TOKEN? zO55MMKCsggEHnNtgccpTLTBTDATPw
IS IT EXPIRED? {'day': 16, 'month': 4, 'year': 2018, 'hour': 20, 'minute': 29, 'second': 19}
IS IT CONSIDERED TO BE EXPIRED? False

 -------------- TOTAL NUMBER OF AVISOS OF USER Carla: 35 -------------

Not new avisos: 35

 ----- TOTAL NUMBER OF AVISOS AFTER FILTERING OF USER Carla: 0 ------

Notification scanner thread: Scanning Joel.

DO WE HAVE ACCESS TOKEN? Y8BE3dDLEKfqqrbhRAGGkl5JESk9zu
IS IT EXPIRED? {'day': 16, 'month': 4, 'year': 2018, 'hour': 20, 'minute': 29, 'second': 19}
IS IT CONSIDERED TO BE EXPIRED? False

 -------------- TOTAL NUMBER OF AVISOS OF USER Joel: 19 -------------

Not new avisos: 19

 ----- TOTAL NUMBER OF AVISOS AFTER FILTERING OF USER Joel: 0 ------

Notification scanner thread: Scanning VÝctor.

DO WE HAVE ACCESS TOKEN? buvb7h1ovUWbrFI9pmfaipZPYrggMT
IS IT EXPIRED? {'day': 16, 'month': 4, 'year': 2018, 'hour': 20, 'minute': 29, 'second': 19}
IS IT CONSIDERED TO BE EXPIRED? False

 -------------- TOTAL NUMBER OF AVISOS OF USER VÝctor: 10 -------------

Not new avisos: 10

 ----- TOTAL NUMBER OF AVISOS AFTER FILTERING OF USER VÝctor: 0 ------

Last notification was received 2018-04-16 13:21:40!
Refresh token thread: Refreshing tokens

Notification scanner thread: Last check was done: 2018-04-16 20:20:56.750873

Notification scanner thread: Scanning for notifications

Notification scanner thread: Scanning Albert.

DO WE HAVE ACCESS TOKEN? Pxf4gBp7K8t03PYUt9vaFG0FPQAnpH
IS IT EXPIRED? {'day': 16, 'month': 4, 'year': 2018, 'hour': 20, 'minute': 29, 'second': 18}
IS IT CONSIDERED TO BE EXPIRED? False

 -------------- TOTAL NUMBER OF AVISOS OF USER Albert: 53 -------------

Not new avisos: 53

 ----- TOTAL NUMBER OF AVISOS AFTER FILTERING OF USER Albert: 0 ------

Notification scanner thread: Scanning Carla.

DO WE HAVE ACCESS TOKEN? zO55MMKCsggEHnNtgccpTLTBTDATPw
IS IT EXPIRED? {'day': 16, 'month': 4, 'year': 2018, 'hour': 20, 'minute': 29, 'second': 19}
IS IT CONSIDERED TO BE EXPIRED? False

 -------------- TOTAL NUMBER OF AVISOS OF USER Carla: 35 -------------

Not new avisos: 35

 ----- TOTAL NUMBER OF AVISOS AFTER FILTERING OF USER Carla: 0 ------

Notification scanner thread: Scanning Joel.

DO WE HAVE ACCESS TOKEN? Y8BE3dDLEKfqqrbhRAGGkl5JESk9zu
IS IT EXPIRED? {'day': 16, 'month': 4, 'year': 2018, 'hour': 20, 'minute': 29, 'second': 19}
IS IT CONSIDERED TO BE EXPIRED? False

 -------------- TOTAL NUMBER OF AVISOS OF USER Joel: 19 -------------

Not new avisos: 19

 ----- TOTAL NUMBER OF AVISOS AFTER FILTERING OF USER Joel: 0 ------

Notification scanner thread: Scanning VÝctor.

DO WE HAVE ACCESS TOKEN? buvb7h1ovUWbrFI9pmfaipZPYrggMT
IS IT EXPIRED? {'day': 16, 'month': 4, 'year': 2018, 'hour': 20, 'minute': 29, 'second': 19}
IS IT CONSIDERED TO BE EXPIRED? False

 -------------- TOTAL NUMBER OF AVISOS OF USER VÝctor: 10 -------------

Not new avisos: 10

 ----- TOTAL NUMBER OF AVISOS AFTER FILTERING OF USER VÝctor: 0 ------

Last notification was received 2018-04-16 13:21:40!
Refresh token thread: Refreshing tokens

Notification scanner thread: Last check was done: 2018-04-16 20:21:29.398062

Notification scanner thread: Scanning for notifications

Notification scanner thread: Scanning Albert.

DO WE HAVE ACCESS TOKEN? Pxf4gBp7K8t03PYUt9vaFG0FPQAnpH
IS IT EXPIRED? {'day': 16, 'month': 4, 'year': 2018, 'hour': 20, 'minute': 29, 'second': 18}
IS IT CONSIDERED TO BE EXPIRED? False

 -------------- TOTAL NUMBER OF AVISOS OF USER Albert: 53 -------------

Not new avisos: 53

 ----- TOTAL NUMBER OF AVISOS AFTER FILTERING OF USER Albert: 0 ------

Notification scanner thread: Scanning Carla.

DO WE HAVE ACCESS TOKEN? zO55MMKCsggEHnNtgccpTLTBTDATPw
IS IT EXPIRED? {'day': 16, 'month': 4, 'year': 2018, 'hour': 20, 'minute': 29, 'second': 19}
IS IT CONSIDERED TO BE EXPIRED? False

 -------------- TOTAL NUMBER OF AVISOS OF USER Carla: 35 -------------

Not new avisos: 35

 ----- TOTAL NUMBER OF AVISOS AFTER FILTERING OF USER Carla: 0 ------

Notification scanner thread: Scanning Joel.

DO WE HAVE ACCESS TOKEN? Y8BE3dDLEKfqqrbhRAGGkl5JESk9zu
IS IT EXPIRED? {'day': 16, 'month': 4, 'year': 2018, 'hour': 20, 'minute': 29, 'second': 19}
IS IT CONSIDERED TO BE EXPIRED? False

 -------------- TOTAL NUMBER OF AVISOS OF USER Joel: 19 -------------

Not new avisos: 19

 ----- TOTAL NUMBER OF AVISOS AFTER FILTERING OF USER Joel: 0 ------

Notification scanner thread: Scanning VÝctor.

DO WE HAVE ACCESS TOKEN? buvb7h1ovUWbrFI9pmfaipZPYrggMT
IS IT EXPIRED? {'day': 16, 'month': 4, 'year': 2018, 'hour': 20, 'minute': 29, 'second': 19}
IS IT CONSIDERED TO BE EXPIRED? False

 -------------- TOTAL NUMBER OF AVISOS OF USER VÝctor: 10 -------------

Not new avisos: 10

 ----- TOTAL NUMBER OF AVISOS AFTER FILTERING OF USER VÝctor: 0 ------

Last notification was received 2018-04-16 13:21:40!
Refresh token thread: Refreshing tokens

Notification scanner thread: Last check was done: 2018-04-16 20:22:03.978092

Notification scanner thread: Scanning for notifications

Notification scanner thread: Scanning Albert.

DO WE HAVE ACCESS TOKEN? Pxf4gBp7K8t03PYUt9vaFG0FPQAnpH
IS IT EXPIRED? {'day': 16, 'month': 4, 'year': 2018, 'hour': 20, 'minute': 29, 'second': 18}
IS IT CONSIDERED TO BE EXPIRED? False

 -------------- TOTAL NUMBER OF AVISOS OF USER Albert: 53 -------------

Not new avisos: 53

 ----- TOTAL NUMBER OF AVISOS AFTER FILTERING OF USER Albert: 0 ------

Notification scanner thread: Scanning Carla.

DO WE HAVE ACCESS TOKEN? zO55MMKCsggEHnNtgccpTLTBTDATPw
IS IT EXPIRED? {'day': 16, 'month': 4, 'year': 2018, 'hour': 20, 'minute': 29, 'second': 19}
IS IT CONSIDERED TO BE EXPIRED? False

 -------------- TOTAL NUMBER OF AVISOS OF USER Carla: 35 -------------

Not new avisos: 35

 ----- TOTAL NUMBER OF AVISOS AFTER FILTERING OF USER Carla: 0 ------

Notification scanner thread: Scanning Joel.

DO WE HAVE ACCESS TOKEN? Y8BE3dDLEKfqqrbhRAGGkl5JESk9zu
IS IT EXPIRED? {'day': 16, 'month': 4, 'year': 2018, 'hour': 20, 'minute': 29, 'second': 19}
IS IT CONSIDERED TO BE EXPIRED? False

 -------------- TOTAL NUMBER OF AVISOS OF USER Joel: 19 -------------

Not new avisos: 19

 ----- TOTAL NUMBER OF AVISOS AFTER FILTERING OF USER Joel: 0 ------

Notification scanner thread: Scanning VÝctor.

DO WE HAVE ACCESS TOKEN? buvb7h1ovUWbrFI9pmfaipZPYrggMT
IS IT EXPIRED? {'day': 16, 'month': 4, 'year': 2018, 'hour': 20, 'minute': 29, 'second': 19}
IS IT CONSIDERED TO BE EXPIRED? False

 -------------- TOTAL NUMBER OF AVISOS OF USER VÝctor: 10 -------------

Not new avisos: 10

 ----- TOTAL NUMBER OF AVISOS AFTER FILTERING OF USER VÝctor: 0 ------

Last notification was received 2018-04-16 13:21:40!
Refresh token thread: Refreshing tokens

Notification scanner thread: Last check was done: 2018-04-16 20:22:38.805842

Notification scanner thread: Scanning for notifications

Notification scanner thread: Scanning Albert.

DO WE HAVE ACCESS TOKEN? Pxf4gBp7K8t03PYUt9vaFG0FPQAnpH
IS IT EXPIRED? {'day': 16, 'month': 4, 'year': 2018, 'hour': 20, 'minute': 29, 'second': 18}
IS IT CONSIDERED TO BE EXPIRED? False

 -------------- TOTAL NUMBER OF AVISOS OF USER Albert: 53 -------------

Not new avisos: 53

 ----- TOTAL NUMBER OF AVISOS AFTER FILTERING OF USER Albert: 0 ------

Notification scanner thread: Scanning Carla.

DO WE HAVE ACCESS TOKEN? zO55MMKCsggEHnNtgccpTLTBTDATPw
IS IT EXPIRED? {'day': 16, 'month': 4, 'year': 2018, 'hour': 20, 'minute': 29, 'second': 19}
IS IT CONSIDERED TO BE EXPIRED? False

 -------------- TOTAL NUMBER OF AVISOS OF USER Carla: 35 -------------

Not new avisos: 35

 ----- TOTAL NUMBER OF AVISOS AFTER FILTERING OF USER Carla: 0 ------

Notification scanner thread: Scanning Joel.

DO WE HAVE ACCESS TOKEN? Y8BE3dDLEKfqqrbhRAGGkl5JESk9zu
IS IT EXPIRED? {'day': 16, 'month': 4, 'year': 2018, 'hour': 20, 'minute': 29, 'second': 19}
IS IT CONSIDERED TO BE EXPIRED? False

 -------------- TOTAL NUMBER OF AVISOS OF USER Joel: 19 -------------

Not new avisos: 19

 ----- TOTAL NUMBER OF AVISOS AFTER FILTERING OF USER Joel: 0 ------

Notification scanner thread: Scanning VÝctor.

DO WE HAVE ACCESS TOKEN? buvb7h1ovUWbrFI9pmfaipZPYrggMT
IS IT EXPIRED? {'day': 16, 'month': 4, 'year': 2018, 'hour': 20, 'minute': 29, 'second': 19}
IS IT CONSIDERED TO BE EXPIRED? False

 -------------- TOTAL NUMBER OF AVISOS OF USER VÝctor: 10 -------------

Not new avisos: 10

 ----- TOTAL NUMBER OF AVISOS AFTER FILTERING OF USER VÝctor: 0 ------

Last notification was received 2018-04-16 13:21:40!
Refresh token thread: Refreshing tokens

Notification scanner thread: Last check was done: 2018-04-16 20:23:11.297735

Notification scanner thread: Scanning for notifications

Notification scanner thread: Scanning Albert.

DO WE HAVE ACCESS TOKEN? Pxf4gBp7K8t03PYUt9vaFG0FPQAnpH
IS IT EXPIRED? {'day': 16, 'month': 4, 'year': 2018, 'hour': 20, 'minute': 29, 'second': 18}
IS IT CONSIDERED TO BE EXPIRED? False

 -------------- TOTAL NUMBER OF AVISOS OF USER Albert: 53 -------------

Not new avisos: 53

 ----- TOTAL NUMBER OF AVISOS AFTER FILTERING OF USER Albert: 0 ------

Notification scanner thread: Scanning Carla.

DO WE HAVE ACCESS TOKEN? zO55MMKCsggEHnNtgccpTLTBTDATPw
IS IT EXPIRED? {'day': 16, 'month': 4, 'year': 2018, 'hour': 20, 'minute': 29, 'second': 19}
IS IT CONSIDERED TO BE EXPIRED? False

 -------------- TOTAL NUMBER OF AVISOS OF USER Carla: 35 -------------

Not new avisos: 35

 ----- TOTAL NUMBER OF AVISOS AFTER FILTERING OF USER Carla: 0 ------

Notification scanner thread: Scanning Joel.

DO WE HAVE ACCESS TOKEN? Y8BE3dDLEKfqqrbhRAGGkl5JESk9zu
IS IT EXPIRED? {'day': 16, 'month': 4, 'year': 2018, 'hour': 20, 'minute': 29, 'second': 19}
IS IT CONSIDERED TO BE EXPIRED? False

 -------------- TOTAL NUMBER OF AVISOS OF USER Joel: 19 -------------

Not new avisos: 19

 ----- TOTAL NUMBER OF AVISOS AFTER FILTERING OF USER Joel: 0 ------

Notification scanner thread: Scanning VÝctor.

DO WE HAVE ACCESS TOKEN? buvb7h1ovUWbrFI9pmfaipZPYrggMT
IS IT EXPIRED? {'day': 16, 'month': 4, 'year': 2018, 'hour': 20, 'minute': 29, 'second': 19}
IS IT CONSIDERED TO BE EXPIRED? False

 -------------- TOTAL NUMBER OF AVISOS OF USER VÝctor: 10 -------------

Not new avisos: 10

 ----- TOTAL NUMBER OF AVISOS AFTER FILTERING OF USER VÝctor: 0 ------

Last notification was received 2018-04-16 13:21:40!
Refresh token thread: Refreshing tokens

Notification scanner thread: Last check was done: 2018-04-16 20:23:45.797457

Notification scanner thread: Scanning for notifications

Notification scanner thread: Scanning Albert.

Refresh token thread: Refreshing tokens

DO WE HAVE ACCESS TOKEN? Pxf4gBp7K8t03PYUt9vaFG0FPQAnpH
IS IT EXPIRED? {'day': 16, 'month': 4, 'year': 2018, 'hour': 20, 'minute': 29, 'second': 18}
IS IT CONSIDERED TO BE EXPIRED? False

 -------------- TOTAL NUMBER OF AVISOS OF USER Albert: 53 -------------

Not new avisos: 53

 ----- TOTAL NUMBER OF AVISOS AFTER FILTERING OF USER Albert: 0 ------

Notification scanner thread: Scanning Carla.

DO WE HAVE ACCESS TOKEN? zO55MMKCsggEHnNtgccpTLTBTDATPw
IS IT EXPIRED? {'day': 16, 'month': 4, 'year': 2018, 'hour': 20, 'minute': 29, 'second': 19}
IS IT CONSIDERED TO BE EXPIRED? False

 -------------- TOTAL NUMBER OF AVISOS OF USER Carla: 35 -------------

Not new avisos: 35

 ----- TOTAL NUMBER OF AVISOS AFTER FILTERING OF USER Carla: 0 ------

Notification scanner thread: Scanning Joel.

DO WE HAVE ACCESS TOKEN? Y8BE3dDLEKfqqrbhRAGGkl5JESk9zu
IS IT EXPIRED? {'day': 16, 'month': 4, 'year': 2018, 'hour': 20, 'minute': 29, 'second': 19}
IS IT CONSIDERED TO BE EXPIRED? False

 -------------- TOTAL NUMBER OF AVISOS OF USER Joel: 19 -------------

Not new avisos: 19

 ----- TOTAL NUMBER OF AVISOS AFTER FILTERING OF USER Joel: 0 ------

Notification scanner thread: Scanning VÝctor.

DO WE HAVE ACCESS TOKEN? buvb7h1ovUWbrFI9pmfaipZPYrggMT
IS IT EXPIRED? {'day': 16, 'month': 4, 'year': 2018, 'hour': 20, 'minute': 29, 'second': 19}
IS IT CONSIDERED TO BE EXPIRED? False

 -------------- TOTAL NUMBER OF AVISOS OF USER VÝctor: 10 -------------

Not new avisos: 10

 ----- TOTAL NUMBER OF AVISOS AFTER FILTERING OF USER VÝctor: 0 ------

Last notification was received 2018-04-16 13:21:40!
Refresh token thread: Refreshing tokens

Notification scanner thread: Last check was done: 2018-04-16 20:24:18.325424

Notification scanner thread: Scanning for notifications

Notification scanner thread: Scanning Albert.

DO WE HAVE ACCESS TOKEN? Pxf4gBp7K8t03PYUt9vaFG0FPQAnpH
IS IT EXPIRED? {'day': 16, 'month': 4, 'year': 2018, 'hour': 20, 'minute': 29, 'second': 18}
IS IT CONSIDERED TO BE EXPIRED? False

 -------------- TOTAL NUMBER OF AVISOS OF USER Albert: 53 -------------

Not new avisos: 53

 ----- TOTAL NUMBER OF AVISOS AFTER FILTERING OF USER Albert: 0 ------

Notification scanner thread: Scanning Carla.

DO WE HAVE ACCESS TOKEN? zO55MMKCsggEHnNtgccpTLTBTDATPw
IS IT EXPIRED? {'day': 16, 'month': 4, 'year': 2018, 'hour': 20, 'minute': 29, 'second': 19}
IS IT CONSIDERED TO BE EXPIRED? False

 -------------- TOTAL NUMBER OF AVISOS OF USER Carla: 35 -------------

Not new avisos: 35

 ----- TOTAL NUMBER OF AVISOS AFTER FILTERING OF USER Carla: 0 ------

Notification scanner thread: Scanning Joel.

DO WE HAVE ACCESS TOKEN? Y8BE3dDLEKfqqrbhRAGGkl5JESk9zu
IS IT EXPIRED? {'day': 16, 'month': 4, 'year': 2018, 'hour': 20, 'minute': 29, 'second': 19}
IS IT CONSIDERED TO BE EXPIRED? False

 -------------- TOTAL NUMBER OF AVISOS OF USER Joel: 19 -------------

Not new avisos: 19

 ----- TOTAL NUMBER OF AVISOS AFTER FILTERING OF USER Joel: 0 ------

Notification scanner thread: Scanning VÝctor.

DO WE HAVE ACCESS TOKEN? buvb7h1ovUWbrFI9pmfaipZPYrggMT
IS IT EXPIRED? {'day': 16, 'month': 4, 'year': 2018, 'hour': 20, 'minute': 29, 'second': 19}
IS IT CONSIDERED TO BE EXPIRED? False

 -------------- TOTAL NUMBER OF AVISOS OF USER VÝctor: 10 -------------

Not new avisos: 10

 ----- TOTAL NUMBER OF AVISOS AFTER FILTERING OF USER VÝctor: 0 ------

Last notification was received 2018-04-16 13:21:40!
Refresh token thread: Refreshing tokens

Notification scanner thread: Last check was done: 2018-04-16 20:24:50.809010

Notification scanner thread: Scanning for notifications

Notification scanner thread: Scanning Albert.

DO WE HAVE ACCESS TOKEN? Pxf4gBp7K8t03PYUt9vaFG0FPQAnpH
IS IT EXPIRED? {'day': 16, 'month': 4, 'year': 2018, 'hour': 20, 'minute': 29, 'second': 18}
IS IT CONSIDERED TO BE EXPIRED? False

 -------------- TOTAL NUMBER OF AVISOS OF USER Albert: 53 -------------

Not new avisos: 53

 ----- TOTAL NUMBER OF AVISOS AFTER FILTERING OF USER Albert: 0 ------

Notification scanner thread: Scanning Carla.

DO WE HAVE ACCESS TOKEN? zO55MMKCsggEHnNtgccpTLTBTDATPw
IS IT EXPIRED? {'day': 16, 'month': 4, 'year': 2018, 'hour': 20, 'minute': 29, 'second': 19}
IS IT CONSIDERED TO BE EXPIRED? False

 -------------- TOTAL NUMBER OF AVISOS OF USER Carla: 35 -------------

Not new avisos: 35

 ----- TOTAL NUMBER OF AVISOS AFTER FILTERING OF USER Carla: 0 ------

Notification scanner thread: Scanning Joel.

DO WE HAVE ACCESS TOKEN? Y8BE3dDLEKfqqrbhRAGGkl5JESk9zu
IS IT EXPIRED? {'day': 16, 'month': 4, 'year': 2018, 'hour': 20, 'minute': 29, 'second': 19}
IS IT CONSIDERED TO BE EXPIRED? False

 -------------- TOTAL NUMBER OF AVISOS OF USER Joel: 19 -------------

Not new avisos: 19

 ----- TOTAL NUMBER OF AVISOS AFTER FILTERING OF USER Joel: 0 ------

Notification scanner thread: Scanning VÝctor.

DO WE HAVE ACCESS TOKEN? buvb7h1ovUWbrFI9pmfaipZPYrggMT
IS IT EXPIRED? {'day': 16, 'month': 4, 'year': 2018, 'hour': 20, 'minute': 29, 'second': 19}
IS IT CONSIDERED TO BE EXPIRED? False

 -------------- TOTAL NUMBER OF AVISOS OF USER VÝctor: 10 -------------

Not new avisos: 10

 ----- TOTAL NUMBER OF AVISOS AFTER FILTERING OF USER VÝctor: 0 ------

Last notification was received 2018-04-16 13:21:40!
Refresh token thread: Refreshing tokens

Notification scanner thread: Last check was done: 2018-04-16 20:25:23.328773

Notification scanner thread: Scanning for notifications

Notification scanner thread: Scanning Albert.

DO WE HAVE ACCESS TOKEN? Pxf4gBp7K8t03PYUt9vaFG0FPQAnpH
IS IT EXPIRED? {'day': 16, 'month': 4, 'year': 2018, 'hour': 20, 'minute': 29, 'second': 18}
IS IT CONSIDERED TO BE EXPIRED? False

 -------------- TOTAL NUMBER OF AVISOS OF USER Albert: 53 -------------

Not new avisos: 53

 ----- TOTAL NUMBER OF AVISOS AFTER FILTERING OF USER Albert: 0 ------

Notification scanner thread: Scanning Carla.

DO WE HAVE ACCESS TOKEN? zO55MMKCsggEHnNtgccpTLTBTDATPw
IS IT EXPIRED? {'day': 16, 'month': 4, 'year': 2018, 'hour': 20, 'minute': 29, 'second': 19}
IS IT CONSIDERED TO BE EXPIRED? False

 -------------- TOTAL NUMBER OF AVISOS OF USER Carla: 35 -------------

Not new avisos: 35

 ----- TOTAL NUMBER OF AVISOS AFTER FILTERING OF USER Carla: 0 ------

Notification scanner thread: Scanning Joel.

DO WE HAVE ACCESS TOKEN? Y8BE3dDLEKfqqrbhRAGGkl5JESk9zu
IS IT EXPIRED? {'day': 16, 'month': 4, 'year': 2018, 'hour': 20, 'minute': 29, 'second': 19}
IS IT CONSIDERED TO BE EXPIRED? False

 -------------- TOTAL NUMBER OF AVISOS OF USER Joel: 19 -------------

Not new avisos: 19

 ----- TOTAL NUMBER OF AVISOS AFTER FILTERING OF USER Joel: 0 ------

Notification scanner thread: Scanning VÝctor.

DO WE HAVE ACCESS TOKEN? buvb7h1ovUWbrFI9pmfaipZPYrggMT
IS IT EXPIRED? {'day': 16, 'month': 4, 'year': 2018, 'hour': 20, 'minute': 29, 'second': 19}
IS IT CONSIDERED TO BE EXPIRED? False

 -------------- TOTAL NUMBER OF AVISOS OF USER VÝctor: 10 -------------

Not new avisos: 10

 ----- TOTAL NUMBER OF AVISOS AFTER FILTERING OF USER VÝctor: 0 ------

Last notification was received 2018-04-16 13:21:40!
Refresh token thread: Refreshing tokens

Notification scanner thread: Last check was done: 2018-04-16 20:25:55.922684

Notification scanner thread: Scanning for notifications

Notification scanner thread: Scanning Albert.

DO WE HAVE ACCESS TOKEN? Pxf4gBp7K8t03PYUt9vaFG0FPQAnpH
IS IT EXPIRED? {'day': 16, 'month': 4, 'year': 2018, 'hour': 20, 'minute': 29, 'second': 18}
IS IT CONSIDERED TO BE EXPIRED? False

 -------------- TOTAL NUMBER OF AVISOS OF USER Albert: 53 -------------

Not new avisos: 53

 ----- TOTAL NUMBER OF AVISOS AFTER FILTERING OF USER Albert: 0 ------

Notification scanner thread: Scanning Carla.

DO WE HAVE ACCESS TOKEN? zO55MMKCsggEHnNtgccpTLTBTDATPw
IS IT EXPIRED? {'day': 16, 'month': 4, 'year': 2018, 'hour': 20, 'minute': 29, 'second': 19}
IS IT CONSIDERED TO BE EXPIRED? False

 -------------- TOTAL NUMBER OF AVISOS OF USER Carla: 35 -------------

Not new avisos: 35

 ----- TOTAL NUMBER OF AVISOS AFTER FILTERING OF USER Carla: 0 ------

Notification scanner thread: Scanning Joel.

DO WE HAVE ACCESS TOKEN? Y8BE3dDLEKfqqrbhRAGGkl5JESk9zu
IS IT EXPIRED? {'day': 16, 'month': 4, 'year': 2018, 'hour': 20, 'minute': 29, 'second': 19}
IS IT CONSIDERED TO BE EXPIRED? False

 -------------- TOTAL NUMBER OF AVISOS OF USER Joel: 19 -------------

Not new avisos: 19

 ----- TOTAL NUMBER OF AVISOS AFTER FILTERING OF USER Joel: 0 ------

Notification scanner thread: Scanning VÝctor.

DO WE HAVE ACCESS TOKEN? buvb7h1ovUWbrFI9pmfaipZPYrggMT
IS IT EXPIRED? {'day': 16, 'month': 4, 'year': 2018, 'hour': 20, 'minute': 29, 'second': 19}
IS IT CONSIDERED TO BE EXPIRED? False

 -------------- TOTAL NUMBER OF AVISOS OF USER VÝctor: 10 -------------

Not new avisos: 10

 ----- TOTAL NUMBER OF AVISOS AFTER FILTERING OF USER VÝctor: 0 ------

Last notification was received 2018-04-16 13:21:40!
Refresh token thread: Refreshing tokens

Notification scanner thread: Last check was done: 2018-04-16 20:26:30.439693

Notification scanner thread: Scanning for notifications

Notification scanner thread: Scanning Albert.

DO WE HAVE ACCESS TOKEN? Pxf4gBp7K8t03PYUt9vaFG0FPQAnpH
IS IT EXPIRED? {'day': 16, 'month': 4, 'year': 2018, 'hour': 20, 'minute': 29, 'second': 18}
IS IT CONSIDERED TO BE EXPIRED? False

 -------------- TOTAL NUMBER OF AVISOS OF USER Albert: 53 -------------

Not new avisos: 53

 ----- TOTAL NUMBER OF AVISOS AFTER FILTERING OF USER Albert: 0 ------

Notification scanner thread: Scanning Carla.

DO WE HAVE ACCESS TOKEN? zO55MMKCsggEHnNtgccpTLTBTDATPw
IS IT EXPIRED? {'day': 16, 'month': 4, 'year': 2018, 'hour': 20, 'minute': 29, 'second': 19}
IS IT CONSIDERED TO BE EXPIRED? False

 -------------- TOTAL NUMBER OF AVISOS OF USER Carla: 35 -------------

Not new avisos: 35

 ----- TOTAL NUMBER OF AVISOS AFTER FILTERING OF USER Carla: 0 ------

Notification scanner thread: Scanning Joel.

DO WE HAVE ACCESS TOKEN? Y8BE3dDLEKfqqrbhRAGGkl5JESk9zu
IS IT EXPIRED? {'day': 16, 'month': 4, 'year': 2018, 'hour': 20, 'minute': 29, 'second': 19}
IS IT CONSIDERED TO BE EXPIRED? False

 -------------- TOTAL NUMBER OF AVISOS OF USER Joel: 19 -------------

Not new avisos: 19

 ----- TOTAL NUMBER OF AVISOS AFTER FILTERING OF USER Joel: 0 ------

Notification scanner thread: Scanning VÝctor.

DO WE HAVE ACCESS TOKEN? buvb7h1ovUWbrFI9pmfaipZPYrggMT
IS IT EXPIRED? {'day': 16, 'month': 4, 'year': 2018, 'hour': 20, 'minute': 29, 'second': 19}
IS IT CONSIDERED TO BE EXPIRED? False

 -------------- TOTAL NUMBER OF AVISOS OF USER VÝctor: 10 -------------

Not new avisos: 10

 ----- TOTAL NUMBER OF AVISOS AFTER FILTERING OF USER VÝctor: 0 ------

Last notification was received 2018-04-16 13:21:40!
Refresh token thread: Refreshing tokens

Notification scanner thread: Last check was done: 2018-04-16 20:27:05.008782

Notification scanner thread: Scanning for notifications

Notification scanner thread: Scanning Albert.

DO WE HAVE ACCESS TOKEN? Pxf4gBp7K8t03PYUt9vaFG0FPQAnpH
IS IT EXPIRED? {'day': 16, 'month': 4, 'year': 2018, 'hour': 20, 'minute': 29, 'second': 18}
IS IT CONSIDERED TO BE EXPIRED? False

 -------------- TOTAL NUMBER OF AVISOS OF USER Albert: 53 -------------

Not new avisos: 53

 ----- TOTAL NUMBER OF AVISOS AFTER FILTERING OF USER Albert: 0 ------

Notification scanner thread: Scanning Carla.

DO WE HAVE ACCESS TOKEN? zO55MMKCsggEHnNtgccpTLTBTDATPw
IS IT EXPIRED? {'day': 16, 'month': 4, 'year': 2018, 'hour': 20, 'minute': 29, 'second': 19}
IS IT CONSIDERED TO BE EXPIRED? False

 -------------- TOTAL NUMBER OF AVISOS OF USER Carla: 35 -------------

Not new avisos: 35

 ----- TOTAL NUMBER OF AVISOS AFTER FILTERING OF USER Carla: 0 ------

Notification scanner thread: Scanning Joel.

DO WE HAVE ACCESS TOKEN? Y8BE3dDLEKfqqrbhRAGGkl5JESk9zu
IS IT EXPIRED? {'day': 16, 'month': 4, 'year': 2018, 'hour': 20, 'minute': 29, 'second': 19}
IS IT CONSIDERED TO BE EXPIRED? False

 -------------- TOTAL NUMBER OF AVISOS OF USER Joel: 19 -------------

Not new avisos: 19

 ----- TOTAL NUMBER OF AVISOS AFTER FILTERING OF USER Joel: 0 ------

Notification scanner thread: Scanning VÝctor.

DO WE HAVE ACCESS TOKEN? buvb7h1ovUWbrFI9pmfaipZPYrggMT
IS IT EXPIRED? {'day': 16, 'month': 4, 'year': 2018, 'hour': 20, 'minute': 29, 'second': 19}
IS IT CONSIDERED TO BE EXPIRED? False

 -------------- TOTAL NUMBER OF AVISOS OF USER VÝctor: 10 -------------

Not new avisos: 10

 ----- TOTAL NUMBER OF AVISOS AFTER FILTERING OF USER VÝctor: 0 ------

Last notification was received 2018-04-16 13:21:40!
Refresh token thread: Refreshing tokens

Notification scanner thread: Last check was done: 2018-04-16 20:27:37.665043

Notification scanner thread: Scanning for notifications

Notification scanner thread: Scanning Albert.

DO WE HAVE ACCESS TOKEN? Pxf4gBp7K8t03PYUt9vaFG0FPQAnpH
IS IT EXPIRED? {'day': 16, 'month': 4, 'year': 2018, 'hour': 20, 'minute': 29, 'second': 18}
IS IT CONSIDERED TO BE EXPIRED? False

 -------------- TOTAL NUMBER OF AVISOS OF USER Albert: 53 -------------

Not new avisos: 53

 ----- TOTAL NUMBER OF AVISOS AFTER FILTERING OF USER Albert: 0 ------

Notification scanner thread: Scanning Carla.

DO WE HAVE ACCESS TOKEN? zO55MMKCsggEHnNtgccpTLTBTDATPw
IS IT EXPIRED? {'day': 16, 'month': 4, 'year': 2018, 'hour': 20, 'minute': 29, 'second': 19}
IS IT CONSIDERED TO BE EXPIRED? False

 -------------- TOTAL NUMBER OF AVISOS OF USER Carla: 35 -------------

Not new avisos: 35

 ----- TOTAL NUMBER OF AVISOS AFTER FILTERING OF USER Carla: 0 ------

Notification scanner thread: Scanning Joel.

DO WE HAVE ACCESS TOKEN? Y8BE3dDLEKfqqrbhRAGGkl5JESk9zu
IS IT EXPIRED? {'day': 16, 'month': 4, 'year': 2018, 'hour': 20, 'minute': 29, 'second': 19}
IS IT CONSIDERED TO BE EXPIRED? False

 -------------- TOTAL NUMBER OF AVISOS OF USER Joel: 19 -------------

Not new avisos: 19

 ----- TOTAL NUMBER OF AVISOS AFTER FILTERING OF USER Joel: 0 ------

Notification scanner thread: Scanning VÝctor.

DO WE HAVE ACCESS TOKEN? buvb7h1ovUWbrFI9pmfaipZPYrggMT
IS IT EXPIRED? {'day': 16, 'month': 4, 'year': 2018, 'hour': 20, 'minute': 29, 'second': 19}
IS IT CONSIDERED TO BE EXPIRED? False

 -------------- TOTAL NUMBER OF AVISOS OF USER VÝctor: 10 -------------

Not new avisos: 10

 ----- TOTAL NUMBER OF AVISOS AFTER FILTERING OF USER VÝctor: 0 ------

Last notification was received 2018-04-16 13:21:40!
Refresh token thread: Refreshing tokens

Notification scanner thread: Last check was done: 2018-04-16 20:28:10.169504

Notification scanner thread: Scanning for notifications

Notification scanner thread: Scanning Albert.

DO WE HAVE ACCESS TOKEN? Pxf4gBp7K8t03PYUt9vaFG0FPQAnpH
IS IT EXPIRED? {'day': 16, 'month': 4, 'year': 2018, 'hour': 20, 'minute': 29, 'second': 18}
IS IT CONSIDERED TO BE EXPIRED? False

 -------------- TOTAL NUMBER OF AVISOS OF USER Albert: 53 -------------

Not new avisos: 53

 ----- TOTAL NUMBER OF AVISOS AFTER FILTERING OF USER Albert: 0 ------

Notification scanner thread: Scanning Carla.

DO WE HAVE ACCESS TOKEN? zO55MMKCsggEHnNtgccpTLTBTDATPw
IS IT EXPIRED? {'day': 16, 'month': 4, 'year': 2018, 'hour': 20, 'minute': 29, 'second': 19}
IS IT CONSIDERED TO BE EXPIRED? False

 -------------- TOTAL NUMBER OF AVISOS OF USER Carla: 35 -------------

Not new avisos: 35

 ----- TOTAL NUMBER OF AVISOS AFTER FILTERING OF USER Carla: 0 ------

Notification scanner thread: Scanning Joel.

DO WE HAVE ACCESS TOKEN? Y8BE3dDLEKfqqrbhRAGGkl5JESk9zu
IS IT EXPIRED? {'day': 16, 'month': 4, 'year': 2018, 'hour': 20, 'minute': 29, 'second': 19}
IS IT CONSIDERED TO BE EXPIRED? False

 -------------- TOTAL NUMBER OF AVISOS OF USER Joel: 19 -------------

Not new avisos: 19

 ----- TOTAL NUMBER OF AVISOS AFTER FILTERING OF USER Joel: 0 ------

Notification scanner thread: Scanning VÝctor.

DO WE HAVE ACCESS TOKEN? buvb7h1ovUWbrFI9pmfaipZPYrggMT
IS IT EXPIRED? {'day': 16, 'month': 4, 'year': 2018, 'hour': 20, 'minute': 29, 'second': 19}
IS IT CONSIDERED TO BE EXPIRED? False

 -------------- TOTAL NUMBER OF AVISOS OF USER VÝctor: 10 -------------

Not new avisos: 10

 ----- TOTAL NUMBER OF AVISOS AFTER FILTERING OF USER VÝctor: 0 ------

Last notification was received 2018-04-16 13:21:40!
Refresh token thread: Refreshing tokens

Notification scanner thread: Last check was done: 2018-04-16 20:28:42.567318

Notification scanner thread: Scanning for notifications

Notification scanner thread: Scanning Albert.

DO WE HAVE ACCESS TOKEN? Pxf4gBp7K8t03PYUt9vaFG0FPQAnpH
IS IT EXPIRED? {'day': 16, 'month': 4, 'year': 2018, 'hour': 20, 'minute': 29, 'second': 18}
IS IT CONSIDERED TO BE EXPIRED? True

 -------------- TOTAL NUMBER OF AVISOS OF USER Albert: 53 -------------

Not new avisos: 53

 ----- TOTAL NUMBER OF AVISOS AFTER FILTERING OF USER Albert: 0 ------

Notification scanner thread: Scanning Carla.

DO WE HAVE ACCESS TOKEN? zO55MMKCsggEHnNtgccpTLTBTDATPw
IS IT EXPIRED? {'day': 16, 'month': 4, 'year': 2018, 'hour': 20, 'minute': 29, 'second': 19}
IS IT CONSIDERED TO BE EXPIRED? True

 -------------- TOTAL NUMBER OF AVISOS OF USER Carla: 35 -------------

Not new avisos: 35

 ----- TOTAL NUMBER OF AVISOS AFTER FILTERING OF USER Carla: 0 ------

Notification scanner thread: Scanning Joel.

Refresh token thread: Refreshing tokens

Refresh token thread: Refreshing token for Albert

This is the callback from refreshment {'access_token': 'YlCHW1lWB7SdgfKe8PBkJtC1vZINdT', 'refresh_token': 'xaDhfFyUEUxumO4zPePBODiNvGp3p2', 'expire_time_end': {'day': 17, 'month': 4, 'year': 2018, 'hour': 6, 'minute': 28, 'second': 46}, 'logged': True}
Dumping data
{'461088493': {'name': 'Albert', 'language': 'ca', 'access_token': 'YlCHW1lWB7SdgfKe8PBkJtC1vZINdT', 'refresh_token': 'xaDhfFyUEUxumO4zPePBODiNvGp3p2', 'current_state': '0', 'expire_time_end': {'day': 17, 'month': 4, 'year': 2018, 'hour': 6, 'minute': 28, 'second': 46}, 'logged': True, 'notifications': True}, '349611162': {'name': 'Carla', 'language': 'ca', 'access_token': 'zO55MMKCsggEHnNtgccpTLTBTDATPw', 'refresh_token': 'teKCWI1HpV0TV4itoyAR9Frv81EMf2', 'current_state': '0', 'expire_time_end': {'day': 16, 'month': 4, 'year': 2018, 'hour': 20, 'minute': 29, 'second': 19}, 'logged': True, 'notifications': True}, '312420157': {'name': 'Joel', 'language': 'ca', 'access_token': 'Y8BE3dDLEKfqqrbhRAGGkl5JESk9zu', 'refresh_token': 'kkFnYU4Kvtfg5EUVWCBYwvs0gFUfEw', 'current_state': '0', 'expire_time_end': {'day': 16, 'month': 4, 'year': 2018, 'hour': 20, 'minute': 29, 'second': 19}, 'logged': True, 'notifications': True}, '469557458': {'name': 'VÝctor', 'language': 'ca', 'access_token': 'buvb7h1ovUWbrFI9pmfaipZPYrggMT', 'refresh_token': 'cKDYH3Q4OV1USv4O2txwYuZkGwKbe0', 'current_state': '0', 'expire_time_end': {'day': 16, 'month': 4, 'year': 2018, 'hour': 20, 'minute': 29, 'second': 19}, 'logged': True, 'notifications': True}}
Refresh token thread: Refreshed token successfully!

Refresh token thread: Refreshing token for Carla

DO WE HAVE ACCESS TOKEN? Y8BE3dDLEKfqqrbhRAGGkl5JESk9zu
IS IT EXPIRED? {'day': 16, 'month': 4, 'year': 2018, 'hour': 20, 'minute': 29, 'second': 19}
IS IT CONSIDERED TO BE EXPIRED? True

 -------------- TOTAL NUMBER OF AVISOS OF USER Joel: 19 -------------

Not new avisos: 19

 ----- TOTAL NUMBER OF AVISOS AFTER FILTERING OF USER Joel: 0 ------

Notification scanner thread: Scanning VÝctor.

This is the callback from refreshment {'access_token': 'BM91rKFhvBxoRrBUPMirKjPXdQMHRA', 'refresh_token': 'Snxbta67XP8vHe2wjI8YWLdYSlh7ZW', 'expire_time_end': {'day': 17, 'month': 4, 'year': 2018, 'hour': 6, 'minute': 28, 'second': 46}, 'logged': True}
Dumping data
{'461088493': {'name': 'Albert', 'language': 'ca', 'access_token': 'YlCHW1lWB7SdgfKe8PBkJtC1vZINdT', 'refresh_token': 'xaDhfFyUEUxumO4zPePBODiNvGp3p2', 'current_state': '0', 'expire_time_end': {'day': 17, 'month': 4, 'year': 2018, 'hour': 6, 'minute': 28, 'second': 46}, 'logged': True, 'notifications': True}, '349611162': {'name': 'Carla', 'language': 'ca', 'access_token': 'BM91rKFhvBxoRrBUPMirKjPXdQMHRA', 'refresh_token': 'Snxbta67XP8vHe2wjI8YWLdYSlh7ZW', 'current_state': '0', 'expire_time_end': {'day': 17, 'month': 4, 'year': 2018, 'hour': 6, 'minute': 28, 'second': 46}, 'logged': True, 'notifications': True}, '312420157': {'name': 'Joel', 'language': 'ca', 'access_token': 'Y8BE3dDLEKfqqrbhRAGGkl5JESk9zu', 'refresh_token': 'kkFnYU4Kvtfg5EUVWCBYwvs0gFUfEw', 'current_state': '0', 'expire_time_end': {'day': 16, 'month': 4, 'year': 2018, 'hour': 20, 'minute': 29, 'second': 19}, 'logged': True, 'notifications': True}, '469557458': {'name': 'VÝctor', 'language': 'ca', 'access_token': 'buvb7h1ovUWbrFI9pmfaipZPYrggMT', 'refresh_token': 'cKDYH3Q4OV1USv4O2txwYuZkGwKbe0', 'current_state': '0', 'expire_time_end': {'day': 16, 'month': 4, 'year': 2018, 'hour': 20, 'minute': 29, 'second': 19}, 'logged': True, 'notifications': True}}
Refresh token thread: Refreshed token successfully!

Refresh token thread: Refreshing token for Joel

This is the callback from refreshment {'access_token': 'bb8T461ApiG7P3cxpMq82cj2YDfhkn', 'refresh_token': 'Zo8nJRG4v3fUx0H6eGip4jaUzrUkqJ', 'expire_time_end': {'day': 17, 'month': 4, 'year': 2018, 'hour': 6, 'minute': 28, 'second': 46}, 'logged': True}
Dumping data
{'461088493': {'name': 'Albert', 'language': 'ca', 'access_token': 'YlCHW1lWB7SdgfKe8PBkJtC1vZINdT', 'refresh_token': 'xaDhfFyUEUxumO4zPePBODiNvGp3p2', 'current_state': '0', 'expire_time_end': {'day': 17, 'month': 4, 'year': 2018, 'hour': 6, 'minute': 28, 'second': 46}, 'logged': True, 'notifications': True}, '349611162': {'name': 'Carla', 'language': 'ca', 'access_token': 'BM91rKFhvBxoRrBUPMirKjPXdQMHRA', 'refresh_token': 'Snxbta67XP8vHe2wjI8YWLdYSlh7ZW', 'current_state': '0', 'expire_time_end': {'day': 17, 'month': 4, 'year': 2018, 'hour': 6, 'minute': 28, 'second': 46}, 'logged': True, 'notifications': True}, '312420157': {'name': 'Joel', 'language': 'ca', 'access_token': 'bb8T461ApiG7P3cxpMq82cj2YDfhkn', 'refresh_token': 'Zo8nJRG4v3fUx0H6eGip4jaUzrUkqJ', 'current_state': '0', 'expire_time_end': {'day': 17, 'month': 4, 'year': 2018, 'hour': 6, 'minute': 28, 'second': 46}, 'logged': True, 'notifications': True}, '469557458': {'name': 'VÝctor', 'language': 'ca', 'access_token': 'buvb7h1ovUWbrFI9pmfaipZPYrggMT', 'refresh_token': 'cKDYH3Q4OV1USv4O2txwYuZkGwKbe0', 'current_state': '0', 'expire_time_end': {'day': 16, 'month': 4, 'year': 2018, 'hour': 20, 'minute': 29, 'second': 19}, 'logged': True, 'notifications': True}}
Refresh token thread: Refreshed token successfully!

Refresh token thread: Refreshing token for VÝctor

This is the callback from refreshment {'access_token': '01K3WoNEiYlWqY0oEksVvv52SShxoz', 'refresh_token': 'rAn29Qenpg1k8ImL5YcvxbEifxNUqq', 'expire_time_end': {'day': 17, 'month': 4, 'year': 2018, 'hour': 6, 'minute': 28, 'second': 46}, 'logged': True}
Dumping data
{'461088493': {'name': 'Albert', 'language': 'ca', 'access_token': 'YlCHW1lWB7SdgfKe8PBkJtC1vZINdT', 'refresh_token': 'xaDhfFyUEUxumO4zPePBODiNvGp3p2', 'current_state': '0', 'expire_time_end': {'day': 17, 'month': 4, 'year': 2018, 'hour': 6, 'minute': 28, 'second': 46}, 'logged': True, 'notifications': True}, '349611162': {'name': 'Carla', 'language': 'ca', 'access_token': 'BM91rKFhvBxoRrBUPMirKjPXdQMHRA', 'refresh_token': 'Snxbta67XP8vHe2wjI8YWLdYSlh7ZW', 'current_state': '0', 'expire_time_end': {'day': 17, 'month': 4, 'year': 2018, 'hour': 6, 'minute': 28, 'second': 46}, 'logged': True, 'notifications': True}, '312420157': {'name': 'Joel', 'language': 'ca', 'access_token': 'bb8T461ApiG7P3cxpMq82cj2YDfhkn', 'refresh_token': 'Zo8nJRG4v3fUx0H6eGip4jaUzrUkqJ', 'current_state': '0', 'expire_time_end': {'day': 17, 'month': 4, 'year': 2018, 'hour': 6, 'minute': 28, 'second': 46}, 'logged': True, 'notifications': True}, '469557458': {'name': 'VÝctor', 'language': 'ca', 'access_token': '01K3WoNEiYlWqY0oEksVvv52SShxoz', 'refresh_token': 'rAn29Qenpg1k8ImL5YcvxbEifxNUqq', 'current_state': '0', 'expire_time_end': {'day': 17, 'month': 4, 'year': 2018, 'hour': 6, 'minute': 28, 'second': 46}, 'logged': True, 'notifications': True}}
Refresh token thread: Refreshed token successfully!

DO WE HAVE ACCESS TOKEN? buvb7h1ovUWbrFI9pmfaipZPYrggMT
IS IT EXPIRED? {'day': 16, 'month': 4, 'year': 2018, 'hour': 20, 'minute': 29, 'second': 19}
IS IT CONSIDERED TO BE EXPIRED? True

 -------------- TOTAL NUMBER OF AVISOS OF USER VÝctor: 10 -------------

Not new avisos: 10

 ----- TOTAL NUMBER OF AVISOS AFTER FILTERING OF USER VÝctor: 0 ------

Last notification was received 2018-04-16 13:21:40!
Refresh token thread: Refreshing tokens

Notification scanner thread: Last check was done: 2018-04-16 20:29:17.099418

Notification scanner thread: Scanning for notifications

Notification scanner thread: Scanning Albert.

DO WE HAVE ACCESS TOKEN? YlCHW1lWB7SdgfKe8PBkJtC1vZINdT
IS IT EXPIRED? {'day': 17, 'month': 4, 'year': 2018, 'hour': 6, 'minute': 28, 'second': 46}
IS IT CONSIDERED TO BE EXPIRED? False

 -------------- TOTAL NUMBER OF AVISOS OF USER Albert: 53 -------------

Not new avisos: 53

 ----- TOTAL NUMBER OF AVISOS AFTER FILTERING OF USER Albert: 0 ------

Notification scanner thread: Scanning Carla.

DO WE HAVE ACCESS TOKEN? BM91rKFhvBxoRrBUPMirKjPXdQMHRA
IS IT EXPIRED? {'day': 17, 'month': 4, 'year': 2018, 'hour': 6, 'minute': 28, 'second': 46}
IS IT CONSIDERED TO BE EXPIRED? False

 -------------- TOTAL NUMBER OF AVISOS OF USER Carla: 35 -------------

Not new avisos: 35

 ----- TOTAL NUMBER OF AVISOS AFTER FILTERING OF USER Carla: 0 ------

Notification scanner thread: Scanning Joel.

DO WE HAVE ACCESS TOKEN? bb8T461ApiG7P3cxpMq82cj2YDfhkn
IS IT EXPIRED? {'day': 17, 'month': 4, 'year': 2018, 'hour': 6, 'minute': 28, 'second': 46}
IS IT CONSIDERED TO BE EXPIRED? False

 -------------- TOTAL NUMBER OF AVISOS OF USER Joel: 19 -------------

Not new avisos: 19

 ----- TOTAL NUMBER OF AVISOS AFTER FILTERING OF USER Joel: 0 ------

Notification scanner thread: Scanning VÝctor.

DO WE HAVE ACCESS TOKEN? 01K3WoNEiYlWqY0oEksVvv52SShxoz
IS IT EXPIRED? {'day': 17, 'month': 4, 'year': 2018, 'hour': 6, 'minute': 28, 'second': 46}
IS IT CONSIDERED TO BE EXPIRED? False

 -------------- TOTAL NUMBER OF AVISOS OF USER VÝctor: 10 -------------

Not new avisos: 10

 ----- TOTAL NUMBER OF AVISOS AFTER FILTERING OF USER VÝctor: 0 ------

Last notification was received 2018-04-16 13:21:40!
Refresh token thread: Refreshing tokens

Notification scanner thread: Last check was done: 2018-04-16 20:29:49.605141

Notification scanner thread: Scanning for notifications

Notification scanner thread: Scanning Albert.

DO WE HAVE ACCESS TOKEN? YlCHW1lWB7SdgfKe8PBkJtC1vZINdT
IS IT EXPIRED? {'day': 17, 'month': 4, 'year': 2018, 'hour': 6, 'minute': 28, 'second': 46}
IS IT CONSIDERED TO BE EXPIRED? False

 -------------- TOTAL NUMBER OF AVISOS OF USER Albert: 53 -------------

Not new avisos: 53

 ----- TOTAL NUMBER OF AVISOS AFTER FILTERING OF USER Albert: 0 ------

Notification scanner thread: Scanning Carla.

DO WE HAVE ACCESS TOKEN? BM91rKFhvBxoRrBUPMirKjPXdQMHRA
IS IT EXPIRED? {'day': 17, 'month': 4, 'year': 2018, 'hour': 6, 'minute': 28, 'second': 46}
IS IT CONSIDERED TO BE EXPIRED? False

 -------------- TOTAL NUMBER OF AVISOS OF USER Carla: 35 -------------

Not new avisos: 35

 ----- TOTAL NUMBER OF AVISOS AFTER FILTERING OF USER Carla: 0 ------

Notification scanner thread: Scanning Joel.

DO WE HAVE ACCESS TOKEN? bb8T461ApiG7P3cxpMq82cj2YDfhkn
IS IT EXPIRED? {'day': 17, 'month': 4, 'year': 2018, 'hour': 6, 'minute': 28, 'second': 46}
IS IT CONSIDERED TO BE EXPIRED? False

 -------------- TOTAL NUMBER OF AVISOS OF USER Joel: 19 -------------

Not new avisos: 19

 ----- TOTAL NUMBER OF AVISOS AFTER FILTERING OF USER Joel: 0 ------

Notification scanner thread: Scanning VÝctor.

DO WE HAVE ACCESS TOKEN? 01K3WoNEiYlWqY0oEksVvv52SShxoz
IS IT EXPIRED? {'day': 17, 'month': 4, 'year': 2018, 'hour': 6, 'minute': 28, 'second': 46}
IS IT CONSIDERED TO BE EXPIRED? False

 -------------- TOTAL NUMBER OF AVISOS OF USER VÝctor: 10 -------------

Not new avisos: 10

 ----- TOTAL NUMBER OF AVISOS AFTER FILTERING OF USER VÝctor: 0 ------

Last notification was received 2018-04-16 13:21:40!
Refresh token thread: Refreshing tokens

Notification scanner thread: Last check was done: 2018-04-16 20:30:24.277471

Notification scanner thread: Scanning for notifications

Notification scanner thread: Scanning Albert.

DO WE HAVE ACCESS TOKEN? YlCHW1lWB7SdgfKe8PBkJtC1vZINdT
IS IT EXPIRED? {'day': 17, 'month': 4, 'year': 2018, 'hour': 6, 'minute': 28, 'second': 46}
IS IT CONSIDERED TO BE EXPIRED? False

 -------------- TOTAL NUMBER OF AVISOS OF USER Albert: 53 -------------

Not new avisos: 53

 ----- TOTAL NUMBER OF AVISOS AFTER FILTERING OF USER Albert: 0 ------

Notification scanner thread: Scanning Carla.

DO WE HAVE ACCESS TOKEN? BM91rKFhvBxoRrBUPMirKjPXdQMHRA
IS IT EXPIRED? {'day': 17, 'month': 4, 'year': 2018, 'hour': 6, 'minute': 28, 'second': 46}
IS IT CONSIDERED TO BE EXPIRED? False

 -------------- TOTAL NUMBER OF AVISOS OF USER Carla: 35 -------------

Not new avisos: 35

 ----- TOTAL NUMBER OF AVISOS AFTER FILTERING OF USER Carla: 0 ------

Notification scanner thread: Scanning Joel.

DO WE HAVE ACCESS TOKEN? bb8T461ApiG7P3cxpMq82cj2YDfhkn
IS IT EXPIRED? {'day': 17, 'month': 4, 'year': 2018, 'hour': 6, 'minute': 28, 'second': 46}
IS IT CONSIDERED TO BE EXPIRED? False

 -------------- TOTAL NUMBER OF AVISOS OF USER Joel: 19 -------------

Not new avisos: 19

 ----- TOTAL NUMBER OF AVISOS AFTER FILTERING OF USER Joel: 0 ------

Notification scanner thread: Scanning VÝctor.

DO WE HAVE ACCESS TOKEN? 01K3WoNEiYlWqY0oEksVvv52SShxoz
IS IT EXPIRED? {'day': 17, 'month': 4, 'year': 2018, 'hour': 6, 'minute': 28, 'second': 46}
IS IT CONSIDERED TO BE EXPIRED? False

 -------------- TOTAL NUMBER OF AVISOS OF USER VÝctor: 10 -------------

Not new avisos: 10

 ----- TOTAL NUMBER OF AVISOS AFTER FILTERING OF USER VÝctor: 0 ------

Last notification was received 2018-04-16 13:21:40!
Refresh token thread: Refreshing tokens

Notification scanner thread: Last check was done: 2018-04-16 20:30:56.680442

Notification scanner thread: Scanning for notifications

Notification scanner thread: Scanning Albert.

DO WE HAVE ACCESS TOKEN? YlCHW1lWB7SdgfKe8PBkJtC1vZINdT
IS IT EXPIRED? {'day': 17, 'month': 4, 'year': 2018, 'hour': 6, 'minute': 28, 'second': 46}
IS IT CONSIDERED TO BE EXPIRED? False

 -------------- TOTAL NUMBER OF AVISOS OF USER Albert: 53 -------------

Not new avisos: 53

 ----- TOTAL NUMBER OF AVISOS AFTER FILTERING OF USER Albert: 0 ------

Notification scanner thread: Scanning Carla.

DO WE HAVE ACCESS TOKEN? BM91rKFhvBxoRrBUPMirKjPXdQMHRA
IS IT EXPIRED? {'day': 17, 'month': 4, 'year': 2018, 'hour': 6, 'minute': 28, 'second': 46}
IS IT CONSIDERED TO BE EXPIRED? False

 -------------- TOTAL NUMBER OF AVISOS OF USER Carla: 35 -------------

Not new avisos: 35

 ----- TOTAL NUMBER OF AVISOS AFTER FILTERING OF USER Carla: 0 ------

Notification scanner thread: Scanning Joel.

DO WE HAVE ACCESS TOKEN? bb8T461ApiG7P3cxpMq82cj2YDfhkn
IS IT EXPIRED? {'day': 17, 'month': 4, 'year': 2018, 'hour': 6, 'minute': 28, 'second': 46}
IS IT CONSIDERED TO BE EXPIRED? False

 -------------- TOTAL NUMBER OF AVISOS OF USER Joel: 19 -------------

Not new avisos: 19

 ----- TOTAL NUMBER OF AVISOS AFTER FILTERING OF USER Joel: 0 ------

Notification scanner thread: Scanning VÝctor.

DO WE HAVE ACCESS TOKEN? 01K3WoNEiYlWqY0oEksVvv52SShxoz
IS IT EXPIRED? {'day': 17, 'month': 4, 'year': 2018, 'hour': 6, 'minute': 28, 'second': 46}
IS IT CONSIDERED TO BE EXPIRED? False

 -------------- TOTAL NUMBER OF AVISOS OF USER VÝctor: 10 -------------

Not new avisos: 10

 ----- TOTAL NUMBER OF AVISOS AFTER FILTERING OF USER VÝctor: 0 ------

Last notification was received 2018-04-16 13:21:40!
Refresh token thread: Refreshing tokens

Notification scanner thread: Last check was done: 2018-04-16 20:31:29.282969

Notification scanner thread: Scanning for notifications

Notification scanner thread: Scanning Albert.

DO WE HAVE ACCESS TOKEN? YlCHW1lWB7SdgfKe8PBkJtC1vZINdT
IS IT EXPIRED? {'day': 17, 'month': 4, 'year': 2018, 'hour': 6, 'minute': 28, 'second': 46}
IS IT CONSIDERED TO BE EXPIRED? False

 -------------- TOTAL NUMBER OF AVISOS OF USER Albert: 53 -------------

Not new avisos: 53

 ----- TOTAL NUMBER OF AVISOS AFTER FILTERING OF USER Albert: 0 ------

Notification scanner thread: Scanning Carla.

DO WE HAVE ACCESS TOKEN? BM91rKFhvBxoRrBUPMirKjPXdQMHRA
IS IT EXPIRED? {'day': 17, 'month': 4, 'year': 2018, 'hour': 6, 'minute': 28, 'second': 46}
IS IT CONSIDERED TO BE EXPIRED? False

 -------------- TOTAL NUMBER OF AVISOS OF USER Carla: 35 -------------

Not new avisos: 35

 ----- TOTAL NUMBER OF AVISOS AFTER FILTERING OF USER Carla: 0 ------

Notification scanner thread: Scanning Joel.

DO WE HAVE ACCESS TOKEN? bb8T461ApiG7P3cxpMq82cj2YDfhkn
IS IT EXPIRED? {'day': 17, 'month': 4, 'year': 2018, 'hour': 6, 'minute': 28, 'second': 46}
IS IT CONSIDERED TO BE EXPIRED? False

 -------------- TOTAL NUMBER OF AVISOS OF USER Joel: 19 -------------

Not new avisos: 19

 ----- TOTAL NUMBER OF AVISOS AFTER FILTERING OF USER Joel: 0 ------

Notification scanner thread: Scanning VÝctor.

DO WE HAVE ACCESS TOKEN? 01K3WoNEiYlWqY0oEksVvv52SShxoz
IS IT EXPIRED? {'day': 17, 'month': 4, 'year': 2018, 'hour': 6, 'minute': 28, 'second': 46}
IS IT CONSIDERED TO BE EXPIRED? False

 -------------- TOTAL NUMBER OF AVISOS OF USER VÝctor: 10 -------------

Not new avisos: 10

 ----- TOTAL NUMBER OF AVISOS AFTER FILTERING OF USER VÝctor: 0 ------

Last notification was received 2018-04-16 13:21:40!
Refresh token thread: Refreshing tokens

Notification scanner thread: Last check was done: 2018-04-16 20:32:05.796680

Notification scanner thread: Scanning for notifications

Notification scanner thread: Scanning Albert.

DO WE HAVE ACCESS TOKEN? YlCHW1lWB7SdgfKe8PBkJtC1vZINdT
IS IT EXPIRED? {'day': 17, 'month': 4, 'year': 2018, 'hour': 6, 'minute': 28, 'second': 46}
IS IT CONSIDERED TO BE EXPIRED? False

 -------------- TOTAL NUMBER OF AVISOS OF USER Albert: 53 -------------

Not new avisos: 53

 ----- TOTAL NUMBER OF AVISOS AFTER FILTERING OF USER Albert: 0 ------

Notification scanner thread: Scanning Carla.

DO WE HAVE ACCESS TOKEN? BM91rKFhvBxoRrBUPMirKjPXdQMHRA
IS IT EXPIRED? {'day': 17, 'month': 4, 'year': 2018, 'hour': 6, 'minute': 28, 'second': 46}
IS IT CONSIDERED TO BE EXPIRED? False

 -------------- TOTAL NUMBER OF AVISOS OF USER Carla: 35 -------------

Not new avisos: 35

 ----- TOTAL NUMBER OF AVISOS AFTER FILTERING OF USER Carla: 0 ------

Notification scanner thread: Scanning Joel.

DO WE HAVE ACCESS TOKEN? bb8T461ApiG7P3cxpMq82cj2YDfhkn
IS IT EXPIRED? {'day': 17, 'month': 4, 'year': 2018, 'hour': 6, 'minute': 28, 'second': 46}
IS IT CONSIDERED TO BE EXPIRED? False

 -------------- TOTAL NUMBER OF AVISOS OF USER Joel: 19 -------------

Not new avisos: 19

 ----- TOTAL NUMBER OF AVISOS AFTER FILTERING OF USER Joel: 0 ------

Notification scanner thread: Scanning VÝctor.

DO WE HAVE ACCESS TOKEN? 01K3WoNEiYlWqY0oEksVvv52SShxoz
IS IT EXPIRED? {'day': 17, 'month': 4, 'year': 2018, 'hour': 6, 'minute': 28, 'second': 46}
IS IT CONSIDERED TO BE EXPIRED? False

 -------------- TOTAL NUMBER OF AVISOS OF USER VÝctor: 10 -------------

Not new avisos: 10

 ----- TOTAL NUMBER OF AVISOS AFTER FILTERING OF USER VÝctor: 0 ------

Last notification was received 2018-04-16 13:21:40!
Refresh token thread: Refreshing tokens

Notification scanner thread: Last check was done: 2018-04-16 20:32:38.636854

Notification scanner thread: Scanning for notifications

Notification scanner thread: Scanning Albert.

DO WE HAVE ACCESS TOKEN? YlCHW1lWB7SdgfKe8PBkJtC1vZINdT
IS IT EXPIRED? {'day': 17, 'month': 4, 'year': 2018, 'hour': 6, 'minute': 28, 'second': 46}
IS IT CONSIDERED TO BE EXPIRED? False

 -------------- TOTAL NUMBER OF AVISOS OF USER Albert: 53 -------------

Not new avisos: 53

 ----- TOTAL NUMBER OF AVISOS AFTER FILTERING OF USER Albert: 0 ------

Notification scanner thread: Scanning Carla.

DO WE HAVE ACCESS TOKEN? BM91rKFhvBxoRrBUPMirKjPXdQMHRA
IS IT EXPIRED? {'day': 17, 'month': 4, 'year': 2018, 'hour': 6, 'minute': 28, 'second': 46}
IS IT CONSIDERED TO BE EXPIRED? False

 -------------- TOTAL NUMBER OF AVISOS OF USER Carla: 35 -------------

Not new avisos: 35

 ----- TOTAL NUMBER OF AVISOS AFTER FILTERING OF USER Carla: 0 ------

Notification scanner thread: Scanning Joel.

DO WE HAVE ACCESS TOKEN? bb8T461ApiG7P3cxpMq82cj2YDfhkn
IS IT EXPIRED? {'day': 17, 'month': 4, 'year': 2018, 'hour': 6, 'minute': 28, 'second': 46}
IS IT CONSIDERED TO BE EXPIRED? False

 -------------- TOTAL NUMBER OF AVISOS OF USER Joel: 19 -------------

Not new avisos: 19

 ----- TOTAL NUMBER OF AVISOS AFTER FILTERING OF USER Joel: 0 ------

Notification scanner thread: Scanning VÝctor.

DO WE HAVE ACCESS TOKEN? 01K3WoNEiYlWqY0oEksVvv52SShxoz
IS IT EXPIRED? {'day': 17, 'month': 4, 'year': 2018, 'hour': 6, 'minute': 28, 'second': 46}
IS IT CONSIDERED TO BE EXPIRED? False

 -------------- TOTAL NUMBER OF AVISOS OF USER VÝctor: 10 -------------

Not new avisos: 10

 ----- TOTAL NUMBER OF AVISOS AFTER FILTERING OF USER VÝctor: 0 ------

Last notification was received 2018-04-16 13:21:40!
Refresh token thread: Refreshing tokens

Notification scanner thread: Last check was done: 2018-04-16 20:33:13.187095

Notification scanner thread: Scanning for notifications

Notification scanner thread: Scanning Albert.

DO WE HAVE ACCESS TOKEN? YlCHW1lWB7SdgfKe8PBkJtC1vZINdT
IS IT EXPIRED? {'day': 17, 'month': 4, 'year': 2018, 'hour': 6, 'minute': 28, 'second': 46}
IS IT CONSIDERED TO BE EXPIRED? False

 -------------- TOTAL NUMBER OF AVISOS OF USER Albert: 53 -------------

Not new avisos: 53

 ----- TOTAL NUMBER OF AVISOS AFTER FILTERING OF USER Albert: 0 ------

Notification scanner thread: Scanning Carla.

DO WE HAVE ACCESS TOKEN? BM91rKFhvBxoRrBUPMirKjPXdQMHRA
IS IT EXPIRED? {'day': 17, 'month': 4, 'year': 2018, 'hour': 6, 'minute': 28, 'second': 46}
IS IT CONSIDERED TO BE EXPIRED? False

 -------------- TOTAL NUMBER OF AVISOS OF USER Carla: 35 -------------

Not new avisos: 35

 ----- TOTAL NUMBER OF AVISOS AFTER FILTERING OF USER Carla: 0 ------

Notification scanner thread: Scanning Joel.

DO WE HAVE ACCESS TOKEN? bb8T461ApiG7P3cxpMq82cj2YDfhkn
IS IT EXPIRED? {'day': 17, 'month': 4, 'year': 2018, 'hour': 6, 'minute': 28, 'second': 46}
IS IT CONSIDERED TO BE EXPIRED? False

 -------------- TOTAL NUMBER OF AVISOS OF USER Joel: 19 -------------

Not new avisos: 19

 ----- TOTAL NUMBER OF AVISOS AFTER FILTERING OF USER Joel: 0 ------

Notification scanner thread: Scanning VÝctor.

DO WE HAVE ACCESS TOKEN? 01K3WoNEiYlWqY0oEksVvv52SShxoz
IS IT EXPIRED? {'day': 17, 'month': 4, 'year': 2018, 'hour': 6, 'minute': 28, 'second': 46}
IS IT CONSIDERED TO BE EXPIRED? False

 -------------- TOTAL NUMBER OF AVISOS OF USER VÝctor: 10 -------------

Not new avisos: 10

 ----- TOTAL NUMBER OF AVISOS AFTER FILTERING OF USER VÝctor: 0 ------

Last notification was received 2018-04-16 13:21:40!
Refresh token thread: Refreshing tokens

Notification scanner thread: Last check was done: 2018-04-16 20:33:45.701742

Notification scanner thread: Scanning for notifications

Notification scanner thread: Scanning Albert.

DO WE HAVE ACCESS TOKEN? YlCHW1lWB7SdgfKe8PBkJtC1vZINdT
IS IT EXPIRED? {'day': 17, 'month': 4, 'year': 2018, 'hour': 6, 'minute': 28, 'second': 46}
IS IT CONSIDERED TO BE EXPIRED? False

 -------------- TOTAL NUMBER OF AVISOS OF USER Albert: 53 -------------

Not new avisos: 53

 ----- TOTAL NUMBER OF AVISOS AFTER FILTERING OF USER Albert: 0 ------

Notification scanner thread: Scanning Carla.

Refresh token thread: Refreshing tokens

DO WE HAVE ACCESS TOKEN? BM91rKFhvBxoRrBUPMirKjPXdQMHRA
IS IT EXPIRED? {'day': 17, 'month': 4, 'year': 2018, 'hour': 6, 'minute': 28, 'second': 46}
IS IT CONSIDERED TO BE EXPIRED? False

 -------------- TOTAL NUMBER OF AVISOS OF USER Carla: 35 -------------

Not new avisos: 35

 ----- TOTAL NUMBER OF AVISOS AFTER FILTERING OF USER Carla: 0 ------

Notification scanner thread: Scanning Joel.

DO WE HAVE ACCESS TOKEN? bb8T461ApiG7P3cxpMq82cj2YDfhkn
IS IT EXPIRED? {'day': 17, 'month': 4, 'year': 2018, 'hour': 6, 'minute': 28, 'second': 46}
IS IT CONSIDERED TO BE EXPIRED? False

 -------------- TOTAL NUMBER OF AVISOS OF USER Joel: 19 -------------

Not new avisos: 19

 ----- TOTAL NUMBER OF AVISOS AFTER FILTERING OF USER Joel: 0 ------

Notification scanner thread: Scanning VÝctor.

DO WE HAVE ACCESS TOKEN? 01K3WoNEiYlWqY0oEksVvv52SShxoz
IS IT EXPIRED? {'day': 17, 'month': 4, 'year': 2018, 'hour': 6, 'minute': 28, 'second': 46}
IS IT CONSIDERED TO BE EXPIRED? False

 -------------- TOTAL NUMBER OF AVISOS OF USER VÝctor: 10 -------------

Not new avisos: 10

 ----- TOTAL NUMBER OF AVISOS AFTER FILTERING OF USER VÝctor: 0 ------

Last notification was received 2018-04-16 13:21:40!
Refresh token thread: Refreshing tokens

Notification scanner thread: Last check was done: 2018-04-16 20:34:18.294074

Notification scanner thread: Scanning for notifications

Notification scanner thread: Scanning Albert.

DO WE HAVE ACCESS TOKEN? YlCHW1lWB7SdgfKe8PBkJtC1vZINdT
IS IT EXPIRED? {'day': 17, 'month': 4, 'year': 2018, 'hour': 6, 'minute': 28, 'second': 46}
IS IT CONSIDERED TO BE EXPIRED? False

 -------------- TOTAL NUMBER OF AVISOS OF USER Albert: 53 -------------

Not new avisos: 53

 ----- TOTAL NUMBER OF AVISOS AFTER FILTERING OF USER Albert: 0 ------

Notification scanner thread: Scanning Carla.

DO WE HAVE ACCESS TOKEN? BM91rKFhvBxoRrBUPMirKjPXdQMHRA
IS IT EXPIRED? {'day': 17, 'month': 4, 'year': 2018, 'hour': 6, 'minute': 28, 'second': 46}
IS IT CONSIDERED TO BE EXPIRED? False

 -------------- TOTAL NUMBER OF AVISOS OF USER Carla: 35 -------------

Not new avisos: 35

 ----- TOTAL NUMBER OF AVISOS AFTER FILTERING OF USER Carla: 0 ------

Notification scanner thread: Scanning Joel.

DO WE HAVE ACCESS TOKEN? bb8T461ApiG7P3cxpMq82cj2YDfhkn
IS IT EXPIRED? {'day': 17, 'month': 4, 'year': 2018, 'hour': 6, 'minute': 28, 'second': 46}
IS IT CONSIDERED TO BE EXPIRED? False

 -------------- TOTAL NUMBER OF AVISOS OF USER Joel: 19 -------------

Not new avisos: 19

 ----- TOTAL NUMBER OF AVISOS AFTER FILTERING OF USER Joel: 0 ------

Notification scanner thread: Scanning VÝctor.

DO WE HAVE ACCESS TOKEN? 01K3WoNEiYlWqY0oEksVvv52SShxoz
IS IT EXPIRED? {'day': 17, 'month': 4, 'year': 2018, 'hour': 6, 'minute': 28, 'second': 46}
IS IT CONSIDERED TO BE EXPIRED? False

 -------------- TOTAL NUMBER OF AVISOS OF USER VÝctor: 10 -------------

Not new avisos: 10

 ----- TOTAL NUMBER OF AVISOS AFTER FILTERING OF USER VÝctor: 0 ------

Last notification was received 2018-04-16 13:21:40!
Refresh token thread: Refreshing tokens

Notification scanner thread: Last check was done: 2018-04-16 20:34:51.006980

Notification scanner thread: Scanning for notifications

Notification scanner thread: Scanning Albert.

DO WE HAVE ACCESS TOKEN? YlCHW1lWB7SdgfKe8PBkJtC1vZINdT
IS IT EXPIRED? {'day': 17, 'month': 4, 'year': 2018, 'hour': 6, 'minute': 28, 'second': 46}
IS IT CONSIDERED TO BE EXPIRED? False

 -------------- TOTAL NUMBER OF AVISOS OF USER Albert: 53 -------------

Not new avisos: 53

 ----- TOTAL NUMBER OF AVISOS AFTER FILTERING OF USER Albert: 0 ------

Notification scanner thread: Scanning Carla.

DO WE HAVE ACCESS TOKEN? BM91rKFhvBxoRrBUPMirKjPXdQMHRA
IS IT EXPIRED? {'day': 17, 'month': 4, 'year': 2018, 'hour': 6, 'minute': 28, 'second': 46}
IS IT CONSIDERED TO BE EXPIRED? False

 -------------- TOTAL NUMBER OF AVISOS OF USER Carla: 35 -------------

Not new avisos: 35

 ----- TOTAL NUMBER OF AVISOS AFTER FILTERING OF USER Carla: 0 ------

Notification scanner thread: Scanning Joel.

DO WE HAVE ACCESS TOKEN? bb8T461ApiG7P3cxpMq82cj2YDfhkn
IS IT EXPIRED? {'day': 17, 'month': 4, 'year': 2018, 'hour': 6, 'minute': 28, 'second': 46}
IS IT CONSIDERED TO BE EXPIRED? False

 -------------- TOTAL NUMBER OF AVISOS OF USER Joel: 19 -------------

Not new avisos: 19

 ----- TOTAL NUMBER OF AVISOS AFTER FILTERING OF USER Joel: 0 ------

Notification scanner thread: Scanning VÝctor.

DO WE HAVE ACCESS TOKEN? 01K3WoNEiYlWqY0oEksVvv52SShxoz
IS IT EXPIRED? {'day': 17, 'month': 4, 'year': 2018, 'hour': 6, 'minute': 28, 'second': 46}
IS IT CONSIDERED TO BE EXPIRED? False

 -------------- TOTAL NUMBER OF AVISOS OF USER VÝctor: 10 -------------

Not new avisos: 10

 ----- TOTAL NUMBER OF AVISOS AFTER FILTERING OF USER VÝctor: 0 ------

Last notification was received 2018-04-16 13:21:40!
Refresh token thread: Refreshing tokens

Notification scanner thread: Last check was done: 2018-04-16 20:35:25.341322

Notification scanner thread: Scanning for notifications

Notification scanner thread: Scanning Albert.

DO WE HAVE ACCESS TOKEN? YlCHW1lWB7SdgfKe8PBkJtC1vZINdT
IS IT EXPIRED? {'day': 17, 'month': 4, 'year': 2018, 'hour': 6, 'minute': 28, 'second': 46}
IS IT CONSIDERED TO BE EXPIRED? False

 -------------- TOTAL NUMBER OF AVISOS OF USER Albert: 53 -------------

Not new avisos: 53

 ----- TOTAL NUMBER OF AVISOS AFTER FILTERING OF USER Albert: 0 ------

Notification scanner thread: Scanning Carla.

DO WE HAVE ACCESS TOKEN? BM91rKFhvBxoRrBUPMirKjPXdQMHRA
IS IT EXPIRED? {'day': 17, 'month': 4, 'year': 2018, 'hour': 6, 'minute': 28, 'second': 46}
IS IT CONSIDERED TO BE EXPIRED? False

 -------------- TOTAL NUMBER OF AVISOS OF USER Carla: 35 -------------

Not new avisos: 35

 ----- TOTAL NUMBER OF AVISOS AFTER FILTERING OF USER Carla: 0 ------

Notification scanner thread: Scanning Joel.

DO WE HAVE ACCESS TOKEN? bb8T461ApiG7P3cxpMq82cj2YDfhkn
IS IT EXPIRED? {'day': 17, 'month': 4, 'year': 2018, 'hour': 6, 'minute': 28, 'second': 46}
IS IT CONSIDERED TO BE EXPIRED? False

 -------------- TOTAL NUMBER OF AVISOS OF USER Joel: 19 -------------

Not new avisos: 19

 ----- TOTAL NUMBER OF AVISOS AFTER FILTERING OF USER Joel: 0 ------

Notification scanner thread: Scanning VÝctor.

DO WE HAVE ACCESS TOKEN? 01K3WoNEiYlWqY0oEksVvv52SShxoz
IS IT EXPIRED? {'day': 17, 'month': 4, 'year': 2018, 'hour': 6, 'minute': 28, 'second': 46}
IS IT CONSIDERED TO BE EXPIRED? False

 -------------- TOTAL NUMBER OF AVISOS OF USER VÝctor: 10 -------------

Not new avisos: 10

 ----- TOTAL NUMBER OF AVISOS AFTER FILTERING OF USER VÝctor: 0 ------

Last notification was received 2018-04-16 13:21:40!
Refresh token thread: Refreshing tokens

Notification scanner thread: Last check was done: 2018-04-16 20:35:59.967695

Notification scanner thread: Scanning for notifications

Notification scanner thread: Scanning Albert.

DO WE HAVE ACCESS TOKEN? YlCHW1lWB7SdgfKe8PBkJtC1vZINdT
IS IT EXPIRED? {'day': 17, 'month': 4, 'year': 2018, 'hour': 6, 'minute': 28, 'second': 46}
IS IT CONSIDERED TO BE EXPIRED? False

 -------------- TOTAL NUMBER OF AVISOS OF USER Albert: 53 -------------

Not new avisos: 53

 ----- TOTAL NUMBER OF AVISOS AFTER FILTERING OF USER Albert: 0 ------

Notification scanner thread: Scanning Carla.

DO WE HAVE ACCESS TOKEN? BM91rKFhvBxoRrBUPMirKjPXdQMHRA
IS IT EXPIRED? {'day': 17, 'month': 4, 'year': 2018, 'hour': 6, 'minute': 28, 'second': 46}
IS IT CONSIDERED TO BE EXPIRED? False

 -------------- TOTAL NUMBER OF AVISOS OF USER Carla: 35 -------------

Not new avisos: 35

 ----- TOTAL NUMBER OF AVISOS AFTER FILTERING OF USER Carla: 0 ------

Notification scanner thread: Scanning Joel.

DO WE HAVE ACCESS TOKEN? bb8T461ApiG7P3cxpMq82cj2YDfhkn
IS IT EXPIRED? {'day': 17, 'month': 4, 'year': 2018, 'hour': 6, 'minute': 28, 'second': 46}
IS IT CONSIDERED TO BE EXPIRED? False

 -------------- TOTAL NUMBER OF AVISOS OF USER Joel: 19 -------------

Not new avisos: 19

 ----- TOTAL NUMBER OF AVISOS AFTER FILTERING OF USER Joel: 0 ------

Notification scanner thread: Scanning VÝctor.

DO WE HAVE ACCESS TOKEN? 01K3WoNEiYlWqY0oEksVvv52SShxoz
IS IT EXPIRED? {'day': 17, 'month': 4, 'year': 2018, 'hour': 6, 'minute': 28, 'second': 46}
IS IT CONSIDERED TO BE EXPIRED? False

 -------------- TOTAL NUMBER OF AVISOS OF USER VÝctor: 10 -------------

Not new avisos: 10

 ----- TOTAL NUMBER OF AVISOS AFTER FILTERING OF USER VÝctor: 0 ------

Last notification was received 2018-04-16 13:21:40!
Refresh token thread: Refreshing tokens

Notification scanner thread: Last check was done: 2018-04-16 20:36:32.546317

Notification scanner thread: Scanning for notifications

Notification scanner thread: Scanning Albert.

DO WE HAVE ACCESS TOKEN? YlCHW1lWB7SdgfKe8PBkJtC1vZINdT
IS IT EXPIRED? {'day': 17, 'month': 4, 'year': 2018, 'hour': 6, 'minute': 28, 'second': 46}
IS IT CONSIDERED TO BE EXPIRED? False

 -------------- TOTAL NUMBER OF AVISOS OF USER Albert: 53 -------------

Not new avisos: 53

 ----- TOTAL NUMBER OF AVISOS AFTER FILTERING OF USER Albert: 0 ------

Notification scanner thread: Scanning Carla.

DO WE HAVE ACCESS TOKEN? BM91rKFhvBxoRrBUPMirKjPXdQMHRA
IS IT EXPIRED? {'day': 17, 'month': 4, 'year': 2018, 'hour': 6, 'minute': 28, 'second': 46}
IS IT CONSIDERED TO BE EXPIRED? False

 -------------- TOTAL NUMBER OF AVISOS OF USER Carla: 35 -------------

Not new avisos: 35

 ----- TOTAL NUMBER OF AVISOS AFTER FILTERING OF USER Carla: 0 ------

Notification scanner thread: Scanning Joel.

DO WE HAVE ACCESS TOKEN? bb8T461ApiG7P3cxpMq82cj2YDfhkn
IS IT EXPIRED? {'day': 17, 'month': 4, 'year': 2018, 'hour': 6, 'minute': 28, 'second': 46}
IS IT CONSIDERED TO BE EXPIRED? False

 -------------- TOTAL NUMBER OF AVISOS OF USER Joel: 19 -------------

Not new avisos: 19

 ----- TOTAL NUMBER OF AVISOS AFTER FILTERING OF USER Joel: 0 ------

Notification scanner thread: Scanning VÝctor.

DO WE HAVE ACCESS TOKEN? 01K3WoNEiYlWqY0oEksVvv52SShxoz
IS IT EXPIRED? {'day': 17, 'month': 4, 'year': 2018, 'hour': 6, 'minute': 28, 'second': 46}
IS IT CONSIDERED TO BE EXPIRED? False

 -------------- TOTAL NUMBER OF AVISOS OF USER VÝctor: 10 -------------

Not new avisos: 10

 ----- TOTAL NUMBER OF AVISOS AFTER FILTERING OF USER VÝctor: 0 ------

Last notification was received 2018-04-16 13:21:40!
Refresh token thread: Refreshing tokens

Notification scanner thread: Last check was done: 2018-04-16 20:37:05.103066

Notification scanner thread: Scanning for notifications

Notification scanner thread: Scanning Albert.

DO WE HAVE ACCESS TOKEN? YlCHW1lWB7SdgfKe8PBkJtC1vZINdT
IS IT EXPIRED? {'day': 17, 'month': 4, 'year': 2018, 'hour': 6, 'minute': 28, 'second': 46}
IS IT CONSIDERED TO BE EXPIRED? False

 -------------- TOTAL NUMBER OF AVISOS OF USER Albert: 53 -------------

Not new avisos: 53

 ----- TOTAL NUMBER OF AVISOS AFTER FILTERING OF USER Albert: 0 ------

Notification scanner thread: Scanning Carla.

DO WE HAVE ACCESS TOKEN? BM91rKFhvBxoRrBUPMirKjPXdQMHRA
IS IT EXPIRED? {'day': 17, 'month': 4, 'year': 2018, 'hour': 6, 'minute': 28, 'second': 46}
IS IT CONSIDERED TO BE EXPIRED? False

 -------------- TOTAL NUMBER OF AVISOS OF USER Carla: 35 -------------

Not new avisos: 35

 ----- TOTAL NUMBER OF AVISOS AFTER FILTERING OF USER Carla: 0 ------

Notification scanner thread: Scanning Joel.

DO WE HAVE ACCESS TOKEN? bb8T461ApiG7P3cxpMq82cj2YDfhkn
IS IT EXPIRED? {'day': 17, 'month': 4, 'year': 2018, 'hour': 6, 'minute': 28, 'second': 46}
IS IT CONSIDERED TO BE EXPIRED? False

 -------------- TOTAL NUMBER OF AVISOS OF USER Joel: 19 -------------

Not new avisos: 19

 ----- TOTAL NUMBER OF AVISOS AFTER FILTERING OF USER Joel: 0 ------

Notification scanner thread: Scanning VÝctor.

DO WE HAVE ACCESS TOKEN? 01K3WoNEiYlWqY0oEksVvv52SShxoz
IS IT EXPIRED? {'day': 17, 'month': 4, 'year': 2018, 'hour': 6, 'minute': 28, 'second': 46}
IS IT CONSIDERED TO BE EXPIRED? False

 -------------- TOTAL NUMBER OF AVISOS OF USER VÝctor: 10 -------------

Not new avisos: 10

 ----- TOTAL NUMBER OF AVISOS AFTER FILTERING OF USER VÝctor: 0 ------

Last notification was received 2018-04-16 13:21:40!
Refresh token thread: Refreshing tokens

Notification scanner thread: Last check was done: 2018-04-16 20:37:37.666764

Notification scanner thread: Scanning for notifications

Notification scanner thread: Scanning Albert.

DO WE HAVE ACCESS TOKEN? YlCHW1lWB7SdgfKe8PBkJtC1vZINdT
IS IT EXPIRED? {'day': 17, 'month': 4, 'year': 2018, 'hour': 6, 'minute': 28, 'second': 46}
IS IT CONSIDERED TO BE EXPIRED? False

 -------------- TOTAL NUMBER OF AVISOS OF USER Albert: 53 -------------

Not new avisos: 53

 ----- TOTAL NUMBER OF AVISOS AFTER FILTERING OF USER Albert: 0 ------

Notification scanner thread: Scanning Carla.

DO WE HAVE ACCESS TOKEN? BM91rKFhvBxoRrBUPMirKjPXdQMHRA
IS IT EXPIRED? {'day': 17, 'month': 4, 'year': 2018, 'hour': 6, 'minute': 28, 'second': 46}
IS IT CONSIDERED TO BE EXPIRED? False

 -------------- TOTAL NUMBER OF AVISOS OF USER Carla: 35 -------------

Not new avisos: 35

 ----- TOTAL NUMBER OF AVISOS AFTER FILTERING OF USER Carla: 0 ------

Notification scanner thread: Scanning Joel.

DO WE HAVE ACCESS TOKEN? bb8T461ApiG7P3cxpMq82cj2YDfhkn
IS IT EXPIRED? {'day': 17, 'month': 4, 'year': 2018, 'hour': 6, 'minute': 28, 'second': 46}
IS IT CONSIDERED TO BE EXPIRED? False

 -------------- TOTAL NUMBER OF AVISOS OF USER Joel: 19 -------------

Not new avisos: 19

 ----- TOTAL NUMBER OF AVISOS AFTER FILTERING OF USER Joel: 0 ------

Notification scanner thread: Scanning VÝctor.

DO WE HAVE ACCESS TOKEN? 01K3WoNEiYlWqY0oEksVvv52SShxoz
IS IT EXPIRED? {'day': 17, 'month': 4, 'year': 2018, 'hour': 6, 'minute': 28, 'second': 46}
IS IT CONSIDERED TO BE EXPIRED? False

 -------------- TOTAL NUMBER OF AVISOS OF USER VÝctor: 10 -------------

Not new avisos: 10

 ----- TOTAL NUMBER OF AVISOS AFTER FILTERING OF USER VÝctor: 0 ------

Last notification was received 2018-04-16 13:21:40!
Refresh token thread: Refreshing tokens

Notification scanner thread: Last check was done: 2018-04-16 20:38:14.211988

Notification scanner thread: Scanning for notifications

Notification scanner thread: Scanning Albert.

DO WE HAVE ACCESS TOKEN? YlCHW1lWB7SdgfKe8PBkJtC1vZINdT
IS IT EXPIRED? {'day': 17, 'month': 4, 'year': 2018, 'hour': 6, 'minute': 28, 'second': 46}
IS IT CONSIDERED TO BE EXPIRED? False

 -------------- TOTAL NUMBER OF AVISOS OF USER Albert: 53 -------------

Not new avisos: 53

 ----- TOTAL NUMBER OF AVISOS AFTER FILTERING OF USER Albert: 0 ------

Notification scanner thread: Scanning Carla.

DO WE HAVE ACCESS TOKEN? BM91rKFhvBxoRrBUPMirKjPXdQMHRA
IS IT EXPIRED? {'day': 17, 'month': 4, 'year': 2018, 'hour': 6, 'minute': 28, 'second': 46}
IS IT CONSIDERED TO BE EXPIRED? False

 -------------- TOTAL NUMBER OF AVISOS OF USER Carla: 35 -------------

Not new avisos: 35

 ----- TOTAL NUMBER OF AVISOS AFTER FILTERING OF USER Carla: 0 ------

Notification scanner thread: Scanning Joel.

DO WE HAVE ACCESS TOKEN? bb8T461ApiG7P3cxpMq82cj2YDfhkn
IS IT EXPIRED? {'day': 17, 'month': 4, 'year': 2018, 'hour': 6, 'minute': 28, 'second': 46}
IS IT CONSIDERED TO BE EXPIRED? False

 -------------- TOTAL NUMBER OF AVISOS OF USER Joel: 19 -------------

Not new avisos: 19

 ----- TOTAL NUMBER OF AVISOS AFTER FILTERING OF USER Joel: 0 ------

Notification scanner thread: Scanning VÝctor.

DO WE HAVE ACCESS TOKEN? 01K3WoNEiYlWqY0oEksVvv52SShxoz
IS IT EXPIRED? {'day': 17, 'month': 4, 'year': 2018, 'hour': 6, 'minute': 28, 'second': 46}
IS IT CONSIDERED TO BE EXPIRED? False

 -------------- TOTAL NUMBER OF AVISOS OF USER VÝctor: 10 -------------

Not new avisos: 10

 ----- TOTAL NUMBER OF AVISOS AFTER FILTERING OF USER VÝctor: 0 ------

Last notification was received 2018-04-16 13:21:40!
Refresh token thread: Refreshing tokens

Notification scanner thread: Last check was done: 2018-04-16 20:38:46.791577

Notification scanner thread: Scanning for notifications

Notification scanner thread: Scanning Albert.

Refresh token thread: Refreshing tokens

DO WE HAVE ACCESS TOKEN? YlCHW1lWB7SdgfKe8PBkJtC1vZINdT
IS IT EXPIRED? {'day': 17, 'month': 4, 'year': 2018, 'hour': 6, 'minute': 28, 'second': 46}
IS IT CONSIDERED TO BE EXPIRED? False

 -------------- TOTAL NUMBER OF AVISOS OF USER Albert: 53 -------------

Not new avisos: 53

 ----- TOTAL NUMBER OF AVISOS AFTER FILTERING OF USER Albert: 0 ------

Notification scanner thread: Scanning Carla.

DO WE HAVE ACCESS TOKEN? BM91rKFhvBxoRrBUPMirKjPXdQMHRA
IS IT EXPIRED? {'day': 17, 'month': 4, 'year': 2018, 'hour': 6, 'minute': 28, 'second': 46}
IS IT CONSIDERED TO BE EXPIRED? False

 -------------- TOTAL NUMBER OF AVISOS OF USER Carla: 35 -------------

Not new avisos: 35

 ----- TOTAL NUMBER OF AVISOS AFTER FILTERING OF USER Carla: 0 ------

Notification scanner thread: Scanning Joel.

DO WE HAVE ACCESS TOKEN? bb8T461ApiG7P3cxpMq82cj2YDfhkn
IS IT EXPIRED? {'day': 17, 'month': 4, 'year': 2018, 'hour': 6, 'minute': 28, 'second': 46}
IS IT CONSIDERED TO BE EXPIRED? False

 -------------- TOTAL NUMBER OF AVISOS OF USER Joel: 19 -------------

Not new avisos: 19

 ----- TOTAL NUMBER OF AVISOS AFTER FILTERING OF USER Joel: 0 ------

Notification scanner thread: Scanning VÝctor.

DO WE HAVE ACCESS TOKEN? 01K3WoNEiYlWqY0oEksVvv52SShxoz
IS IT EXPIRED? {'day': 17, 'month': 4, 'year': 2018, 'hour': 6, 'minute': 28, 'second': 46}
IS IT CONSIDERED TO BE EXPIRED? False

 -------------- TOTAL NUMBER OF AVISOS OF USER VÝctor: 10 -------------

Not new avisos: 10

 ----- TOTAL NUMBER OF AVISOS AFTER FILTERING OF USER VÝctor: 0 ------

Last notification was received 2018-04-16 13:21:40!
Refresh token thread: Refreshing tokens

Notification scanner thread: Last check was done: 2018-04-16 20:39:19.327032

Notification scanner thread: Scanning for notifications

Notification scanner thread: Scanning Albert.

DO WE HAVE ACCESS TOKEN? YlCHW1lWB7SdgfKe8PBkJtC1vZINdT
IS IT EXPIRED? {'day': 17, 'month': 4, 'year': 2018, 'hour': 6, 'minute': 28, 'second': 46}
IS IT CONSIDERED TO BE EXPIRED? False

 -------------- TOTAL NUMBER OF AVISOS OF USER Albert: 53 -------------

Not new avisos: 53

 ----- TOTAL NUMBER OF AVISOS AFTER FILTERING OF USER Albert: 0 ------

Notification scanner thread: Scanning Carla.

DO WE HAVE ACCESS TOKEN? BM91rKFhvBxoRrBUPMirKjPXdQMHRA
IS IT EXPIRED? {'day': 17, 'month': 4, 'year': 2018, 'hour': 6, 'minute': 28, 'second': 46}
IS IT CONSIDERED TO BE EXPIRED? False

 -------------- TOTAL NUMBER OF AVISOS OF USER Carla: 35 -------------

Not new avisos: 35

 ----- TOTAL NUMBER OF AVISOS AFTER FILTERING OF USER Carla: 0 ------

Notification scanner thread: Scanning Joel.

DO WE HAVE ACCESS TOKEN? bb8T461ApiG7P3cxpMq82cj2YDfhkn
IS IT EXPIRED? {'day': 17, 'month': 4, 'year': 2018, 'hour': 6, 'minute': 28, 'second': 46}
IS IT CONSIDERED TO BE EXPIRED? False

 -------------- TOTAL NUMBER OF AVISOS OF USER Joel: 19 -------------

Not new avisos: 19

 ----- TOTAL NUMBER OF AVISOS AFTER FILTERING OF USER Joel: 0 ------

Notification scanner thread: Scanning VÝctor.

DO WE HAVE ACCESS TOKEN? 01K3WoNEiYlWqY0oEksVvv52SShxoz
IS IT EXPIRED? {'day': 17, 'month': 4, 'year': 2018, 'hour': 6, 'minute': 28, 'second': 46}
IS IT CONSIDERED TO BE EXPIRED? False

 -------------- TOTAL NUMBER OF AVISOS OF USER VÝctor: 10 -------------

Not new avisos: 10

 ----- TOTAL NUMBER OF AVISOS AFTER FILTERING OF USER VÝctor: 0 ------

Last notification was received 2018-04-16 13:21:40!
Refresh token thread: Refreshing tokens

Notification scanner thread: Last check was done: 2018-04-16 20:39:53.840069

Notification scanner thread: Scanning for notifications

Notification scanner thread: Scanning Albert.

DO WE HAVE ACCESS TOKEN? YlCHW1lWB7SdgfKe8PBkJtC1vZINdT
IS IT EXPIRED? {'day': 17, 'month': 4, 'year': 2018, 'hour': 6, 'minute': 28, 'second': 46}
IS IT CONSIDERED TO BE EXPIRED? False

 -------------- TOTAL NUMBER OF AVISOS OF USER Albert: 53 -------------

Not new avisos: 53

 ----- TOTAL NUMBER OF AVISOS AFTER FILTERING OF USER Albert: 0 ------

Notification scanner thread: Scanning Carla.

DO WE HAVE ACCESS TOKEN? BM91rKFhvBxoRrBUPMirKjPXdQMHRA
IS IT EXPIRED? {'day': 17, 'month': 4, 'year': 2018, 'hour': 6, 'minute': 28, 'second': 46}
IS IT CONSIDERED TO BE EXPIRED? False

 -------------- TOTAL NUMBER OF AVISOS OF USER Carla: 35 -------------

Not new avisos: 35

 ----- TOTAL NUMBER OF AVISOS AFTER FILTERING OF USER Carla: 0 ------

Notification scanner thread: Scanning Joel.

DO WE HAVE ACCESS TOKEN? bb8T461ApiG7P3cxpMq82cj2YDfhkn
IS IT EXPIRED? {'day': 17, 'month': 4, 'year': 2018, 'hour': 6, 'minute': 28, 'second': 46}
IS IT CONSIDERED TO BE EXPIRED? False

 -------------- TOTAL NUMBER OF AVISOS OF USER Joel: 19 -------------

Not new avisos: 19

 ----- TOTAL NUMBER OF AVISOS AFTER FILTERING OF USER Joel: 0 ------

Notification scanner thread: Scanning VÝctor.

DO WE HAVE ACCESS TOKEN? 01K3WoNEiYlWqY0oEksVvv52SShxoz
IS IT EXPIRED? {'day': 17, 'month': 4, 'year': 2018, 'hour': 6, 'minute': 28, 'second': 46}
IS IT CONSIDERED TO BE EXPIRED? False

 -------------- TOTAL NUMBER OF AVISOS OF USER VÝctor: 10 -------------

Not new avisos: 10

 ----- TOTAL NUMBER OF AVISOS AFTER FILTERING OF USER VÝctor: 0 ------

Last notification was received 2018-04-16 13:21:40!
Refresh token thread: Refreshing tokens

Notification scanner thread: Last check was done: 2018-04-16 20:40:30.277104

Notification scanner thread: Scanning for notifications

Notification scanner thread: Scanning Albert.

DO WE HAVE ACCESS TOKEN? YlCHW1lWB7SdgfKe8PBkJtC1vZINdT
IS IT EXPIRED? {'day': 17, 'month': 4, 'year': 2018, 'hour': 6, 'minute': 28, 'second': 46}
IS IT CONSIDERED TO BE EXPIRED? False

 -------------- TOTAL NUMBER OF AVISOS OF USER Albert: 53 -------------

Not new avisos: 53

 ----- TOTAL NUMBER OF AVISOS AFTER FILTERING OF USER Albert: 0 ------

Notification scanner thread: Scanning Carla.

DO WE HAVE ACCESS TOKEN? BM91rKFhvBxoRrBUPMirKjPXdQMHRA
IS IT EXPIRED? {'day': 17, 'month': 4, 'year': 2018, 'hour': 6, 'minute': 28, 'second': 46}
IS IT CONSIDERED TO BE EXPIRED? False

 -------------- TOTAL NUMBER OF AVISOS OF USER Carla: 35 -------------

Not new avisos: 35

 ----- TOTAL NUMBER OF AVISOS AFTER FILTERING OF USER Carla: 0 ------

Notification scanner thread: Scanning Joel.

DO WE HAVE ACCESS TOKEN? bb8T461ApiG7P3cxpMq82cj2YDfhkn
IS IT EXPIRED? {'day': 17, 'month': 4, 'year': 2018, 'hour': 6, 'minute': 28, 'second': 46}
IS IT CONSIDERED TO BE EXPIRED? False

 -------------- TOTAL NUMBER OF AVISOS OF USER Joel: 19 -------------

Not new avisos: 19

 ----- TOTAL NUMBER OF AVISOS AFTER FILTERING OF USER Joel: 0 ------

Notification scanner thread: Scanning VÝctor.

DO WE HAVE ACCESS TOKEN? 01K3WoNEiYlWqY0oEksVvv52SShxoz
IS IT EXPIRED? {'day': 17, 'month': 4, 'year': 2018, 'hour': 6, 'minute': 28, 'second': 46}
IS IT CONSIDERED TO BE EXPIRED? False

 -------------- TOTAL NUMBER OF AVISOS OF USER VÝctor: 10 -------------

Not new avisos: 10

 ----- TOTAL NUMBER OF AVISOS AFTER FILTERING OF USER VÝctor: 0 ------

Last notification was received 2018-04-16 13:21:40!
Refresh token thread: Refreshing tokens

Notification scanner thread: Last check was done: 2018-04-16 20:41:05.083565

Notification scanner thread: Scanning for notifications

Notification scanner thread: Scanning Albert.

DO WE HAVE ACCESS TOKEN? YlCHW1lWB7SdgfKe8PBkJtC1vZINdT
IS IT EXPIRED? {'day': 17, 'month': 4, 'year': 2018, 'hour': 6, 'minute': 28, 'second': 46}
IS IT CONSIDERED TO BE EXPIRED? False

 -------------- TOTAL NUMBER OF AVISOS OF USER Albert: 53 -------------

Not new avisos: 53

 ----- TOTAL NUMBER OF AVISOS AFTER FILTERING OF USER Albert: 0 ------

Notification scanner thread: Scanning Carla.

DO WE HAVE ACCESS TOKEN? BM91rKFhvBxoRrBUPMirKjPXdQMHRA
IS IT EXPIRED? {'day': 17, 'month': 4, 'year': 2018, 'hour': 6, 'minute': 28, 'second': 46}
IS IT CONSIDERED TO BE EXPIRED? False

 -------------- TOTAL NUMBER OF AVISOS OF USER Carla: 35 -------------

Not new avisos: 35

 ----- TOTAL NUMBER OF AVISOS AFTER FILTERING OF USER Carla: 0 ------

Notification scanner thread: Scanning Joel.

DO WE HAVE ACCESS TOKEN? bb8T461ApiG7P3cxpMq82cj2YDfhkn
IS IT EXPIRED? {'day': 17, 'month': 4, 'year': 2018, 'hour': 6, 'minute': 28, 'second': 46}
IS IT CONSIDERED TO BE EXPIRED? False

 -------------- TOTAL NUMBER OF AVISOS OF USER Joel: 19 -------------

Not new avisos: 19

 ----- TOTAL NUMBER OF AVISOS AFTER FILTERING OF USER Joel: 0 ------

Notification scanner thread: Scanning VÝctor.

DO WE HAVE ACCESS TOKEN? 01K3WoNEiYlWqY0oEksVvv52SShxoz
IS IT EXPIRED? {'day': 17, 'month': 4, 'year': 2018, 'hour': 6, 'minute': 28, 'second': 46}
IS IT CONSIDERED TO BE EXPIRED? False

 -------------- TOTAL NUMBER OF AVISOS OF USER VÝctor: 10 -------------

Not new avisos: 10

 ----- TOTAL NUMBER OF AVISOS AFTER FILTERING OF USER VÝctor: 0 ------

Last notification was received 2018-04-16 13:21:40!
Refresh token thread: Refreshing tokens

Notification scanner thread: Last check was done: 2018-04-16 20:41:37.630778

Notification scanner thread: Scanning for notifications

Notification scanner thread: Scanning Albert.

DO WE HAVE ACCESS TOKEN? YlCHW1lWB7SdgfKe8PBkJtC1vZINdT
IS IT EXPIRED? {'day': 17, 'month': 4, 'year': 2018, 'hour': 6, 'minute': 28, 'second': 46}
IS IT CONSIDERED TO BE EXPIRED? False

 -------------- TOTAL NUMBER OF AVISOS OF USER Albert: 53 -------------

Not new avisos: 53

 ----- TOTAL NUMBER OF AVISOS AFTER FILTERING OF USER Albert: 0 ------

Notification scanner thread: Scanning Carla.

DO WE HAVE ACCESS TOKEN? BM91rKFhvBxoRrBUPMirKjPXdQMHRA
IS IT EXPIRED? {'day': 17, 'month': 4, 'year': 2018, 'hour': 6, 'minute': 28, 'second': 46}
IS IT CONSIDERED TO BE EXPIRED? False

 -------------- TOTAL NUMBER OF AVISOS OF USER Carla: 35 -------------

Not new avisos: 35

 ----- TOTAL NUMBER OF AVISOS AFTER FILTERING OF USER Carla: 0 ------

Notification scanner thread: Scanning Joel.

DO WE HAVE ACCESS TOKEN? bb8T461ApiG7P3cxpMq82cj2YDfhkn
IS IT EXPIRED? {'day': 17, 'month': 4, 'year': 2018, 'hour': 6, 'minute': 28, 'second': 46}
IS IT CONSIDERED TO BE EXPIRED? False

 -------------- TOTAL NUMBER OF AVISOS OF USER Joel: 19 -------------

Not new avisos: 19

 ----- TOTAL NUMBER OF AVISOS AFTER FILTERING OF USER Joel: 0 ------

Notification scanner thread: Scanning VÝctor.

DO WE HAVE ACCESS TOKEN? 01K3WoNEiYlWqY0oEksVvv52SShxoz
IS IT EXPIRED? {'day': 17, 'month': 4, 'year': 2018, 'hour': 6, 'minute': 28, 'second': 46}
IS IT CONSIDERED TO BE EXPIRED? False

 -------------- TOTAL NUMBER OF AVISOS OF USER VÝctor: 10 -------------

Not new avisos: 10

 ----- TOTAL NUMBER OF AVISOS AFTER FILTERING OF USER VÝctor: 0 ------

Last notification was received 2018-04-16 13:21:40!
Refresh token thread: Refreshing tokens

Notification scanner thread: Last check was done: 2018-04-16 20:42:10.317497

Notification scanner thread: Scanning for notifications

Notification scanner thread: Scanning Albert.

DO WE HAVE ACCESS TOKEN? YlCHW1lWB7SdgfKe8PBkJtC1vZINdT
IS IT EXPIRED? {'day': 17, 'month': 4, 'year': 2018, 'hour': 6, 'minute': 28, 'second': 46}
IS IT CONSIDERED TO BE EXPIRED? False

 -------------- TOTAL NUMBER OF AVISOS OF USER Albert: 53 -------------

Not new avisos: 53

 ----- TOTAL NUMBER OF AVISOS AFTER FILTERING OF USER Albert: 0 ------

Notification scanner thread: Scanning Carla.

DO WE HAVE ACCESS TOKEN? BM91rKFhvBxoRrBUPMirKjPXdQMHRA
IS IT EXPIRED? {'day': 17, 'month': 4, 'year': 2018, 'hour': 6, 'minute': 28, 'second': 46}
IS IT CONSIDERED TO BE EXPIRED? False

 -------------- TOTAL NUMBER OF AVISOS OF USER Carla: 35 -------------

Not new avisos: 35

 ----- TOTAL NUMBER OF AVISOS AFTER FILTERING OF USER Carla: 0 ------

Notification scanner thread: Scanning Joel.

DO WE HAVE ACCESS TOKEN? bb8T461ApiG7P3cxpMq82cj2YDfhkn
IS IT EXPIRED? {'day': 17, 'month': 4, 'year': 2018, 'hour': 6, 'minute': 28, 'second': 46}
IS IT CONSIDERED TO BE EXPIRED? False

 -------------- TOTAL NUMBER OF AVISOS OF USER Joel: 19 -------------

Not new avisos: 19

 ----- TOTAL NUMBER OF AVISOS AFTER FILTERING OF USER Joel: 0 ------

Notification scanner thread: Scanning VÝctor.

DO WE HAVE ACCESS TOKEN? 01K3WoNEiYlWqY0oEksVvv52SShxoz
IS IT EXPIRED? {'day': 17, 'month': 4, 'year': 2018, 'hour': 6, 'minute': 28, 'second': 46}
IS IT CONSIDERED TO BE EXPIRED? False

 -------------- TOTAL NUMBER OF AVISOS OF USER VÝctor: 10 -------------

Not new avisos: 10

 ----- TOTAL NUMBER OF AVISOS AFTER FILTERING OF USER VÝctor: 0 ------

Last notification was received 2018-04-16 13:21:40!
Refresh token thread: Refreshing tokens

Notification scanner thread: Last check was done: 2018-04-16 20:42:43.003101

Notification scanner thread: Scanning for notifications

Notification scanner thread: Scanning Albert.

DO WE HAVE ACCESS TOKEN? YlCHW1lWB7SdgfKe8PBkJtC1vZINdT
IS IT EXPIRED? {'day': 17, 'month': 4, 'year': 2018, 'hour': 6, 'minute': 28, 'second': 46}
IS IT CONSIDERED TO BE EXPIRED? False

 -------------- TOTAL NUMBER OF AVISOS OF USER Albert: 53 -------------

Not new avisos: 53

 ----- TOTAL NUMBER OF AVISOS AFTER FILTERING OF USER Albert: 0 ------

Notification scanner thread: Scanning Carla.

DO WE HAVE ACCESS TOKEN? BM91rKFhvBxoRrBUPMirKjPXdQMHRA
IS IT EXPIRED? {'day': 17, 'month': 4, 'year': 2018, 'hour': 6, 'minute': 28, 'second': 46}
IS IT CONSIDERED TO BE EXPIRED? False

 -------------- TOTAL NUMBER OF AVISOS OF USER Carla: 35 -------------

Not new avisos: 35

 ----- TOTAL NUMBER OF AVISOS AFTER FILTERING OF USER Carla: 0 ------

Notification scanner thread: Scanning Joel.

DO WE HAVE ACCESS TOKEN? bb8T461ApiG7P3cxpMq82cj2YDfhkn
IS IT EXPIRED? {'day': 17, 'month': 4, 'year': 2018, 'hour': 6, 'minute': 28, 'second': 46}
IS IT CONSIDERED TO BE EXPIRED? False

 -------------- TOTAL NUMBER OF AVISOS OF USER Joel: 19 -------------

Not new avisos: 19

 ----- TOTAL NUMBER OF AVISOS AFTER FILTERING OF USER Joel: 0 ------

Notification scanner thread: Scanning VÝctor.

DO WE HAVE ACCESS TOKEN? 01K3WoNEiYlWqY0oEksVvv52SShxoz
IS IT EXPIRED? {'day': 17, 'month': 4, 'year': 2018, 'hour': 6, 'minute': 28, 'second': 46}
IS IT CONSIDERED TO BE EXPIRED? False

 -------------- TOTAL NUMBER OF AVISOS OF USER VÝctor: 10 -------------

Not new avisos: 10

 ----- TOTAL NUMBER OF AVISOS AFTER FILTERING OF USER VÝctor: 0 ------

Last notification was received 2018-04-16 13:21:40!
Refresh token thread: Refreshing tokens

Notification scanner thread: Last check was done: 2018-04-16 20:43:15.559061

Notification scanner thread: Scanning for notifications

Notification scanner thread: Scanning Albert.

DO WE HAVE ACCESS TOKEN? YlCHW1lWB7SdgfKe8PBkJtC1vZINdT
IS IT EXPIRED? {'day': 17, 'month': 4, 'year': 2018, 'hour': 6, 'minute': 28, 'second': 46}
IS IT CONSIDERED TO BE EXPIRED? False

 -------------- TOTAL NUMBER OF AVISOS OF USER Albert: 53 -------------

Not new avisos: 53

 ----- TOTAL NUMBER OF AVISOS AFTER FILTERING OF USER Albert: 0 ------

Notification scanner thread: Scanning Carla.

Refresh token thread: Refreshing tokens

DO WE HAVE ACCESS TOKEN? BM91rKFhvBxoRrBUPMirKjPXdQMHRA
IS IT EXPIRED? {'day': 17, 'month': 4, 'year': 2018, 'hour': 6, 'minute': 28, 'second': 46}
IS IT CONSIDERED TO BE EXPIRED? False

 -------------- TOTAL NUMBER OF AVISOS OF USER Carla: 35 -------------

Not new avisos: 35

 ----- TOTAL NUMBER OF AVISOS AFTER FILTERING OF USER Carla: 0 ------

Notification scanner thread: Scanning Joel.

DO WE HAVE ACCESS TOKEN? bb8T461ApiG7P3cxpMq82cj2YDfhkn
IS IT EXPIRED? {'day': 17, 'month': 4, 'year': 2018, 'hour': 6, 'minute': 28, 'second': 46}
IS IT CONSIDERED TO BE EXPIRED? False

 -------------- TOTAL NUMBER OF AVISOS OF USER Joel: 19 -------------

Not new avisos: 19

 ----- TOTAL NUMBER OF AVISOS AFTER FILTERING OF USER Joel: 0 ------

Notification scanner thread: Scanning VÝctor.

DO WE HAVE ACCESS TOKEN? 01K3WoNEiYlWqY0oEksVvv52SShxoz
IS IT EXPIRED? {'day': 17, 'month': 4, 'year': 2018, 'hour': 6, 'minute': 28, 'second': 46}
IS IT CONSIDERED TO BE EXPIRED? False

 -------------- TOTAL NUMBER OF AVISOS OF USER VÝctor: 10 -------------

Not new avisos: 10

 ----- TOTAL NUMBER OF AVISOS AFTER FILTERING OF USER VÝctor: 0 ------

Last notification was received 2018-04-16 13:21:40!
Refresh token thread: Refreshing tokens

Notification scanner thread: Last check was done: 2018-04-16 20:43:48.194060

Notification scanner thread: Scanning for notifications

Notification scanner thread: Scanning Albert.

DO WE HAVE ACCESS TOKEN? YlCHW1lWB7SdgfKe8PBkJtC1vZINdT
IS IT EXPIRED? {'day': 17, 'month': 4, 'year': 2018, 'hour': 6, 'minute': 28, 'second': 46}
IS IT CONSIDERED TO BE EXPIRED? False

 -------------- TOTAL NUMBER OF AVISOS OF USER Albert: 53 -------------

Not new avisos: 53

 ----- TOTAL NUMBER OF AVISOS AFTER FILTERING OF USER Albert: 0 ------

Notification scanner thread: Scanning Carla.

DO WE HAVE ACCESS TOKEN? BM91rKFhvBxoRrBUPMirKjPXdQMHRA
IS IT EXPIRED? {'day': 17, 'month': 4, 'year': 2018, 'hour': 6, 'minute': 28, 'second': 46}
IS IT CONSIDERED TO BE EXPIRED? False

 -------------- TOTAL NUMBER OF AVISOS OF USER Carla: 35 -------------

Not new avisos: 35

 ----- TOTAL NUMBER OF AVISOS AFTER FILTERING OF USER Carla: 0 ------

Notification scanner thread: Scanning Joel.

DO WE HAVE ACCESS TOKEN? bb8T461ApiG7P3cxpMq82cj2YDfhkn
IS IT EXPIRED? {'day': 17, 'month': 4, 'year': 2018, 'hour': 6, 'minute': 28, 'second': 46}
IS IT CONSIDERED TO BE EXPIRED? False

 -------------- TOTAL NUMBER OF AVISOS OF USER Joel: 19 -------------

Not new avisos: 19

 ----- TOTAL NUMBER OF AVISOS AFTER FILTERING OF USER Joel: 0 ------

Notification scanner thread: Scanning VÝctor.

DO WE HAVE ACCESS TOKEN? 01K3WoNEiYlWqY0oEksVvv52SShxoz
IS IT EXPIRED? {'day': 17, 'month': 4, 'year': 2018, 'hour': 6, 'minute': 28, 'second': 46}
IS IT CONSIDERED TO BE EXPIRED? False

 -------------- TOTAL NUMBER OF AVISOS OF USER VÝctor: 10 -------------

Not new avisos: 10

 ----- TOTAL NUMBER OF AVISOS AFTER FILTERING OF USER VÝctor: 0 ------

Last notification was received 2018-04-16 13:21:40!
Refresh token thread: Refreshing tokens

Notification scanner thread: Last check was done: 2018-04-16 20:44:20.801128

Notification scanner thread: Scanning for notifications

Notification scanner thread: Scanning Albert.

DO WE HAVE ACCESS TOKEN? YlCHW1lWB7SdgfKe8PBkJtC1vZINdT
IS IT EXPIRED? {'day': 17, 'month': 4, 'year': 2018, 'hour': 6, 'minute': 28, 'second': 46}
IS IT CONSIDERED TO BE EXPIRED? False

 -------------- TOTAL NUMBER OF AVISOS OF USER Albert: 53 -------------

Not new avisos: 53

 ----- TOTAL NUMBER OF AVISOS AFTER FILTERING OF USER Albert: 0 ------

Notification scanner thread: Scanning Carla.

DO WE HAVE ACCESS TOKEN? BM91rKFhvBxoRrBUPMirKjPXdQMHRA
IS IT EXPIRED? {'day': 17, 'month': 4, 'year': 2018, 'hour': 6, 'minute': 28, 'second': 46}
IS IT CONSIDERED TO BE EXPIRED? False

 -------------- TOTAL NUMBER OF AVISOS OF USER Carla: 35 -------------

Not new avisos: 35

 ----- TOTAL NUMBER OF AVISOS AFTER FILTERING OF USER Carla: 0 ------

Notification scanner thread: Scanning Joel.

DO WE HAVE ACCESS TOKEN? bb8T461ApiG7P3cxpMq82cj2YDfhkn
IS IT EXPIRED? {'day': 17, 'month': 4, 'year': 2018, 'hour': 6, 'minute': 28, 'second': 46}
IS IT CONSIDERED TO BE EXPIRED? False

 -------------- TOTAL NUMBER OF AVISOS OF USER Joel: 19 -------------

Not new avisos: 19

 ----- TOTAL NUMBER OF AVISOS AFTER FILTERING OF USER Joel: 0 ------

Notification scanner thread: Scanning VÝctor.

DO WE HAVE ACCESS TOKEN? 01K3WoNEiYlWqY0oEksVvv52SShxoz
IS IT EXPIRED? {'day': 17, 'month': 4, 'year': 2018, 'hour': 6, 'minute': 28, 'second': 46}
IS IT CONSIDERED TO BE EXPIRED? False

 -------------- TOTAL NUMBER OF AVISOS OF USER VÝctor: 10 -------------

Not new avisos: 10

 ----- TOTAL NUMBER OF AVISOS AFTER FILTERING OF USER VÝctor: 0 ------

Last notification was received 2018-04-16 13:21:40!
Refresh token thread: Refreshing tokens

Notification scanner thread: Last check was done: 2018-04-16 20:44:53.399950

Notification scanner thread: Scanning for notifications

Notification scanner thread: Scanning Albert.

DO WE HAVE ACCESS TOKEN? YlCHW1lWB7SdgfKe8PBkJtC1vZINdT
IS IT EXPIRED? {'day': 17, 'month': 4, 'year': 2018, 'hour': 6, 'minute': 28, 'second': 46}
IS IT CONSIDERED TO BE EXPIRED? False

 -------------- TOTAL NUMBER OF AVISOS OF USER Albert: 53 -------------

Not new avisos: 53

 ----- TOTAL NUMBER OF AVISOS AFTER FILTERING OF USER Albert: 0 ------

Notification scanner thread: Scanning Carla.

DO WE HAVE ACCESS TOKEN? BM91rKFhvBxoRrBUPMirKjPXdQMHRA
IS IT EXPIRED? {'day': 17, 'month': 4, 'year': 2018, 'hour': 6, 'minute': 28, 'second': 46}
IS IT CONSIDERED TO BE EXPIRED? False

 -------------- TOTAL NUMBER OF AVISOS OF USER Carla: 35 -------------

Not new avisos: 35

 ----- TOTAL NUMBER OF AVISOS AFTER FILTERING OF USER Carla: 0 ------

Notification scanner thread: Scanning Joel.

DO WE HAVE ACCESS TOKEN? bb8T461ApiG7P3cxpMq82cj2YDfhkn
IS IT EXPIRED? {'day': 17, 'month': 4, 'year': 2018, 'hour': 6, 'minute': 28, 'second': 46}
IS IT CONSIDERED TO BE EXPIRED? False

 -------------- TOTAL NUMBER OF AVISOS OF USER Joel: 19 -------------

Not new avisos: 19

 ----- TOTAL NUMBER OF AVISOS AFTER FILTERING OF USER Joel: 0 ------

Notification scanner thread: Scanning VÝctor.

DO WE HAVE ACCESS TOKEN? 01K3WoNEiYlWqY0oEksVvv52SShxoz
IS IT EXPIRED? {'day': 17, 'month': 4, 'year': 2018, 'hour': 6, 'minute': 28, 'second': 46}
IS IT CONSIDERED TO BE EXPIRED? False

 -------------- TOTAL NUMBER OF AVISOS OF USER VÝctor: 10 -------------

Not new avisos: 10

 ----- TOTAL NUMBER OF AVISOS AFTER FILTERING OF USER VÝctor: 0 ------

Last notification was received 2018-04-16 13:21:40!
Refresh token thread: Refreshing tokens

Notification scanner thread: Last check was done: 2018-04-16 20:45:27.828228

Notification scanner thread: Scanning for notifications

Notification scanner thread: Scanning Albert.

DO WE HAVE ACCESS TOKEN? YlCHW1lWB7SdgfKe8PBkJtC1vZINdT
IS IT EXPIRED? {'day': 17, 'month': 4, 'year': 2018, 'hour': 6, 'minute': 28, 'second': 46}
IS IT CONSIDERED TO BE EXPIRED? False

 -------------- TOTAL NUMBER OF AVISOS OF USER Albert: 53 -------------

Not new avisos: 53

 ----- TOTAL NUMBER OF AVISOS AFTER FILTERING OF USER Albert: 0 ------

Notification scanner thread: Scanning Carla.

DO WE HAVE ACCESS TOKEN? BM91rKFhvBxoRrBUPMirKjPXdQMHRA
IS IT EXPIRED? {'day': 17, 'month': 4, 'year': 2018, 'hour': 6, 'minute': 28, 'second': 46}
IS IT CONSIDERED TO BE EXPIRED? False

 -------------- TOTAL NUMBER OF AVISOS OF USER Carla: 35 -------------

Not new avisos: 35

 ----- TOTAL NUMBER OF AVISOS AFTER FILTERING OF USER Carla: 0 ------

Notification scanner thread: Scanning Joel.

DO WE HAVE ACCESS TOKEN? bb8T461ApiG7P3cxpMq82cj2YDfhkn
IS IT EXPIRED? {'day': 17, 'month': 4, 'year': 2018, 'hour': 6, 'minute': 28, 'second': 46}
IS IT CONSIDERED TO BE EXPIRED? False

 -------------- TOTAL NUMBER OF AVISOS OF USER Joel: 19 -------------

Not new avisos: 19

 ----- TOTAL NUMBER OF AVISOS AFTER FILTERING OF USER Joel: 0 ------

Notification scanner thread: Scanning VÝctor.

DO WE HAVE ACCESS TOKEN? 01K3WoNEiYlWqY0oEksVvv52SShxoz
IS IT EXPIRED? {'day': 17, 'month': 4, 'year': 2018, 'hour': 6, 'minute': 28, 'second': 46}
IS IT CONSIDERED TO BE EXPIRED? False

 -------------- TOTAL NUMBER OF AVISOS OF USER VÝctor: 10 -------------

Not new avisos: 10

 ----- TOTAL NUMBER OF AVISOS AFTER FILTERING OF USER VÝctor: 0 ------

Last notification was received 2018-04-16 13:21:40!
Refresh token thread: Refreshing tokens

Notification scanner thread: Last check was done: 2018-04-16 20:46:00.354832

Notification scanner thread: Scanning for notifications

Notification scanner thread: Scanning Albert.

DO WE HAVE ACCESS TOKEN? YlCHW1lWB7SdgfKe8PBkJtC1vZINdT
IS IT EXPIRED? {'day': 17, 'month': 4, 'year': 2018, 'hour': 6, 'minute': 28, 'second': 46}
IS IT CONSIDERED TO BE EXPIRED? False

 -------------- TOTAL NUMBER OF AVISOS OF USER Albert: 53 -------------

Not new avisos: 53

 ----- TOTAL NUMBER OF AVISOS AFTER FILTERING OF USER Albert: 0 ------

Notification scanner thread: Scanning Carla.

DO WE HAVE ACCESS TOKEN? BM91rKFhvBxoRrBUPMirKjPXdQMHRA
IS IT EXPIRED? {'day': 17, 'month': 4, 'year': 2018, 'hour': 6, 'minute': 28, 'second': 46}
IS IT CONSIDERED TO BE EXPIRED? False

 -------------- TOTAL NUMBER OF AVISOS OF USER Carla: 35 -------------

Not new avisos: 35

 ----- TOTAL NUMBER OF AVISOS AFTER FILTERING OF USER Carla: 0 ------

Notification scanner thread: Scanning Joel.

DO WE HAVE ACCESS TOKEN? bb8T461ApiG7P3cxpMq82cj2YDfhkn
IS IT EXPIRED? {'day': 17, 'month': 4, 'year': 2018, 'hour': 6, 'minute': 28, 'second': 46}
IS IT CONSIDERED TO BE EXPIRED? False

 -------------- TOTAL NUMBER OF AVISOS OF USER Joel: 19 -------------

Not new avisos: 19

 ----- TOTAL NUMBER OF AVISOS AFTER FILTERING OF USER Joel: 0 ------

Notification scanner thread: Scanning VÝctor.

DO WE HAVE ACCESS TOKEN? 01K3WoNEiYlWqY0oEksVvv52SShxoz
IS IT EXPIRED? {'day': 17, 'month': 4, 'year': 2018, 'hour': 6, 'minute': 28, 'second': 46}
IS IT CONSIDERED TO BE EXPIRED? False

 -------------- TOTAL NUMBER OF AVISOS OF USER VÝctor: 10 -------------

Not new avisos: 10

 ----- TOTAL NUMBER OF AVISOS AFTER FILTERING OF USER VÝctor: 0 ------

Last notification was received 2018-04-16 13:21:40!
Refresh token thread: Refreshing tokens

Notification scanner thread: Last check was done: 2018-04-16 20:46:32.964914

Notification scanner thread: Scanning for notifications

Notification scanner thread: Scanning Albert.

DO WE HAVE ACCESS TOKEN? YlCHW1lWB7SdgfKe8PBkJtC1vZINdT
IS IT EXPIRED? {'day': 17, 'month': 4, 'year': 2018, 'hour': 6, 'minute': 28, 'second': 46}
IS IT CONSIDERED TO BE EXPIRED? False

 -------------- TOTAL NUMBER OF AVISOS OF USER Albert: 53 -------------

Not new avisos: 53

 ----- TOTAL NUMBER OF AVISOS AFTER FILTERING OF USER Albert: 0 ------

Notification scanner thread: Scanning Carla.

DO WE HAVE ACCESS TOKEN? BM91rKFhvBxoRrBUPMirKjPXdQMHRA
IS IT EXPIRED? {'day': 17, 'month': 4, 'year': 2018, 'hour': 6, 'minute': 28, 'second': 46}
IS IT CONSIDERED TO BE EXPIRED? False

 -------------- TOTAL NUMBER OF AVISOS OF USER Carla: 35 -------------

Not new avisos: 35

 ----- TOTAL NUMBER OF AVISOS AFTER FILTERING OF USER Carla: 0 ------

Notification scanner thread: Scanning Joel.

DO WE HAVE ACCESS TOKEN? bb8T461ApiG7P3cxpMq82cj2YDfhkn
IS IT EXPIRED? {'day': 17, 'month': 4, 'year': 2018, 'hour': 6, 'minute': 28, 'second': 46}
IS IT CONSIDERED TO BE EXPIRED? False

 -------------- TOTAL NUMBER OF AVISOS OF USER Joel: 19 -------------

Not new avisos: 19

 ----- TOTAL NUMBER OF AVISOS AFTER FILTERING OF USER Joel: 0 ------

Notification scanner thread: Scanning VÝctor.

DO WE HAVE ACCESS TOKEN? 01K3WoNEiYlWqY0oEksVvv52SShxoz
IS IT EXPIRED? {'day': 17, 'month': 4, 'year': 2018, 'hour': 6, 'minute': 28, 'second': 46}
IS IT CONSIDERED TO BE EXPIRED? False

 -------------- TOTAL NUMBER OF AVISOS OF USER VÝctor: 10 -------------

Not new avisos: 10

 ----- TOTAL NUMBER OF AVISOS AFTER FILTERING OF USER VÝctor: 0 ------

Last notification was received 2018-04-16 13:21:40!
Refresh token thread: Refreshing tokens

Notification scanner thread: Last check was done: 2018-04-16 20:47:05.526675

Notification scanner thread: Scanning for notifications

Notification scanner thread: Scanning Albert.

DO WE HAVE ACCESS TOKEN? YlCHW1lWB7SdgfKe8PBkJtC1vZINdT
IS IT EXPIRED? {'day': 17, 'month': 4, 'year': 2018, 'hour': 6, 'minute': 28, 'second': 46}
IS IT CONSIDERED TO BE EXPIRED? False

 -------------- TOTAL NUMBER OF AVISOS OF USER Albert: 53 -------------

Not new avisos: 53

 ----- TOTAL NUMBER OF AVISOS AFTER FILTERING OF USER Albert: 0 ------

Notification scanner thread: Scanning Carla.

DO WE HAVE ACCESS TOKEN? BM91rKFhvBxoRrBUPMirKjPXdQMHRA
IS IT EXPIRED? {'day': 17, 'month': 4, 'year': 2018, 'hour': 6, 'minute': 28, 'second': 46}
IS IT CONSIDERED TO BE EXPIRED? False

 -------------- TOTAL NUMBER OF AVISOS OF USER Carla: 35 -------------

Not new avisos: 35

 ----- TOTAL NUMBER OF AVISOS AFTER FILTERING OF USER Carla: 0 ------

Notification scanner thread: Scanning Joel.

DO WE HAVE ACCESS TOKEN? bb8T461ApiG7P3cxpMq82cj2YDfhkn
IS IT EXPIRED? {'day': 17, 'month': 4, 'year': 2018, 'hour': 6, 'minute': 28, 'second': 46}
IS IT CONSIDERED TO BE EXPIRED? False

 -------------- TOTAL NUMBER OF AVISOS OF USER Joel: 19 -------------

Not new avisos: 19

 ----- TOTAL NUMBER OF AVISOS AFTER FILTERING OF USER Joel: 0 ------

Notification scanner thread: Scanning VÝctor.

DO WE HAVE ACCESS TOKEN? 01K3WoNEiYlWqY0oEksVvv52SShxoz
IS IT EXPIRED? {'day': 17, 'month': 4, 'year': 2018, 'hour': 6, 'minute': 28, 'second': 46}
IS IT CONSIDERED TO BE EXPIRED? False

 -------------- TOTAL NUMBER OF AVISOS OF USER VÝctor: 10 -------------

Not new avisos: 10

 ----- TOTAL NUMBER OF AVISOS AFTER FILTERING OF USER VÝctor: 0 ------

Last notification was received 2018-04-16 13:21:40!
Refresh token thread: Refreshing tokens

Notification scanner thread: Last check was done: 2018-04-16 20:47:40.123763

Notification scanner thread: Scanning for notifications

Notification scanner thread: Scanning Albert.

DO WE HAVE ACCESS TOKEN? YlCHW1lWB7SdgfKe8PBkJtC1vZINdT
IS IT EXPIRED? {'day': 17, 'month': 4, 'year': 2018, 'hour': 6, 'minute': 28, 'second': 46}
IS IT CONSIDERED TO BE EXPIRED? False

 -------------- TOTAL NUMBER OF AVISOS OF USER Albert: 53 -------------

Not new avisos: 53

 ----- TOTAL NUMBER OF AVISOS AFTER FILTERING OF USER Albert: 0 ------

Notification scanner thread: Scanning Carla.

DO WE HAVE ACCESS TOKEN? BM91rKFhvBxoRrBUPMirKjPXdQMHRA
IS IT EXPIRED? {'day': 17, 'month': 4, 'year': 2018, 'hour': 6, 'minute': 28, 'second': 46}
IS IT CONSIDERED TO BE EXPIRED? False

 -------------- TOTAL NUMBER OF AVISOS OF USER Carla: 35 -------------

Not new avisos: 35

 ----- TOTAL NUMBER OF AVISOS AFTER FILTERING OF USER Carla: 0 ------

Notification scanner thread: Scanning Joel.

DO WE HAVE ACCESS TOKEN? bb8T461ApiG7P3cxpMq82cj2YDfhkn
IS IT EXPIRED? {'day': 17, 'month': 4, 'year': 2018, 'hour': 6, 'minute': 28, 'second': 46}
IS IT CONSIDERED TO BE EXPIRED? False

 -------------- TOTAL NUMBER OF AVISOS OF USER Joel: 19 -------------

Not new avisos: 19

 ----- TOTAL NUMBER OF AVISOS AFTER FILTERING OF USER Joel: 0 ------

Notification scanner thread: Scanning VÝctor.

DO WE HAVE ACCESS TOKEN? 01K3WoNEiYlWqY0oEksVvv52SShxoz
IS IT EXPIRED? {'day': 17, 'month': 4, 'year': 2018, 'hour': 6, 'minute': 28, 'second': 46}
IS IT CONSIDERED TO BE EXPIRED? False

 -------------- TOTAL NUMBER OF AVISOS OF USER VÝctor: 10 -------------

Not new avisos: 10

 ----- TOTAL NUMBER OF AVISOS AFTER FILTERING OF USER VÝctor: 0 ------

Last notification was received 2018-04-16 13:21:40!
Refresh token thread: Refreshing tokens

Notification scanner thread: Last check was done: 2018-04-16 20:48:12.983718

Notification scanner thread: Scanning for notifications

Notification scanner thread: Scanning Albert.

DO WE HAVE ACCESS TOKEN? YlCHW1lWB7SdgfKe8PBkJtC1vZINdT
IS IT EXPIRED? {'day': 17, 'month': 4, 'year': 2018, 'hour': 6, 'minute': 28, 'second': 46}
IS IT CONSIDERED TO BE EXPIRED? False

 -------------- TOTAL NUMBER OF AVISOS OF USER Albert: 53 -------------

Not new avisos: 53

 ----- TOTAL NUMBER OF AVISOS AFTER FILTERING OF USER Albert: 0 ------

Notification scanner thread: Scanning Carla.

DO WE HAVE ACCESS TOKEN? BM91rKFhvBxoRrBUPMirKjPXdQMHRA
IS IT EXPIRED? {'day': 17, 'month': 4, 'year': 2018, 'hour': 6, 'minute': 28, 'second': 46}
IS IT CONSIDERED TO BE EXPIRED? False

 -------------- TOTAL NUMBER OF AVISOS OF USER Carla: 35 -------------

Not new avisos: 35

 ----- TOTAL NUMBER OF AVISOS AFTER FILTERING OF USER Carla: 0 ------

Notification scanner thread: Scanning Joel.

DO WE HAVE ACCESS TOKEN? bb8T461ApiG7P3cxpMq82cj2YDfhkn
IS IT EXPIRED? {'day': 17, 'month': 4, 'year': 2018, 'hour': 6, 'minute': 28, 'second': 46}
IS IT CONSIDERED TO BE EXPIRED? False

 -------------- TOTAL NUMBER OF AVISOS OF USER Joel: 19 -------------

Not new avisos: 19

 ----- TOTAL NUMBER OF AVISOS AFTER FILTERING OF USER Joel: 0 ------

Notification scanner thread: Scanning VÝctor.

DO WE HAVE ACCESS TOKEN? 01K3WoNEiYlWqY0oEksVvv52SShxoz
IS IT EXPIRED? {'day': 17, 'month': 4, 'year': 2018, 'hour': 6, 'minute': 28, 'second': 46}
IS IT CONSIDERED TO BE EXPIRED? False

 -------------- TOTAL NUMBER OF AVISOS OF USER VÝctor: 10 -------------

Not new avisos: 10

 ----- TOTAL NUMBER OF AVISOS AFTER FILTERING OF USER VÝctor: 0 ------

Last notification was received 2018-04-16 13:21:40!
Refresh token thread: Refreshing tokens

Notification scanner thread: Last check was done: 2018-04-16 20:48:45.487482

Notification scanner thread: Scanning for notifications

Notification scanner thread: Scanning Albert.

DO WE HAVE ACCESS TOKEN? YlCHW1lWB7SdgfKe8PBkJtC1vZINdT
IS IT EXPIRED? {'day': 17, 'month': 4, 'year': 2018, 'hour': 6, 'minute': 28, 'second': 46}
IS IT CONSIDERED TO BE EXPIRED? False

 -------------- TOTAL NUMBER OF AVISOS OF USER Albert: 53 -------------

Not new avisos: 53

 ----- TOTAL NUMBER OF AVISOS AFTER FILTERING OF USER Albert: 0 ------

Notification scanner thread: Scanning Carla.

DO WE HAVE ACCESS TOKEN? BM91rKFhvBxoRrBUPMirKjPXdQMHRA
IS IT EXPIRED? {'day': 17, 'month': 4, 'year': 2018, 'hour': 6, 'minute': 28, 'second': 46}
IS IT CONSIDERED TO BE EXPIRED? False

 -------------- TOTAL NUMBER OF AVISOS OF USER Carla: 35 -------------

Not new avisos: 35

 ----- TOTAL NUMBER OF AVISOS AFTER FILTERING OF USER Carla: 0 ------

Notification scanner thread: Scanning Joel.

Refresh token thread: Refreshing tokens

DO WE HAVE ACCESS TOKEN? bb8T461ApiG7P3cxpMq82cj2YDfhkn
IS IT EXPIRED? {'day': 17, 'month': 4, 'year': 2018, 'hour': 6, 'minute': 28, 'second': 46}
IS IT CONSIDERED TO BE EXPIRED? False

 -------------- TOTAL NUMBER OF AVISOS OF USER Joel: 19 -------------

Not new avisos: 19

 ----- TOTAL NUMBER OF AVISOS AFTER FILTERING OF USER Joel: 0 ------

Notification scanner thread: Scanning VÝctor.

DO WE HAVE ACCESS TOKEN? 01K3WoNEiYlWqY0oEksVvv52SShxoz
IS IT EXPIRED? {'day': 17, 'month': 4, 'year': 2018, 'hour': 6, 'minute': 28, 'second': 46}
IS IT CONSIDERED TO BE EXPIRED? False

 -------------- TOTAL NUMBER OF AVISOS OF USER VÝctor: 10 -------------

Not new avisos: 10

 ----- TOTAL NUMBER OF AVISOS AFTER FILTERING OF USER VÝctor: 0 ------

Last notification was received 2018-04-16 13:21:40!
Refresh token thread: Refreshing tokens

Notification scanner thread: Last check was done: 2018-04-16 20:49:18.049841

Notification scanner thread: Scanning for notifications

Notification scanner thread: Scanning Albert.

DO WE HAVE ACCESS TOKEN? YlCHW1lWB7SdgfKe8PBkJtC1vZINdT
IS IT EXPIRED? {'day': 17, 'month': 4, 'year': 2018, 'hour': 6, 'minute': 28, 'second': 46}
IS IT CONSIDERED TO BE EXPIRED? False

 -------------- TOTAL NUMBER OF AVISOS OF USER Albert: 53 -------------

Not new avisos: 53

 ----- TOTAL NUMBER OF AVISOS AFTER FILTERING OF USER Albert: 0 ------

Notification scanner thread: Scanning Carla.

DO WE HAVE ACCESS TOKEN? BM91rKFhvBxoRrBUPMirKjPXdQMHRA
IS IT EXPIRED? {'day': 17, 'month': 4, 'year': 2018, 'hour': 6, 'minute': 28, 'second': 46}
IS IT CONSIDERED TO BE EXPIRED? False

 -------------- TOTAL NUMBER OF AVISOS OF USER Carla: 35 -------------

Not new avisos: 35

 ----- TOTAL NUMBER OF AVISOS AFTER FILTERING OF USER Carla: 0 ------

Notification scanner thread: Scanning Joel.

DO WE HAVE ACCESS TOKEN? bb8T461ApiG7P3cxpMq82cj2YDfhkn
IS IT EXPIRED? {'day': 17, 'month': 4, 'year': 2018, 'hour': 6, 'minute': 28, 'second': 46}
IS IT CONSIDERED TO BE EXPIRED? False

 -------------- TOTAL NUMBER OF AVISOS OF USER Joel: 19 -------------

Not new avisos: 19

 ----- TOTAL NUMBER OF AVISOS AFTER FILTERING OF USER Joel: 0 ------

Notification scanner thread: Scanning VÝctor.

DO WE HAVE ACCESS TOKEN? 01K3WoNEiYlWqY0oEksVvv52SShxoz
IS IT EXPIRED? {'day': 17, 'month': 4, 'year': 2018, 'hour': 6, 'minute': 28, 'second': 46}
IS IT CONSIDERED TO BE EXPIRED? False

 -------------- TOTAL NUMBER OF AVISOS OF USER VÝctor: 10 -------------

Not new avisos: 10

 ----- TOTAL NUMBER OF AVISOS AFTER FILTERING OF USER VÝctor: 0 ------

Last notification was received 2018-04-16 13:21:40!
Refresh token thread: Refreshing tokens

Notification scanner thread: Last check was done: 2018-04-16 20:49:50.827495

Notification scanner thread: Scanning for notifications

Notification scanner thread: Scanning Albert.

DO WE HAVE ACCESS TOKEN? YlCHW1lWB7SdgfKe8PBkJtC1vZINdT
IS IT EXPIRED? {'day': 17, 'month': 4, 'year': 2018, 'hour': 6, 'minute': 28, 'second': 46}
IS IT CONSIDERED TO BE EXPIRED? False

 -------------- TOTAL NUMBER OF AVISOS OF USER Albert: 53 -------------

Not new avisos: 53

 ----- TOTAL NUMBER OF AVISOS AFTER FILTERING OF USER Albert: 0 ------

Notification scanner thread: Scanning Carla.

DO WE HAVE ACCESS TOKEN? BM91rKFhvBxoRrBUPMirKjPXdQMHRA
IS IT EXPIRED? {'day': 17, 'month': 4, 'year': 2018, 'hour': 6, 'minute': 28, 'second': 46}
IS IT CONSIDERED TO BE EXPIRED? False

 -------------- TOTAL NUMBER OF AVISOS OF USER Carla: 35 -------------

Not new avisos: 35

 ----- TOTAL NUMBER OF AVISOS AFTER FILTERING OF USER Carla: 0 ------

Notification scanner thread: Scanning Joel.

DO WE HAVE ACCESS TOKEN? bb8T461ApiG7P3cxpMq82cj2YDfhkn
IS IT EXPIRED? {'day': 17, 'month': 4, 'year': 2018, 'hour': 6, 'minute': 28, 'second': 46}
IS IT CONSIDERED TO BE EXPIRED? False

 -------------- TOTAL NUMBER OF AVISOS OF USER Joel: 19 -------------

Not new avisos: 19

 ----- TOTAL NUMBER OF AVISOS AFTER FILTERING OF USER Joel: 0 ------

Notification scanner thread: Scanning VÝctor.

DO WE HAVE ACCESS TOKEN? 01K3WoNEiYlWqY0oEksVvv52SShxoz
IS IT EXPIRED? {'day': 17, 'month': 4, 'year': 2018, 'hour': 6, 'minute': 28, 'second': 46}
IS IT CONSIDERED TO BE EXPIRED? False

 -------------- TOTAL NUMBER OF AVISOS OF USER VÝctor: 10 -------------

Not new avisos: 10

 ----- TOTAL NUMBER OF AVISOS AFTER FILTERING OF USER VÝctor: 0 ------

Last notification was received 2018-04-16 13:21:40!
Refresh token thread: Refreshing tokens

Notification scanner thread: Last check was done: 2018-04-16 20:50:23.563143

Notification scanner thread: Scanning for notifications

Notification scanner thread: Scanning Albert.

DO WE HAVE ACCESS TOKEN? YlCHW1lWB7SdgfKe8PBkJtC1vZINdT
IS IT EXPIRED? {'day': 17, 'month': 4, 'year': 2018, 'hour': 6, 'minute': 28, 'second': 46}
IS IT CONSIDERED TO BE EXPIRED? False

 -------------- TOTAL NUMBER OF AVISOS OF USER Albert: 53 -------------

Not new avisos: 53

 ----- TOTAL NUMBER OF AVISOS AFTER FILTERING OF USER Albert: 0 ------

Notification scanner thread: Scanning Carla.

DO WE HAVE ACCESS TOKEN? BM91rKFhvBxoRrBUPMirKjPXdQMHRA
IS IT EXPIRED? {'day': 17, 'month': 4, 'year': 2018, 'hour': 6, 'minute': 28, 'second': 46}
IS IT CONSIDERED TO BE EXPIRED? False

 -------------- TOTAL NUMBER OF AVISOS OF USER Carla: 35 -------------

Not new avisos: 35

 ----- TOTAL NUMBER OF AVISOS AFTER FILTERING OF USER Carla: 0 ------

Notification scanner thread: Scanning Joel.

DO WE HAVE ACCESS TOKEN? bb8T461ApiG7P3cxpMq82cj2YDfhkn
IS IT EXPIRED? {'day': 17, 'month': 4, 'year': 2018, 'hour': 6, 'minute': 28, 'second': 46}
IS IT CONSIDERED TO BE EXPIRED? False

 -------------- TOTAL NUMBER OF AVISOS OF USER Joel: 19 -------------

Not new avisos: 19

 ----- TOTAL NUMBER OF AVISOS AFTER FILTERING OF USER Joel: 0 ------

Notification scanner thread: Scanning VÝctor.

DO WE HAVE ACCESS TOKEN? 01K3WoNEiYlWqY0oEksVvv52SShxoz
IS IT EXPIRED? {'day': 17, 'month': 4, 'year': 2018, 'hour': 6, 'minute': 28, 'second': 46}
IS IT CONSIDERED TO BE EXPIRED? False

 -------------- TOTAL NUMBER OF AVISOS OF USER VÝctor: 10 -------------

Not new avisos: 10

 ----- TOTAL NUMBER OF AVISOS AFTER FILTERING OF USER VÝctor: 0 ------

Last notification was received 2018-04-16 13:21:40!
Refresh token thread: Refreshing tokens

Notification scanner thread: Last check was done: 2018-04-16 20:50:56.469070

Notification scanner thread: Scanning for notifications

Notification scanner thread: Scanning Albert.

DO WE HAVE ACCESS TOKEN? YlCHW1lWB7SdgfKe8PBkJtC1vZINdT
IS IT EXPIRED? {'day': 17, 'month': 4, 'year': 2018, 'hour': 6, 'minute': 28, 'second': 46}
IS IT CONSIDERED TO BE EXPIRED? False

 -------------- TOTAL NUMBER OF AVISOS OF USER Albert: 53 -------------

Not new avisos: 53

 ----- TOTAL NUMBER OF AVISOS AFTER FILTERING OF USER Albert: 0 ------

Notification scanner thread: Scanning Carla.

DO WE HAVE ACCESS TOKEN? BM91rKFhvBxoRrBUPMirKjPXdQMHRA
IS IT EXPIRED? {'day': 17, 'month': 4, 'year': 2018, 'hour': 6, 'minute': 28, 'second': 46}
IS IT CONSIDERED TO BE EXPIRED? False

 -------------- TOTAL NUMBER OF AVISOS OF USER Carla: 35 -------------

Not new avisos: 35

 ----- TOTAL NUMBER OF AVISOS AFTER FILTERING OF USER Carla: 0 ------

Notification scanner thread: Scanning Joel.

DO WE HAVE ACCESS TOKEN? bb8T461ApiG7P3cxpMq82cj2YDfhkn
IS IT EXPIRED? {'day': 17, 'month': 4, 'year': 2018, 'hour': 6, 'minute': 28, 'second': 46}
IS IT CONSIDERED TO BE EXPIRED? False

 -------------- TOTAL NUMBER OF AVISOS OF USER Joel: 19 -------------

Not new avisos: 19

 ----- TOTAL NUMBER OF AVISOS AFTER FILTERING OF USER Joel: 0 ------

Notification scanner thread: Scanning VÝctor.

DO WE HAVE ACCESS TOKEN? 01K3WoNEiYlWqY0oEksVvv52SShxoz
IS IT EXPIRED? {'day': 17, 'month': 4, 'year': 2018, 'hour': 6, 'minute': 28, 'second': 46}
IS IT CONSIDERED TO BE EXPIRED? False

 -------------- TOTAL NUMBER OF AVISOS OF USER VÝctor: 10 -------------

Not new avisos: 10

 ----- TOTAL NUMBER OF AVISOS AFTER FILTERING OF USER VÝctor: 0 ------

Last notification was received 2018-04-16 13:21:40!
Refresh token thread: Refreshing tokens

Notification scanner thread: Last check was done: 2018-04-16 20:51:31.112758

Notification scanner thread: Scanning for notifications

Notification scanner thread: Scanning Albert.

DO WE HAVE ACCESS TOKEN? YlCHW1lWB7SdgfKe8PBkJtC1vZINdT
IS IT EXPIRED? {'day': 17, 'month': 4, 'year': 2018, 'hour': 6, 'minute': 28, 'second': 46}
IS IT CONSIDERED TO BE EXPIRED? False

 -------------- TOTAL NUMBER OF AVISOS OF USER Albert: 53 -------------

Not new avisos: 53

 ----- TOTAL NUMBER OF AVISOS AFTER FILTERING OF USER Albert: 0 ------

Notification scanner thread: Scanning Carla.

DO WE HAVE ACCESS TOKEN? BM91rKFhvBxoRrBUPMirKjPXdQMHRA
IS IT EXPIRED? {'day': 17, 'month': 4, 'year': 2018, 'hour': 6, 'minute': 28, 'second': 46}
IS IT CONSIDERED TO BE EXPIRED? False

 -------------- TOTAL NUMBER OF AVISOS OF USER Carla: 35 -------------

Not new avisos: 35

 ----- TOTAL NUMBER OF AVISOS AFTER FILTERING OF USER Carla: 0 ------

Notification scanner thread: Scanning Joel.

DO WE HAVE ACCESS TOKEN? bb8T461ApiG7P3cxpMq82cj2YDfhkn
IS IT EXPIRED? {'day': 17, 'month': 4, 'year': 2018, 'hour': 6, 'minute': 28, 'second': 46}
IS IT CONSIDERED TO BE EXPIRED? False

 -------------- TOTAL NUMBER OF AVISOS OF USER Joel: 19 -------------

Not new avisos: 19

 ----- TOTAL NUMBER OF AVISOS AFTER FILTERING OF USER Joel: 0 ------

Notification scanner thread: Scanning VÝctor.

DO WE HAVE ACCESS TOKEN? 01K3WoNEiYlWqY0oEksVvv52SShxoz
IS IT EXPIRED? {'day': 17, 'month': 4, 'year': 2018, 'hour': 6, 'minute': 28, 'second': 46}
IS IT CONSIDERED TO BE EXPIRED? False

 -------------- TOTAL NUMBER OF AVISOS OF USER VÝctor: 10 -------------

Not new avisos: 10

 ----- TOTAL NUMBER OF AVISOS AFTER FILTERING OF USER VÝctor: 0 ------

Last notification was received 2018-04-16 13:21:40!
Refresh token thread: Refreshing tokens

Notification scanner thread: Last check was done: 2018-04-16 20:52:03.789981

Notification scanner thread: Scanning for notifications

Notification scanner thread: Scanning Albert.

DO WE HAVE ACCESS TOKEN? YlCHW1lWB7SdgfKe8PBkJtC1vZINdT
IS IT EXPIRED? {'day': 17, 'month': 4, 'year': 2018, 'hour': 6, 'minute': 28, 'second': 46}
IS IT CONSIDERED TO BE EXPIRED? False

 -------------- TOTAL NUMBER OF AVISOS OF USER Albert: 53 -------------

Not new avisos: 53

 ----- TOTAL NUMBER OF AVISOS AFTER FILTERING OF USER Albert: 0 ------

Notification scanner thread: Scanning Carla.

DO WE HAVE ACCESS TOKEN? BM91rKFhvBxoRrBUPMirKjPXdQMHRA
IS IT EXPIRED? {'day': 17, 'month': 4, 'year': 2018, 'hour': 6, 'minute': 28, 'second': 46}
IS IT CONSIDERED TO BE EXPIRED? False

 -------------- TOTAL NUMBER OF AVISOS OF USER Carla: 35 -------------

Not new avisos: 35

 ----- TOTAL NUMBER OF AVISOS AFTER FILTERING OF USER Carla: 0 ------

Notification scanner thread: Scanning Joel.

DO WE HAVE ACCESS TOKEN? bb8T461ApiG7P3cxpMq82cj2YDfhkn
IS IT EXPIRED? {'day': 17, 'month': 4, 'year': 2018, 'hour': 6, 'minute': 28, 'second': 46}
IS IT CONSIDERED TO BE EXPIRED? False

 -------------- TOTAL NUMBER OF AVISOS OF USER Joel: 19 -------------

Not new avisos: 19

 ----- TOTAL NUMBER OF AVISOS AFTER FILTERING OF USER Joel: 0 ------

Notification scanner thread: Scanning VÝctor.

DO WE HAVE ACCESS TOKEN? 01K3WoNEiYlWqY0oEksVvv52SShxoz
IS IT EXPIRED? {'day': 17, 'month': 4, 'year': 2018, 'hour': 6, 'minute': 28, 'second': 46}
IS IT CONSIDERED TO BE EXPIRED? False

 -------------- TOTAL NUMBER OF AVISOS OF USER VÝctor: 10 -------------

Not new avisos: 10

 ----- TOTAL NUMBER OF AVISOS AFTER FILTERING OF USER VÝctor: 0 ------

Last notification was received 2018-04-16 13:21:40!
Refresh token thread: Refreshing tokens

Notification scanner thread: Last check was done: 2018-04-16 20:52:36.716498

Notification scanner thread: Scanning for notifications

Notification scanner thread: Scanning Albert.

DO WE HAVE ACCESS TOKEN? YlCHW1lWB7SdgfKe8PBkJtC1vZINdT
IS IT EXPIRED? {'day': 17, 'month': 4, 'year': 2018, 'hour': 6, 'minute': 28, 'second': 46}
IS IT CONSIDERED TO BE EXPIRED? False

 -------------- TOTAL NUMBER OF AVISOS OF USER Albert: 53 -------------

Not new avisos: 53

 ----- TOTAL NUMBER OF AVISOS AFTER FILTERING OF USER Albert: 0 ------

Notification scanner thread: Scanning Carla.

DO WE HAVE ACCESS TOKEN? BM91rKFhvBxoRrBUPMirKjPXdQMHRA
IS IT EXPIRED? {'day': 17, 'month': 4, 'year': 2018, 'hour': 6, 'minute': 28, 'second': 46}
IS IT CONSIDERED TO BE EXPIRED? False

 -------------- TOTAL NUMBER OF AVISOS OF USER Carla: 35 -------------

Not new avisos: 35

 ----- TOTAL NUMBER OF AVISOS AFTER FILTERING OF USER Carla: 0 ------

Notification scanner thread: Scanning Joel.

DO WE HAVE ACCESS TOKEN? bb8T461ApiG7P3cxpMq82cj2YDfhkn
IS IT EXPIRED? {'day': 17, 'month': 4, 'year': 2018, 'hour': 6, 'minute': 28, 'second': 46}
IS IT CONSIDERED TO BE EXPIRED? False

 -------------- TOTAL NUMBER OF AVISOS OF USER Joel: 19 -------------

Not new avisos: 19

 ----- TOTAL NUMBER OF AVISOS AFTER FILTERING OF USER Joel: 0 ------

Notification scanner thread: Scanning VÝctor.

DO WE HAVE ACCESS TOKEN? 01K3WoNEiYlWqY0oEksVvv52SShxoz
IS IT EXPIRED? {'day': 17, 'month': 4, 'year': 2018, 'hour': 6, 'minute': 28, 'second': 46}
IS IT CONSIDERED TO BE EXPIRED? False

 -------------- TOTAL NUMBER OF AVISOS OF USER VÝctor: 10 -------------

Not new avisos: 10

 ----- TOTAL NUMBER OF AVISOS AFTER FILTERING OF USER VÝctor: 0 ------

Last notification was received 2018-04-16 13:21:40!
Refresh token thread: Refreshing tokens

Notification scanner thread: Last check was done: 2018-04-16 20:53:09.405657

Notification scanner thread: Scanning for notifications

Notification scanner thread: Scanning Albert.

DO WE HAVE ACCESS TOKEN? YlCHW1lWB7SdgfKe8PBkJtC1vZINdT
IS IT EXPIRED? {'day': 17, 'month': 4, 'year': 2018, 'hour': 6, 'minute': 28, 'second': 46}
IS IT CONSIDERED TO BE EXPIRED? False

 -------------- TOTAL NUMBER OF AVISOS OF USER Albert: 53 -------------

Not new avisos: 53

 ----- TOTAL NUMBER OF AVISOS AFTER FILTERING OF USER Albert: 0 ------

Notification scanner thread: Scanning Carla.

DO WE HAVE ACCESS TOKEN? BM91rKFhvBxoRrBUPMirKjPXdQMHRA
IS IT EXPIRED? {'day': 17, 'month': 4, 'year': 2018, 'hour': 6, 'minute': 28, 'second': 46}
IS IT CONSIDERED TO BE EXPIRED? False

 -------------- TOTAL NUMBER OF AVISOS OF USER Carla: 35 -------------

Not new avisos: 35

 ----- TOTAL NUMBER OF AVISOS AFTER FILTERING OF USER Carla: 0 ------

Notification scanner thread: Scanning Joel.

DO WE HAVE ACCESS TOKEN? bb8T461ApiG7P3cxpMq82cj2YDfhkn
IS IT EXPIRED? {'day': 17, 'month': 4, 'year': 2018, 'hour': 6, 'minute': 28, 'second': 46}
IS IT CONSIDERED TO BE EXPIRED? False

 -------------- TOTAL NUMBER OF AVISOS OF USER Joel: 19 -------------

Not new avisos: 19

 ----- TOTAL NUMBER OF AVISOS AFTER FILTERING OF USER Joel: 0 ------

Notification scanner thread: Scanning VÝctor.

DO WE HAVE ACCESS TOKEN? 01K3WoNEiYlWqY0oEksVvv52SShxoz
IS IT EXPIRED? {'day': 17, 'month': 4, 'year': 2018, 'hour': 6, 'minute': 28, 'second': 46}
IS IT CONSIDERED TO BE EXPIRED? False

 -------------- TOTAL NUMBER OF AVISOS OF USER VÝctor: 10 -------------

Not new avisos: 10

 ----- TOTAL NUMBER OF AVISOS AFTER FILTERING OF USER VÝctor: 0 ------

Last notification was received 2018-04-16 13:21:40!
Refresh token thread: Refreshing tokens

Notification scanner thread: Last check was done: 2018-04-16 20:53:41.904552

Notification scanner thread: Scanning for notifications

Notification scanner thread: Scanning Albert.

DO WE HAVE ACCESS TOKEN? YlCHW1lWB7SdgfKe8PBkJtC1vZINdT
IS IT EXPIRED? {'day': 17, 'month': 4, 'year': 2018, 'hour': 6, 'minute': 28, 'second': 46}
IS IT CONSIDERED TO BE EXPIRED? False

 -------------- TOTAL NUMBER OF AVISOS OF USER Albert: 53 -------------

Not new avisos: 53

 ----- TOTAL NUMBER OF AVISOS AFTER FILTERING OF USER Albert: 0 ------

Notification scanner thread: Scanning Carla.

DO WE HAVE ACCESS TOKEN? BM91rKFhvBxoRrBUPMirKjPXdQMHRA
IS IT EXPIRED? {'day': 17, 'month': 4, 'year': 2018, 'hour': 6, 'minute': 28, 'second': 46}
IS IT CONSIDERED TO BE EXPIRED? False

 -------------- TOTAL NUMBER OF AVISOS OF USER Carla: 35 -------------

Not new avisos: 35

 ----- TOTAL NUMBER OF AVISOS AFTER FILTERING OF USER Carla: 0 ------

Notification scanner thread: Scanning Joel.

DO WE HAVE ACCESS TOKEN? bb8T461ApiG7P3cxpMq82cj2YDfhkn
IS IT EXPIRED? {'day': 17, 'month': 4, 'year': 2018, 'hour': 6, 'minute': 28, 'second': 46}
IS IT CONSIDERED TO BE EXPIRED? False

 -------------- TOTAL NUMBER OF AVISOS OF USER Joel: 19 -------------

Not new avisos: 19

 ----- TOTAL NUMBER OF AVISOS AFTER FILTERING OF USER Joel: 0 ------

Notification scanner thread: Scanning VÝctor.

DO WE HAVE ACCESS TOKEN? 01K3WoNEiYlWqY0oEksVvv52SShxoz
IS IT EXPIRED? {'day': 17, 'month': 4, 'year': 2018, 'hour': 6, 'minute': 28, 'second': 46}
IS IT CONSIDERED TO BE EXPIRED? False

 -------------- TOTAL NUMBER OF AVISOS OF USER VÝctor: 10 -------------

Not new avisos: 10

 ----- TOTAL NUMBER OF AVISOS AFTER FILTERING OF USER VÝctor: 0 ------

Last notification was received 2018-04-16 13:21:40!
Refresh token thread: Refreshing tokens

Notification scanner thread: Last check was done: 2018-04-16 20:54:14.507838

Notification scanner thread: Scanning for notifications

Notification scanner thread: Scanning Albert.

DO WE HAVE ACCESS TOKEN? YlCHW1lWB7SdgfKe8PBkJtC1vZINdT
IS IT EXPIRED? {'day': 17, 'month': 4, 'year': 2018, 'hour': 6, 'minute': 28, 'second': 46}
IS IT CONSIDERED TO BE EXPIRED? False

 -------------- TOTAL NUMBER OF AVISOS OF USER Albert: 53 -------------

Not new avisos: 53

 ----- TOTAL NUMBER OF AVISOS AFTER FILTERING OF USER Albert: 0 ------

Notification scanner thread: Scanning Carla.

DO WE HAVE ACCESS TOKEN? BM91rKFhvBxoRrBUPMirKjPXdQMHRA
IS IT EXPIRED? {'day': 17, 'month': 4, 'year': 2018, 'hour': 6, 'minute': 28, 'second': 46}
IS IT CONSIDERED TO BE EXPIRED? False

 -------------- TOTAL NUMBER OF AVISOS OF USER Carla: 35 -------------

Not new avisos: 35

 ----- TOTAL NUMBER OF AVISOS AFTER FILTERING OF USER Carla: 0 ------

Notification scanner thread: Scanning Joel.

DO WE HAVE ACCESS TOKEN? bb8T461ApiG7P3cxpMq82cj2YDfhkn
IS IT EXPIRED? {'day': 17, 'month': 4, 'year': 2018, 'hour': 6, 'minute': 28, 'second': 46}
IS IT CONSIDERED TO BE EXPIRED? False

 -------------- TOTAL NUMBER OF AVISOS OF USER Joel: 19 -------------

Not new avisos: 19

 ----- TOTAL NUMBER OF AVISOS AFTER FILTERING OF USER Joel: 0 ------

Notification scanner thread: Scanning VÝctor.

DO WE HAVE ACCESS TOKEN? 01K3WoNEiYlWqY0oEksVvv52SShxoz
IS IT EXPIRED? {'day': 17, 'month': 4, 'year': 2018, 'hour': 6, 'minute': 28, 'second': 46}
IS IT CONSIDERED TO BE EXPIRED? False

 -------------- TOTAL NUMBER OF AVISOS OF USER VÝctor: 10 -------------

Not new avisos: 10

 ----- TOTAL NUMBER OF AVISOS AFTER FILTERING OF USER VÝctor: 0 ------

Last notification was received 2018-04-16 13:21:40!
Refresh token thread: Refreshing tokens

Notification scanner thread: Last check was done: 2018-04-16 20:54:47.004183

Notification scanner thread: Scanning for notifications

Notification scanner thread: Scanning Albert.

Refresh token thread: Refreshing tokens

DO WE HAVE ACCESS TOKEN? YlCHW1lWB7SdgfKe8PBkJtC1vZINdT
IS IT EXPIRED? {'day': 17, 'month': 4, 'year': 2018, 'hour': 6, 'minute': 28, 'second': 46}
IS IT CONSIDERED TO BE EXPIRED? False

 -------------- TOTAL NUMBER OF AVISOS OF USER Albert: 53 -------------

Not new avisos: 53

 ----- TOTAL NUMBER OF AVISOS AFTER FILTERING OF USER Albert: 0 ------

Notification scanner thread: Scanning Carla.

DO WE HAVE ACCESS TOKEN? BM91rKFhvBxoRrBUPMirKjPXdQMHRA
IS IT EXPIRED? {'day': 17, 'month': 4, 'year': 2018, 'hour': 6, 'minute': 28, 'second': 46}
IS IT CONSIDERED TO BE EXPIRED? False

 -------------- TOTAL NUMBER OF AVISOS OF USER Carla: 35 -------------

Not new avisos: 35

 ----- TOTAL NUMBER OF AVISOS AFTER FILTERING OF USER Carla: 0 ------

Notification scanner thread: Scanning Joel.

DO WE HAVE ACCESS TOKEN? bb8T461ApiG7P3cxpMq82cj2YDfhkn
IS IT EXPIRED? {'day': 17, 'month': 4, 'year': 2018, 'hour': 6, 'minute': 28, 'second': 46}
IS IT CONSIDERED TO BE EXPIRED? False

 -------------- TOTAL NUMBER OF AVISOS OF USER Joel: 19 -------------

Not new avisos: 19

 ----- TOTAL NUMBER OF AVISOS AFTER FILTERING OF USER Joel: 0 ------

Notification scanner thread: Scanning VÝctor.

DO WE HAVE ACCESS TOKEN? 01K3WoNEiYlWqY0oEksVvv52SShxoz
IS IT EXPIRED? {'day': 17, 'month': 4, 'year': 2018, 'hour': 6, 'minute': 28, 'second': 46}
IS IT CONSIDERED TO BE EXPIRED? False

 -------------- TOTAL NUMBER OF AVISOS OF USER VÝctor: 10 -------------

Not new avisos: 10

 ----- TOTAL NUMBER OF AVISOS AFTER FILTERING OF USER VÝctor: 0 ------

Last notification was received 2018-04-16 13:21:40!
Refresh token thread: Refreshing tokens

Notification scanner thread: Last check was done: 2018-04-16 20:55:19.664018

Notification scanner thread: Scanning for notifications

Notification scanner thread: Scanning Albert.

DO WE HAVE ACCESS TOKEN? YlCHW1lWB7SdgfKe8PBkJtC1vZINdT
IS IT EXPIRED? {'day': 17, 'month': 4, 'year': 2018, 'hour': 6, 'minute': 28, 'second': 46}
IS IT CONSIDERED TO BE EXPIRED? False

 -------------- TOTAL NUMBER OF AVISOS OF USER Albert: 53 -------------

Not new avisos: 53

 ----- TOTAL NUMBER OF AVISOS AFTER FILTERING OF USER Albert: 0 ------

Notification scanner thread: Scanning Carla.

DO WE HAVE ACCESS TOKEN? BM91rKFhvBxoRrBUPMirKjPXdQMHRA
IS IT EXPIRED? {'day': 17, 'month': 4, 'year': 2018, 'hour': 6, 'minute': 28, 'second': 46}
IS IT CONSIDERED TO BE EXPIRED? False

 -------------- TOTAL NUMBER OF AVISOS OF USER Carla: 35 -------------

Not new avisos: 35

 ----- TOTAL NUMBER OF AVISOS AFTER FILTERING OF USER Carla: 0 ------

Notification scanner thread: Scanning Joel.

DO WE HAVE ACCESS TOKEN? bb8T461ApiG7P3cxpMq82cj2YDfhkn
IS IT EXPIRED? {'day': 17, 'month': 4, 'year': 2018, 'hour': 6, 'minute': 28, 'second': 46}
IS IT CONSIDERED TO BE EXPIRED? False

 -------------- TOTAL NUMBER OF AVISOS OF USER Joel: 19 -------------

Not new avisos: 19

 ----- TOTAL NUMBER OF AVISOS AFTER FILTERING OF USER Joel: 0 ------

Notification scanner thread: Scanning VÝctor.

DO WE HAVE ACCESS TOKEN? 01K3WoNEiYlWqY0oEksVvv52SShxoz
IS IT EXPIRED? {'day': 17, 'month': 4, 'year': 2018, 'hour': 6, 'minute': 28, 'second': 46}
IS IT CONSIDERED TO BE EXPIRED? False

 -------------- TOTAL NUMBER OF AVISOS OF USER VÝctor: 10 -------------

Not new avisos: 10

 ----- TOTAL NUMBER OF AVISOS AFTER FILTERING OF USER VÝctor: 0 ------

Last notification was received 2018-04-16 13:21:40!
Refresh token thread: Refreshing tokens

Notification scanner thread: Last check was done: 2018-04-16 20:55:52.255656

Notification scanner thread: Scanning for notifications

Notification scanner thread: Scanning Albert.

DO WE HAVE ACCESS TOKEN? YlCHW1lWB7SdgfKe8PBkJtC1vZINdT
IS IT EXPIRED? {'day': 17, 'month': 4, 'year': 2018, 'hour': 6, 'minute': 28, 'second': 46}
IS IT CONSIDERED TO BE EXPIRED? False

 -------------- TOTAL NUMBER OF AVISOS OF USER Albert: 53 -------------

Not new avisos: 53

 ----- TOTAL NUMBER OF AVISOS AFTER FILTERING OF USER Albert: 0 ------

Notification scanner thread: Scanning Carla.

DO WE HAVE ACCESS TOKEN? BM91rKFhvBxoRrBUPMirKjPXdQMHRA
IS IT EXPIRED? {'day': 17, 'month': 4, 'year': 2018, 'hour': 6, 'minute': 28, 'second': 46}
IS IT CONSIDERED TO BE EXPIRED? False

 -------------- TOTAL NUMBER OF AVISOS OF USER Carla: 35 -------------

Not new avisos: 35

 ----- TOTAL NUMBER OF AVISOS AFTER FILTERING OF USER Carla: 0 ------

Notification scanner thread: Scanning Joel.

DO WE HAVE ACCESS TOKEN? bb8T461ApiG7P3cxpMq82cj2YDfhkn
IS IT EXPIRED? {'day': 17, 'month': 4, 'year': 2018, 'hour': 6, 'minute': 28, 'second': 46}
IS IT CONSIDERED TO BE EXPIRED? False

 -------------- TOTAL NUMBER OF AVISOS OF USER Joel: 19 -------------

Not new avisos: 19

 ----- TOTAL NUMBER OF AVISOS AFTER FILTERING OF USER Joel: 0 ------

Notification scanner thread: Scanning VÝctor.

DO WE HAVE ACCESS TOKEN? 01K3WoNEiYlWqY0oEksVvv52SShxoz
IS IT EXPIRED? {'day': 17, 'month': 4, 'year': 2018, 'hour': 6, 'minute': 28, 'second': 46}
IS IT CONSIDERED TO BE EXPIRED? False

 -------------- TOTAL NUMBER OF AVISOS OF USER VÝctor: 10 -------------

Not new avisos: 10

 ----- TOTAL NUMBER OF AVISOS AFTER FILTERING OF USER VÝctor: 0 ------

Last notification was received 2018-04-16 13:21:40!
Refresh token thread: Refreshing tokens

Notification scanner thread: Last check was done: 2018-04-16 20:56:24.795370

Notification scanner thread: Scanning for notifications

Notification scanner thread: Scanning Albert.

DO WE HAVE ACCESS TOKEN? YlCHW1lWB7SdgfKe8PBkJtC1vZINdT
IS IT EXPIRED? {'day': 17, 'month': 4, 'year': 2018, 'hour': 6, 'minute': 28, 'second': 46}
IS IT CONSIDERED TO BE EXPIRED? False

 -------------- TOTAL NUMBER OF AVISOS OF USER Albert: 53 -------------

Not new avisos: 53

 ----- TOTAL NUMBER OF AVISOS AFTER FILTERING OF USER Albert: 0 ------

Notification scanner thread: Scanning Carla.

DO WE HAVE ACCESS TOKEN? BM91rKFhvBxoRrBUPMirKjPXdQMHRA
IS IT EXPIRED? {'day': 17, 'month': 4, 'year': 2018, 'hour': 6, 'minute': 28, 'second': 46}
IS IT CONSIDERED TO BE EXPIRED? False

 -------------- TOTAL NUMBER OF AVISOS OF USER Carla: 35 -------------

Not new avisos: 35

 ----- TOTAL NUMBER OF AVISOS AFTER FILTERING OF USER Carla: 0 ------

Notification scanner thread: Scanning Joel.

DO WE HAVE ACCESS TOKEN? bb8T461ApiG7P3cxpMq82cj2YDfhkn
IS IT EXPIRED? {'day': 17, 'month': 4, 'year': 2018, 'hour': 6, 'minute': 28, 'second': 46}
IS IT CONSIDERED TO BE EXPIRED? False

 -------------- TOTAL NUMBER OF AVISOS OF USER Joel: 19 -------------

Not new avisos: 19

 ----- TOTAL NUMBER OF AVISOS AFTER FILTERING OF USER Joel: 0 ------

Notification scanner thread: Scanning VÝctor.

DO WE HAVE ACCESS TOKEN? 01K3WoNEiYlWqY0oEksVvv52SShxoz
IS IT EXPIRED? {'day': 17, 'month': 4, 'year': 2018, 'hour': 6, 'minute': 28, 'second': 46}
IS IT CONSIDERED TO BE EXPIRED? False

 -------------- TOTAL NUMBER OF AVISOS OF USER VÝctor: 10 -------------

Not new avisos: 10

 ----- TOTAL NUMBER OF AVISOS AFTER FILTERING OF USER VÝctor: 0 ------

Last notification was received 2018-04-16 13:21:40!
Refresh token thread: Refreshing tokens

Notification scanner thread: Last check was done: 2018-04-16 20:56:57.566882

Notification scanner thread: Scanning for notifications

Notification scanner thread: Scanning Albert.

DO WE HAVE ACCESS TOKEN? YlCHW1lWB7SdgfKe8PBkJtC1vZINdT
IS IT EXPIRED? {'day': 17, 'month': 4, 'year': 2018, 'hour': 6, 'minute': 28, 'second': 46}
IS IT CONSIDERED TO BE EXPIRED? False

 -------------- TOTAL NUMBER OF AVISOS OF USER Albert: 53 -------------

Not new avisos: 53

 ----- TOTAL NUMBER OF AVISOS AFTER FILTERING OF USER Albert: 0 ------

Notification scanner thread: Scanning Carla.

DO WE HAVE ACCESS TOKEN? BM91rKFhvBxoRrBUPMirKjPXdQMHRA
IS IT EXPIRED? {'day': 17, 'month': 4, 'year': 2018, 'hour': 6, 'minute': 28, 'second': 46}
IS IT CONSIDERED TO BE EXPIRED? False

 -------------- TOTAL NUMBER OF AVISOS OF USER Carla: 35 -------------

Not new avisos: 35

 ----- TOTAL NUMBER OF AVISOS AFTER FILTERING OF USER Carla: 0 ------

Notification scanner thread: Scanning Joel.

DO WE HAVE ACCESS TOKEN? bb8T461ApiG7P3cxpMq82cj2YDfhkn
IS IT EXPIRED? {'day': 17, 'month': 4, 'year': 2018, 'hour': 6, 'minute': 28, 'second': 46}
IS IT CONSIDERED TO BE EXPIRED? False

 -------------- TOTAL NUMBER OF AVISOS OF USER Joel: 19 -------------

Not new avisos: 19

 ----- TOTAL NUMBER OF AVISOS AFTER FILTERING OF USER Joel: 0 ------

Notification scanner thread: Scanning VÝctor.

DO WE HAVE ACCESS TOKEN? 01K3WoNEiYlWqY0oEksVvv52SShxoz
IS IT EXPIRED? {'day': 17, 'month': 4, 'year': 2018, 'hour': 6, 'minute': 28, 'second': 46}
IS IT CONSIDERED TO BE EXPIRED? False

 -------------- TOTAL NUMBER OF AVISOS OF USER VÝctor: 10 -------------

Not new avisos: 10

 ----- TOTAL NUMBER OF AVISOS AFTER FILTERING OF USER VÝctor: 0 ------

Last notification was received 2018-04-16 13:21:40!
Refresh token thread: Refreshing tokens

Notification scanner thread: Last check was done: 2018-04-16 20:57:30.308740

Notification scanner thread: Scanning for notifications

Notification scanner thread: Scanning Albert.

DO WE HAVE ACCESS TOKEN? YlCHW1lWB7SdgfKe8PBkJtC1vZINdT
IS IT EXPIRED? {'day': 17, 'month': 4, 'year': 2018, 'hour': 6, 'minute': 28, 'second': 46}
IS IT CONSIDERED TO BE EXPIRED? False

 -------------- TOTAL NUMBER OF AVISOS OF USER Albert: 53 -------------

Not new avisos: 53

 ----- TOTAL NUMBER OF AVISOS AFTER FILTERING OF USER Albert: 0 ------

Notification scanner thread: Scanning Carla.

DO WE HAVE ACCESS TOKEN? BM91rKFhvBxoRrBUPMirKjPXdQMHRA
IS IT EXPIRED? {'day': 17, 'month': 4, 'year': 2018, 'hour': 6, 'minute': 28, 'second': 46}
IS IT CONSIDERED TO BE EXPIRED? False

 -------------- TOTAL NUMBER OF AVISOS OF USER Carla: 35 -------------

Not new avisos: 35

 ----- TOTAL NUMBER OF AVISOS AFTER FILTERING OF USER Carla: 0 ------

Notification scanner thread: Scanning Joel.

DO WE HAVE ACCESS TOKEN? bb8T461ApiG7P3cxpMq82cj2YDfhkn
IS IT EXPIRED? {'day': 17, 'month': 4, 'year': 2018, 'hour': 6, 'minute': 28, 'second': 46}
IS IT CONSIDERED TO BE EXPIRED? False

 -------------- TOTAL NUMBER OF AVISOS OF USER Joel: 19 -------------

Not new avisos: 19

 ----- TOTAL NUMBER OF AVISOS AFTER FILTERING OF USER Joel: 0 ------

Notification scanner thread: Scanning VÝctor.

DO WE HAVE ACCESS TOKEN? 01K3WoNEiYlWqY0oEksVvv52SShxoz
IS IT EXPIRED? {'day': 17, 'month': 4, 'year': 2018, 'hour': 6, 'minute': 28, 'second': 46}
IS IT CONSIDERED TO BE EXPIRED? False

 -------------- TOTAL NUMBER OF AVISOS OF USER VÝctor: 10 -------------

Not new avisos: 10

 ----- TOTAL NUMBER OF AVISOS AFTER FILTERING OF USER VÝctor: 0 ------

Last notification was received 2018-04-16 13:21:40!
Refresh token thread: Refreshing tokens

Notification scanner thread: Last check was done: 2018-04-16 20:58:02.835712

Notification scanner thread: Scanning for notifications

Notification scanner thread: Scanning Albert.

DO WE HAVE ACCESS TOKEN? YlCHW1lWB7SdgfKe8PBkJtC1vZINdT
IS IT EXPIRED? {'day': 17, 'month': 4, 'year': 2018, 'hour': 6, 'minute': 28, 'second': 46}
IS IT CONSIDERED TO BE EXPIRED? False

 -------------- TOTAL NUMBER OF AVISOS OF USER Albert: 53 -------------

Not new avisos: 53

 ----- TOTAL NUMBER OF AVISOS AFTER FILTERING OF USER Albert: 0 ------

Notification scanner thread: Scanning Carla.

DO WE HAVE ACCESS TOKEN? BM91rKFhvBxoRrBUPMirKjPXdQMHRA
IS IT EXPIRED? {'day': 17, 'month': 4, 'year': 2018, 'hour': 6, 'minute': 28, 'second': 46}
IS IT CONSIDERED TO BE EXPIRED? False

 -------------- TOTAL NUMBER OF AVISOS OF USER Carla: 35 -------------

Not new avisos: 35

 ----- TOTAL NUMBER OF AVISOS AFTER FILTERING OF USER Carla: 0 ------

Notification scanner thread: Scanning Joel.

DO WE HAVE ACCESS TOKEN? bb8T461ApiG7P3cxpMq82cj2YDfhkn
IS IT EXPIRED? {'day': 17, 'month': 4, 'year': 2018, 'hour': 6, 'minute': 28, 'second': 46}
IS IT CONSIDERED TO BE EXPIRED? False

 -------------- TOTAL NUMBER OF AVISOS OF USER Joel: 19 -------------

Not new avisos: 19

 ----- TOTAL NUMBER OF AVISOS AFTER FILTERING OF USER Joel: 0 ------

Notification scanner thread: Scanning VÝctor.

DO WE HAVE ACCESS TOKEN? 01K3WoNEiYlWqY0oEksVvv52SShxoz
IS IT EXPIRED? {'day': 17, 'month': 4, 'year': 2018, 'hour': 6, 'minute': 28, 'second': 46}
IS IT CONSIDERED TO BE EXPIRED? False

 -------------- TOTAL NUMBER OF AVISOS OF USER VÝctor: 10 -------------

Not new avisos: 10

 ----- TOTAL NUMBER OF AVISOS AFTER FILTERING OF USER VÝctor: 0 ------

Last notification was received 2018-04-16 13:21:40!
Refresh token thread: Refreshing tokens

Notification scanner thread: Last check was done: 2018-04-16 20:58:35.455242

Notification scanner thread: Scanning for notifications

Notification scanner thread: Scanning Albert.

DO WE HAVE ACCESS TOKEN? YlCHW1lWB7SdgfKe8PBkJtC1vZINdT
IS IT EXPIRED? {'day': 17, 'month': 4, 'year': 2018, 'hour': 6, 'minute': 28, 'second': 46}
IS IT CONSIDERED TO BE EXPIRED? False

 -------------- TOTAL NUMBER OF AVISOS OF USER Albert: 53 -------------

Not new avisos: 53

 ----- TOTAL NUMBER OF AVISOS AFTER FILTERING OF USER Albert: 0 ------

Notification scanner thread: Scanning Carla.

DO WE HAVE ACCESS TOKEN? BM91rKFhvBxoRrBUPMirKjPXdQMHRA
IS IT EXPIRED? {'day': 17, 'month': 4, 'year': 2018, 'hour': 6, 'minute': 28, 'second': 46}
IS IT CONSIDERED TO BE EXPIRED? False

 -------------- TOTAL NUMBER OF AVISOS OF USER Carla: 35 -------------

Not new avisos: 35

 ----- TOTAL NUMBER OF AVISOS AFTER FILTERING OF USER Carla: 0 ------

Notification scanner thread: Scanning Joel.

DO WE HAVE ACCESS TOKEN? bb8T461ApiG7P3cxpMq82cj2YDfhkn
IS IT EXPIRED? {'day': 17, 'month': 4, 'year': 2018, 'hour': 6, 'minute': 28, 'second': 46}
IS IT CONSIDERED TO BE EXPIRED? False

 -------------- TOTAL NUMBER OF AVISOS OF USER Joel: 19 -------------

Not new avisos: 19

 ----- TOTAL NUMBER OF AVISOS AFTER FILTERING OF USER Joel: 0 ------

Notification scanner thread: Scanning VÝctor.

DO WE HAVE ACCESS TOKEN? 01K3WoNEiYlWqY0oEksVvv52SShxoz
IS IT EXPIRED? {'day': 17, 'month': 4, 'year': 2018, 'hour': 6, 'minute': 28, 'second': 46}
IS IT CONSIDERED TO BE EXPIRED? False

 -------------- TOTAL NUMBER OF AVISOS OF USER VÝctor: 10 -------------

Not new avisos: 10

 ----- TOTAL NUMBER OF AVISOS AFTER FILTERING OF USER VÝctor: 0 ------

Last notification was received 2018-04-16 13:21:40!
Refresh token thread: Refreshing tokens

Notification scanner thread: Last check was done: 2018-04-16 20:59:08.157585

Notification scanner thread: Scanning for notifications

Notification scanner thread: Scanning Albert.

DO WE HAVE ACCESS TOKEN? YlCHW1lWB7SdgfKe8PBkJtC1vZINdT
IS IT EXPIRED? {'day': 17, 'month': 4, 'year': 2018, 'hour': 6, 'minute': 28, 'second': 46}
IS IT CONSIDERED TO BE EXPIRED? False

 -------------- TOTAL NUMBER OF AVISOS OF USER Albert: 53 -------------

Not new avisos: 53

 ----- TOTAL NUMBER OF AVISOS AFTER FILTERING OF USER Albert: 0 ------

Notification scanner thread: Scanning Carla.

DO WE HAVE ACCESS TOKEN? BM91rKFhvBxoRrBUPMirKjPXdQMHRA
IS IT EXPIRED? {'day': 17, 'month': 4, 'year': 2018, 'hour': 6, 'minute': 28, 'second': 46}
IS IT CONSIDERED TO BE EXPIRED? False

 -------------- TOTAL NUMBER OF AVISOS OF USER Carla: 35 -------------

Not new avisos: 35

 ----- TOTAL NUMBER OF AVISOS AFTER FILTERING OF USER Carla: 0 ------

Notification scanner thread: Scanning Joel.

DO WE HAVE ACCESS TOKEN? bb8T461ApiG7P3cxpMq82cj2YDfhkn
IS IT EXPIRED? {'day': 17, 'month': 4, 'year': 2018, 'hour': 6, 'minute': 28, 'second': 46}
IS IT CONSIDERED TO BE EXPIRED? False

 -------------- TOTAL NUMBER OF AVISOS OF USER Joel: 19 -------------

Not new avisos: 19

 ----- TOTAL NUMBER OF AVISOS AFTER FILTERING OF USER Joel: 0 ------

Notification scanner thread: Scanning VÝctor.

DO WE HAVE ACCESS TOKEN? 01K3WoNEiYlWqY0oEksVvv52SShxoz
IS IT EXPIRED? {'day': 17, 'month': 4, 'year': 2018, 'hour': 6, 'minute': 28, 'second': 46}
IS IT CONSIDERED TO BE EXPIRED? False

 -------------- TOTAL NUMBER OF AVISOS OF USER VÝctor: 10 -------------

Not new avisos: 10

 ----- TOTAL NUMBER OF AVISOS AFTER FILTERING OF USER VÝctor: 0 ------

Last notification was received 2018-04-16 13:21:40!
Refresh token thread: Refreshing tokens

Notification scanner thread: Last check was done: 2018-04-16 20:59:40.786064

Notification scanner thread: Scanning for notifications

Notification scanner thread: Scanning Albert.

DO WE HAVE ACCESS TOKEN? YlCHW1lWB7SdgfKe8PBkJtC1vZINdT
IS IT EXPIRED? {'day': 17, 'month': 4, 'year': 2018, 'hour': 6, 'minute': 28, 'second': 46}
IS IT CONSIDERED TO BE EXPIRED? False

 -------------- TOTAL NUMBER OF AVISOS OF USER Albert: 53 -------------

Not new avisos: 53

 ----- TOTAL NUMBER OF AVISOS AFTER FILTERING OF USER Albert: 0 ------

Notification scanner thread: Scanning Carla.

DO WE HAVE ACCESS TOKEN? BM91rKFhvBxoRrBUPMirKjPXdQMHRA
IS IT EXPIRED? {'day': 17, 'month': 4, 'year': 2018, 'hour': 6, 'minute': 28, 'second': 46}
IS IT CONSIDERED TO BE EXPIRED? False

 -------------- TOTAL NUMBER OF AVISOS OF USER Carla: 35 -------------

Not new avisos: 35

 ----- TOTAL NUMBER OF AVISOS AFTER FILTERING OF USER Carla: 0 ------

Notification scanner thread: Scanning Joel.

DO WE HAVE ACCESS TOKEN? bb8T461ApiG7P3cxpMq82cj2YDfhkn
IS IT EXPIRED? {'day': 17, 'month': 4, 'year': 2018, 'hour': 6, 'minute': 28, 'second': 46}
IS IT CONSIDERED TO BE EXPIRED? False

 -------------- TOTAL NUMBER OF AVISOS OF USER Joel: 19 -------------

Not new avisos: 19

 ----- TOTAL NUMBER OF AVISOS AFTER FILTERING OF USER Joel: 0 ------

Notification scanner thread: Scanning VÝctor.

DO WE HAVE ACCESS TOKEN? 01K3WoNEiYlWqY0oEksVvv52SShxoz
IS IT EXPIRED? {'day': 17, 'month': 4, 'year': 2018, 'hour': 6, 'minute': 28, 'second': 46}
IS IT CONSIDERED TO BE EXPIRED? False

 -------------- TOTAL NUMBER OF AVISOS OF USER VÝctor: 10 -------------

Not new avisos: 10

 ----- TOTAL NUMBER OF AVISOS AFTER FILTERING OF USER VÝctor: 0 ------

Last notification was received 2018-04-16 13:21:40!
Refresh token thread: Refreshing tokens

Notification scanner thread: Last check was done: 2018-04-16 21:00:15.325147

Notification scanner thread: Scanning for notifications

Notification scanner thread: Scanning Albert.

DO WE HAVE ACCESS TOKEN? YlCHW1lWB7SdgfKe8PBkJtC1vZINdT
IS IT EXPIRED? {'day': 17, 'month': 4, 'year': 2018, 'hour': 6, 'minute': 28, 'second': 46}
IS IT CONSIDERED TO BE EXPIRED? False

 -------------- TOTAL NUMBER OF AVISOS OF USER Albert: 53 -------------

Not new avisos: 53

 ----- TOTAL NUMBER OF AVISOS AFTER FILTERING OF USER Albert: 0 ------

Notification scanner thread: Scanning Carla.

DO WE HAVE ACCESS TOKEN? BM91rKFhvBxoRrBUPMirKjPXdQMHRA
IS IT EXPIRED? {'day': 17, 'month': 4, 'year': 2018, 'hour': 6, 'minute': 28, 'second': 46}
IS IT CONSIDERED TO BE EXPIRED? False

 -------------- TOTAL NUMBER OF AVISOS OF USER Carla: 35 -------------

Not new avisos: 35

 ----- TOTAL NUMBER OF AVISOS AFTER FILTERING OF USER Carla: 0 ------

Notification scanner thread: Scanning Joel.

Refresh token thread: Refreshing tokens

DO WE HAVE ACCESS TOKEN? bb8T461ApiG7P3cxpMq82cj2YDfhkn
IS IT EXPIRED? {'day': 17, 'month': 4, 'year': 2018, 'hour': 6, 'minute': 28, 'second': 46}
IS IT CONSIDERED TO BE EXPIRED? False

 -------------- TOTAL NUMBER OF AVISOS OF USER Joel: 19 -------------

Not new avisos: 19

 ----- TOTAL NUMBER OF AVISOS AFTER FILTERING OF USER Joel: 0 ------

Notification scanner thread: Scanning VÝctor.

DO WE HAVE ACCESS TOKEN? 01K3WoNEiYlWqY0oEksVvv52SShxoz
IS IT EXPIRED? {'day': 17, 'month': 4, 'year': 2018, 'hour': 6, 'minute': 28, 'second': 46}
IS IT CONSIDERED TO BE EXPIRED? False

 -------------- TOTAL NUMBER OF AVISOS OF USER VÝctor: 10 -------------

Not new avisos: 10

 ----- TOTAL NUMBER OF AVISOS AFTER FILTERING OF USER VÝctor: 0 ------

Last notification was received 2018-04-16 13:21:40!
Refresh token thread: Refreshing tokens

Notification scanner thread: Last check was done: 2018-04-16 21:00:47.945291

Notification scanner thread: Scanning for notifications

Notification scanner thread: Scanning Albert.

DO WE HAVE ACCESS TOKEN? YlCHW1lWB7SdgfKe8PBkJtC1vZINdT
IS IT EXPIRED? {'day': 17, 'month': 4, 'year': 2018, 'hour': 6, 'minute': 28, 'second': 46}
IS IT CONSIDERED TO BE EXPIRED? False

 -------------- TOTAL NUMBER OF AVISOS OF USER Albert: 53 -------------

Not new avisos: 53

 ----- TOTAL NUMBER OF AVISOS AFTER FILTERING OF USER Albert: 0 ------

Notification scanner thread: Scanning Carla.

DO WE HAVE ACCESS TOKEN? BM91rKFhvBxoRrBUPMirKjPXdQMHRA
IS IT EXPIRED? {'day': 17, 'month': 4, 'year': 2018, 'hour': 6, 'minute': 28, 'second': 46}
IS IT CONSIDERED TO BE EXPIRED? False

 -------------- TOTAL NUMBER OF AVISOS OF USER Carla: 35 -------------

Not new avisos: 35

 ----- TOTAL NUMBER OF AVISOS AFTER FILTERING OF USER Carla: 0 ------

Notification scanner thread: Scanning Joel.

DO WE HAVE ACCESS TOKEN? bb8T461ApiG7P3cxpMq82cj2YDfhkn
IS IT EXPIRED? {'day': 17, 'month': 4, 'year': 2018, 'hour': 6, 'minute': 28, 'second': 46}
IS IT CONSIDERED TO BE EXPIRED? False

 -------------- TOTAL NUMBER OF AVISOS OF USER Joel: 19 -------------

Not new avisos: 19

 ----- TOTAL NUMBER OF AVISOS AFTER FILTERING OF USER Joel: 0 ------

Notification scanner thread: Scanning VÝctor.

DO WE HAVE ACCESS TOKEN? 01K3WoNEiYlWqY0oEksVvv52SShxoz
IS IT EXPIRED? {'day': 17, 'month': 4, 'year': 2018, 'hour': 6, 'minute': 28, 'second': 46}
IS IT CONSIDERED TO BE EXPIRED? False

 -------------- TOTAL NUMBER OF AVISOS OF USER VÝctor: 10 -------------

Not new avisos: 10

 ----- TOTAL NUMBER OF AVISOS AFTER FILTERING OF USER VÝctor: 0 ------

Last notification was received 2018-04-16 13:21:40!
Refresh token thread: Refreshing tokens

Notification scanner thread: Last check was done: 2018-04-16 21:01:20.565669

Notification scanner thread: Scanning for notifications

Notification scanner thread: Scanning Albert.

DO WE HAVE ACCESS TOKEN? YlCHW1lWB7SdgfKe8PBkJtC1vZINdT
IS IT EXPIRED? {'day': 17, 'month': 4, 'year': 2018, 'hour': 6, 'minute': 28, 'second': 46}
IS IT CONSIDERED TO BE EXPIRED? False

 -------------- TOTAL NUMBER OF AVISOS OF USER Albert: 53 -------------

Not new avisos: 53

 ----- TOTAL NUMBER OF AVISOS AFTER FILTERING OF USER Albert: 0 ------

Notification scanner thread: Scanning Carla.

DO WE HAVE ACCESS TOKEN? BM91rKFhvBxoRrBUPMirKjPXdQMHRA
IS IT EXPIRED? {'day': 17, 'month': 4, 'year': 2018, 'hour': 6, 'minute': 28, 'second': 46}
IS IT CONSIDERED TO BE EXPIRED? False

 -------------- TOTAL NUMBER OF AVISOS OF USER Carla: 35 -------------

Not new avisos: 35

 ----- TOTAL NUMBER OF AVISOS AFTER FILTERING OF USER Carla: 0 ------

Notification scanner thread: Scanning Joel.

DO WE HAVE ACCESS TOKEN? bb8T461ApiG7P3cxpMq82cj2YDfhkn
IS IT EXPIRED? {'day': 17, 'month': 4, 'year': 2018, 'hour': 6, 'minute': 28, 'second': 46}
IS IT CONSIDERED TO BE EXPIRED? False

 -------------- TOTAL NUMBER OF AVISOS OF USER Joel: 19 -------------

Not new avisos: 19

 ----- TOTAL NUMBER OF AVISOS AFTER FILTERING OF USER Joel: 0 ------

Notification scanner thread: Scanning VÝctor.

DO WE HAVE ACCESS TOKEN? 01K3WoNEiYlWqY0oEksVvv52SShxoz
IS IT EXPIRED? {'day': 17, 'month': 4, 'year': 2018, 'hour': 6, 'minute': 28, 'second': 46}
IS IT CONSIDERED TO BE EXPIRED? False

 -------------- TOTAL NUMBER OF AVISOS OF USER VÝctor: 10 -------------

Not new avisos: 10

 ----- TOTAL NUMBER OF AVISOS AFTER FILTERING OF USER VÝctor: 0 ------

Last notification was received 2018-04-16 13:21:40!
Refresh token thread: Refreshing tokens

Notification scanner thread: Last check was done: 2018-04-16 21:01:53.286306

Notification scanner thread: Scanning for notifications

Notification scanner thread: Scanning Albert.

DO WE HAVE ACCESS TOKEN? YlCHW1lWB7SdgfKe8PBkJtC1vZINdT
IS IT EXPIRED? {'day': 17, 'month': 4, 'year': 2018, 'hour': 6, 'minute': 28, 'second': 46}
IS IT CONSIDERED TO BE EXPIRED? False

 -------------- TOTAL NUMBER OF AVISOS OF USER Albert: 53 -------------

Not new avisos: 53

 ----- TOTAL NUMBER OF AVISOS AFTER FILTERING OF USER Albert: 0 ------

Notification scanner thread: Scanning Carla.

DO WE HAVE ACCESS TOKEN? BM91rKFhvBxoRrBUPMirKjPXdQMHRA
IS IT EXPIRED? {'day': 17, 'month': 4, 'year': 2018, 'hour': 6, 'minute': 28, 'second': 46}
IS IT CONSIDERED TO BE EXPIRED? False

 -------------- TOTAL NUMBER OF AVISOS OF USER Carla: 35 -------------

Not new avisos: 35

 ----- TOTAL NUMBER OF AVISOS AFTER FILTERING OF USER Carla: 0 ------

Notification scanner thread: Scanning Joel.

DO WE HAVE ACCESS TOKEN? bb8T461ApiG7P3cxpMq82cj2YDfhkn
IS IT EXPIRED? {'day': 17, 'month': 4, 'year': 2018, 'hour': 6, 'minute': 28, 'second': 46}
IS IT CONSIDERED TO BE EXPIRED? False

 -------------- TOTAL NUMBER OF AVISOS OF USER Joel: 19 -------------

Not new avisos: 19

 ----- TOTAL NUMBER OF AVISOS AFTER FILTERING OF USER Joel: 0 ------

Notification scanner thread: Scanning VÝctor.

DO WE HAVE ACCESS TOKEN? 01K3WoNEiYlWqY0oEksVvv52SShxoz
IS IT EXPIRED? {'day': 17, 'month': 4, 'year': 2018, 'hour': 6, 'minute': 28, 'second': 46}
IS IT CONSIDERED TO BE EXPIRED? False

 -------------- TOTAL NUMBER OF AVISOS OF USER VÝctor: 10 -------------

Not new avisos: 10

 ----- TOTAL NUMBER OF AVISOS AFTER FILTERING OF USER VÝctor: 0 ------

Last notification was received 2018-04-16 13:21:40!
Refresh token thread: Refreshing tokens

Notification scanner thread: Last check was done: 2018-04-16 21:02:26.062891

Notification scanner thread: Scanning for notifications

Notification scanner thread: Scanning Albert.

DO WE HAVE ACCESS TOKEN? YlCHW1lWB7SdgfKe8PBkJtC1vZINdT
IS IT EXPIRED? {'day': 17, 'month': 4, 'year': 2018, 'hour': 6, 'minute': 28, 'second': 46}
IS IT CONSIDERED TO BE EXPIRED? False

 -------------- TOTAL NUMBER OF AVISOS OF USER Albert: 53 -------------

Not new avisos: 53

 ----- TOTAL NUMBER OF AVISOS AFTER FILTERING OF USER Albert: 0 ------

Notification scanner thread: Scanning Carla.

DO WE HAVE ACCESS TOKEN? BM91rKFhvBxoRrBUPMirKjPXdQMHRA
IS IT EXPIRED? {'day': 17, 'month': 4, 'year': 2018, 'hour': 6, 'minute': 28, 'second': 46}
IS IT CONSIDERED TO BE EXPIRED? False

 -------------- TOTAL NUMBER OF AVISOS OF USER Carla: 35 -------------

Not new avisos: 35

 ----- TOTAL NUMBER OF AVISOS AFTER FILTERING OF USER Carla: 0 ------

Notification scanner thread: Scanning Joel.

DO WE HAVE ACCESS TOKEN? bb8T461ApiG7P3cxpMq82cj2YDfhkn
IS IT EXPIRED? {'day': 17, 'month': 4, 'year': 2018, 'hour': 6, 'minute': 28, 'second': 46}
IS IT CONSIDERED TO BE EXPIRED? False

 -------------- TOTAL NUMBER OF AVISOS OF USER Joel: 19 -------------

Not new avisos: 19

 ----- TOTAL NUMBER OF AVISOS AFTER FILTERING OF USER Joel: 0 ------

Notification scanner thread: Scanning VÝctor.

DO WE HAVE ACCESS TOKEN? 01K3WoNEiYlWqY0oEksVvv52SShxoz
IS IT EXPIRED? {'day': 17, 'month': 4, 'year': 2018, 'hour': 6, 'minute': 28, 'second': 46}
IS IT CONSIDERED TO BE EXPIRED? False

 -------------- TOTAL NUMBER OF AVISOS OF USER VÝctor: 10 -------------

Not new avisos: 10

 ----- TOTAL NUMBER OF AVISOS AFTER FILTERING OF USER VÝctor: 0 ------

Last notification was received 2018-04-16 13:21:40!
Refresh token thread: Refreshing tokens

Notification scanner thread: Last check was done: 2018-04-16 21:02:58.654236

Notification scanner thread: Scanning for notifications

Notification scanner thread: Scanning Albert.

DO WE HAVE ACCESS TOKEN? YlCHW1lWB7SdgfKe8PBkJtC1vZINdT
IS IT EXPIRED? {'day': 17, 'month': 4, 'year': 2018, 'hour': 6, 'minute': 28, 'second': 46}
IS IT CONSIDERED TO BE EXPIRED? False

 -------------- TOTAL NUMBER OF AVISOS OF USER Albert: 53 -------------

Not new avisos: 53

 ----- TOTAL NUMBER OF AVISOS AFTER FILTERING OF USER Albert: 0 ------

Notification scanner thread: Scanning Carla.

DO WE HAVE ACCESS TOKEN? BM91rKFhvBxoRrBUPMirKjPXdQMHRA
IS IT EXPIRED? {'day': 17, 'month': 4, 'year': 2018, 'hour': 6, 'minute': 28, 'second': 46}
IS IT CONSIDERED TO BE EXPIRED? False

 -------------- TOTAL NUMBER OF AVISOS OF USER Carla: 35 -------------

Not new avisos: 35

 ----- TOTAL NUMBER OF AVISOS AFTER FILTERING OF USER Carla: 0 ------

Notification scanner thread: Scanning Joel.

DO WE HAVE ACCESS TOKEN? bb8T461ApiG7P3cxpMq82cj2YDfhkn
IS IT EXPIRED? {'day': 17, 'month': 4, 'year': 2018, 'hour': 6, 'minute': 28, 'second': 46}
IS IT CONSIDERED TO BE EXPIRED? False

 -------------- TOTAL NUMBER OF AVISOS OF USER Joel: 19 -------------

Not new avisos: 19

 ----- TOTAL NUMBER OF AVISOS AFTER FILTERING OF USER Joel: 0 ------

Notification scanner thread: Scanning VÝctor.

DO WE HAVE ACCESS TOKEN? 01K3WoNEiYlWqY0oEksVvv52SShxoz
IS IT EXPIRED? {'day': 17, 'month': 4, 'year': 2018, 'hour': 6, 'minute': 28, 'second': 46}
IS IT CONSIDERED TO BE EXPIRED? False

 -------------- TOTAL NUMBER OF AVISOS OF USER VÝctor: 10 -------------

Not new avisos: 10

 ----- TOTAL NUMBER OF AVISOS AFTER FILTERING OF USER VÝctor: 0 ------

Last notification was received 2018-04-16 13:21:40!
Refresh token thread: Refreshing tokens

Notification scanner thread: Last check was done: 2018-04-16 21:03:31.405579

Notification scanner thread: Scanning for notifications

Notification scanner thread: Scanning Albert.

DO WE HAVE ACCESS TOKEN? YlCHW1lWB7SdgfKe8PBkJtC1vZINdT
IS IT EXPIRED? {'day': 17, 'month': 4, 'year': 2018, 'hour': 6, 'minute': 28, 'second': 46}
IS IT CONSIDERED TO BE EXPIRED? False

 -------------- TOTAL NUMBER OF AVISOS OF USER Albert: 53 -------------

Not new avisos: 53

 ----- TOTAL NUMBER OF AVISOS AFTER FILTERING OF USER Albert: 0 ------

Notification scanner thread: Scanning Carla.

DO WE HAVE ACCESS TOKEN? BM91rKFhvBxoRrBUPMirKjPXdQMHRA
IS IT EXPIRED? {'day': 17, 'month': 4, 'year': 2018, 'hour': 6, 'minute': 28, 'second': 46}
IS IT CONSIDERED TO BE EXPIRED? False

 -------------- TOTAL NUMBER OF AVISOS OF USER Carla: 35 -------------

Not new avisos: 35

 ----- TOTAL NUMBER OF AVISOS AFTER FILTERING OF USER Carla: 0 ------

Notification scanner thread: Scanning Joel.

DO WE HAVE ACCESS TOKEN? bb8T461ApiG7P3cxpMq82cj2YDfhkn
IS IT EXPIRED? {'day': 17, 'month': 4, 'year': 2018, 'hour': 6, 'minute': 28, 'second': 46}
IS IT CONSIDERED TO BE EXPIRED? False

 -------------- TOTAL NUMBER OF AVISOS OF USER Joel: 19 -------------

Not new avisos: 19

 ----- TOTAL NUMBER OF AVISOS AFTER FILTERING OF USER Joel: 0 ------

Notification scanner thread: Scanning VÝctor.

DO WE HAVE ACCESS TOKEN? 01K3WoNEiYlWqY0oEksVvv52SShxoz
IS IT EXPIRED? {'day': 17, 'month': 4, 'year': 2018, 'hour': 6, 'minute': 28, 'second': 46}
IS IT CONSIDERED TO BE EXPIRED? False

 -------------- TOTAL NUMBER OF AVISOS OF USER VÝctor: 10 -------------

Not new avisos: 10

 ----- TOTAL NUMBER OF AVISOS AFTER FILTERING OF USER VÝctor: 0 ------

Last notification was received 2018-04-16 13:21:40!
Refresh token thread: Refreshing tokens

Notification scanner thread: Last check was done: 2018-04-16 21:04:06.063977

Notification scanner thread: Scanning for notifications

Notification scanner thread: Scanning Albert.

DO WE HAVE ACCESS TOKEN? YlCHW1lWB7SdgfKe8PBkJtC1vZINdT
IS IT EXPIRED? {'day': 17, 'month': 4, 'year': 2018, 'hour': 6, 'minute': 28, 'second': 46}
IS IT CONSIDERED TO BE EXPIRED? False

 -------------- TOTAL NUMBER OF AVISOS OF USER Albert: 53 -------------

Not new avisos: 53

 ----- TOTAL NUMBER OF AVISOS AFTER FILTERING OF USER Albert: 0 ------

Notification scanner thread: Scanning Carla.

DO WE HAVE ACCESS TOKEN? BM91rKFhvBxoRrBUPMirKjPXdQMHRA
IS IT EXPIRED? {'day': 17, 'month': 4, 'year': 2018, 'hour': 6, 'minute': 28, 'second': 46}
IS IT CONSIDERED TO BE EXPIRED? False

 -------------- TOTAL NUMBER OF AVISOS OF USER Carla: 35 -------------

Not new avisos: 35

 ----- TOTAL NUMBER OF AVISOS AFTER FILTERING OF USER Carla: 0 ------

Notification scanner thread: Scanning Joel.

DO WE HAVE ACCESS TOKEN? bb8T461ApiG7P3cxpMq82cj2YDfhkn
IS IT EXPIRED? {'day': 17, 'month': 4, 'year': 2018, 'hour': 6, 'minute': 28, 'second': 46}
IS IT CONSIDERED TO BE EXPIRED? False

 -------------- TOTAL NUMBER OF AVISOS OF USER Joel: 19 -------------

Not new avisos: 19

 ----- TOTAL NUMBER OF AVISOS AFTER FILTERING OF USER Joel: 0 ------

Notification scanner thread: Scanning VÝctor.

DO WE HAVE ACCESS TOKEN? 01K3WoNEiYlWqY0oEksVvv52SShxoz
IS IT EXPIRED? {'day': 17, 'month': 4, 'year': 2018, 'hour': 6, 'minute': 28, 'second': 46}
IS IT CONSIDERED TO BE EXPIRED? False

 -------------- TOTAL NUMBER OF AVISOS OF USER VÝctor: 10 -------------

Not new avisos: 10

 ----- TOTAL NUMBER OF AVISOS AFTER FILTERING OF USER VÝctor: 0 ------

Last notification was received 2018-04-16 13:21:40!
Refresh token thread: Refreshing tokens

Notification scanner thread: Last check was done: 2018-04-16 21:04:40.756487

Notification scanner thread: Scanning for notifications

Notification scanner thread: Scanning Albert.

DO WE HAVE ACCESS TOKEN? YlCHW1lWB7SdgfKe8PBkJtC1vZINdT
IS IT EXPIRED? {'day': 17, 'month': 4, 'year': 2018, 'hour': 6, 'minute': 28, 'second': 46}
IS IT CONSIDERED TO BE EXPIRED? False

 -------------- TOTAL NUMBER OF AVISOS OF USER Albert: 53 -------------

Not new avisos: 53

 ----- TOTAL NUMBER OF AVISOS AFTER FILTERING OF USER Albert: 0 ------

Notification scanner thread: Scanning Carla.

DO WE HAVE ACCESS TOKEN? BM91rKFhvBxoRrBUPMirKjPXdQMHRA
IS IT EXPIRED? {'day': 17, 'month': 4, 'year': 2018, 'hour': 6, 'minute': 28, 'second': 46}
IS IT CONSIDERED TO BE EXPIRED? False

 -------------- TOTAL NUMBER OF AVISOS OF USER Carla: 35 -------------

Not new avisos: 35

 ----- TOTAL NUMBER OF AVISOS AFTER FILTERING OF USER Carla: 0 ------

Notification scanner thread: Scanning Joel.

DO WE HAVE ACCESS TOKEN? bb8T461ApiG7P3cxpMq82cj2YDfhkn
IS IT EXPIRED? {'day': 17, 'month': 4, 'year': 2018, 'hour': 6, 'minute': 28, 'second': 46}
IS IT CONSIDERED TO BE EXPIRED? False

 -------------- TOTAL NUMBER OF AVISOS OF USER Joel: 19 -------------

Not new avisos: 19

 ----- TOTAL NUMBER OF AVISOS AFTER FILTERING OF USER Joel: 0 ------

Notification scanner thread: Scanning VÝctor.

DO WE HAVE ACCESS TOKEN? 01K3WoNEiYlWqY0oEksVvv52SShxoz
IS IT EXPIRED? {'day': 17, 'month': 4, 'year': 2018, 'hour': 6, 'minute': 28, 'second': 46}
IS IT CONSIDERED TO BE EXPIRED? False

 -------------- TOTAL NUMBER OF AVISOS OF USER VÝctor: 10 -------------

Not new avisos: 10

 ----- TOTAL NUMBER OF AVISOS AFTER FILTERING OF USER VÝctor: 0 ------

Last notification was received 2018-04-16 13:21:40!
Refresh token thread: Refreshing tokens

Notification scanner thread: Last check was done: 2018-04-16 21:05:13.318520

Notification scanner thread: Scanning for notifications

Notification scanner thread: Scanning Albert.

DO WE HAVE ACCESS TOKEN? YlCHW1lWB7SdgfKe8PBkJtC1vZINdT
IS IT EXPIRED? {'day': 17, 'month': 4, 'year': 2018, 'hour': 6, 'minute': 28, 'second': 46}
IS IT CONSIDERED TO BE EXPIRED? False

 -------------- TOTAL NUMBER OF AVISOS OF USER Albert: 53 -------------

Not new avisos: 53

 ----- TOTAL NUMBER OF AVISOS AFTER FILTERING OF USER Albert: 0 ------

Notification scanner thread: Scanning Carla.

DO WE HAVE ACCESS TOKEN? BM91rKFhvBxoRrBUPMirKjPXdQMHRA
IS IT EXPIRED? {'day': 17, 'month': 4, 'year': 2018, 'hour': 6, 'minute': 28, 'second': 46}
IS IT CONSIDERED TO BE EXPIRED? False

 -------------- TOTAL NUMBER OF AVISOS OF USER Carla: 35 -------------

Not new avisos: 35

 ----- TOTAL NUMBER OF AVISOS AFTER FILTERING OF USER Carla: 0 ------

Notification scanner thread: Scanning Joel.

DO WE HAVE ACCESS TOKEN? bb8T461ApiG7P3cxpMq82cj2YDfhkn
IS IT EXPIRED? {'day': 17, 'month': 4, 'year': 2018, 'hour': 6, 'minute': 28, 'second': 46}
IS IT CONSIDERED TO BE EXPIRED? False

 -------------- TOTAL NUMBER OF AVISOS OF USER Joel: 19 -------------

Not new avisos: 19

 ----- TOTAL NUMBER OF AVISOS AFTER FILTERING OF USER Joel: 0 ------

Notification scanner thread: Scanning VÝctor.

DO WE HAVE ACCESS TOKEN? 01K3WoNEiYlWqY0oEksVvv52SShxoz
IS IT EXPIRED? {'day': 17, 'month': 4, 'year': 2018, 'hour': 6, 'minute': 28, 'second': 46}
IS IT CONSIDERED TO BE EXPIRED? False

 -------------- TOTAL NUMBER OF AVISOS OF USER VÝctor: 10 -------------

Not new avisos: 10

 ----- TOTAL NUMBER OF AVISOS AFTER FILTERING OF USER VÝctor: 0 ------

Last notification was received 2018-04-16 13:21:40!
Refresh token thread: Refreshing tokens

Notification scanner thread: Last check was done: 2018-04-16 21:05:45.912685

Notification scanner thread: Scanning for notifications

Notification scanner thread: Scanning Albert.

DO WE HAVE ACCESS TOKEN? YlCHW1lWB7SdgfKe8PBkJtC1vZINdT
IS IT EXPIRED? {'day': 17, 'month': 4, 'year': 2018, 'hour': 6, 'minute': 28, 'second': 46}
IS IT CONSIDERED TO BE EXPIRED? False

 -------------- TOTAL NUMBER OF AVISOS OF USER Albert: 53 -------------

Not new avisos: 53

 ----- TOTAL NUMBER OF AVISOS AFTER FILTERING OF USER Albert: 0 ------

Notification scanner thread: Scanning Carla.

Refresh token thread: Refreshing tokens

DO WE HAVE ACCESS TOKEN? BM91rKFhvBxoRrBUPMirKjPXdQMHRA
IS IT EXPIRED? {'day': 17, 'month': 4, 'year': 2018, 'hour': 6, 'minute': 28, 'second': 46}
IS IT CONSIDERED TO BE EXPIRED? False

 -------------- TOTAL NUMBER OF AVISOS OF USER Carla: 35 -------------

Not new avisos: 35

 ----- TOTAL NUMBER OF AVISOS AFTER FILTERING OF USER Carla: 0 ------

Notification scanner thread: Scanning Joel.

DO WE HAVE ACCESS TOKEN? bb8T461ApiG7P3cxpMq82cj2YDfhkn
IS IT EXPIRED? {'day': 17, 'month': 4, 'year': 2018, 'hour': 6, 'minute': 28, 'second': 46}
IS IT CONSIDERED TO BE EXPIRED? False

 -------------- TOTAL NUMBER OF AVISOS OF USER Joel: 19 -------------

Not new avisos: 19

 ----- TOTAL NUMBER OF AVISOS AFTER FILTERING OF USER Joel: 0 ------

Notification scanner thread: Scanning VÝctor.

DO WE HAVE ACCESS TOKEN? 01K3WoNEiYlWqY0oEksVvv52SShxoz
IS IT EXPIRED? {'day': 17, 'month': 4, 'year': 2018, 'hour': 6, 'minute': 28, 'second': 46}
IS IT CONSIDERED TO BE EXPIRED? False

 -------------- TOTAL NUMBER OF AVISOS OF USER VÝctor: 10 -------------

Not new avisos: 10

 ----- TOTAL NUMBER OF AVISOS AFTER FILTERING OF USER VÝctor: 0 ------

Last notification was received 2018-04-16 13:21:40!
Refresh token thread: Refreshing tokens

Notification scanner thread: Last check was done: 2018-04-16 21:06:19.417840

Notification scanner thread: Scanning for notifications

Notification scanner thread: Scanning Albert.

DO WE HAVE ACCESS TOKEN? YlCHW1lWB7SdgfKe8PBkJtC1vZINdT
IS IT EXPIRED? {'day': 17, 'month': 4, 'year': 2018, 'hour': 6, 'minute': 28, 'second': 46}
IS IT CONSIDERED TO BE EXPIRED? False

 -------------- TOTAL NUMBER OF AVISOS OF USER Albert: 53 -------------

Not new avisos: 53

 ----- TOTAL NUMBER OF AVISOS AFTER FILTERING OF USER Albert: 0 ------

Notification scanner thread: Scanning Carla.

DO WE HAVE ACCESS TOKEN? BM91rKFhvBxoRrBUPMirKjPXdQMHRA
IS IT EXPIRED? {'day': 17, 'month': 4, 'year': 2018, 'hour': 6, 'minute': 28, 'second': 46}
IS IT CONSIDERED TO BE EXPIRED? False

 -------------- TOTAL NUMBER OF AVISOS OF USER Carla: 35 -------------

Not new avisos: 35

 ----- TOTAL NUMBER OF AVISOS AFTER FILTERING OF USER Carla: 0 ------

Notification scanner thread: Scanning Joel.

DO WE HAVE ACCESS TOKEN? bb8T461ApiG7P3cxpMq82cj2YDfhkn
IS IT EXPIRED? {'day': 17, 'month': 4, 'year': 2018, 'hour': 6, 'minute': 28, 'second': 46}
IS IT CONSIDERED TO BE EXPIRED? False

 -------------- TOTAL NUMBER OF AVISOS OF USER Joel: 19 -------------

Not new avisos: 19

 ----- TOTAL NUMBER OF AVISOS AFTER FILTERING OF USER Joel: 0 ------

Notification scanner thread: Scanning VÝctor.

DO WE HAVE ACCESS TOKEN? 01K3WoNEiYlWqY0oEksVvv52SShxoz
IS IT EXPIRED? {'day': 17, 'month': 4, 'year': 2018, 'hour': 6, 'minute': 28, 'second': 46}
IS IT CONSIDERED TO BE EXPIRED? False

 -------------- TOTAL NUMBER OF AVISOS OF USER VÝctor: 10 -------------

Not new avisos: 10

 ----- TOTAL NUMBER OF AVISOS AFTER FILTERING OF USER VÝctor: 0 ------

Last notification was received 2018-04-16 13:21:40!
Refresh token thread: Refreshing tokens

Notification scanner thread: Last check was done: 2018-04-16 21:06:52.586752

Notification scanner thread: Scanning for notifications

Notification scanner thread: Scanning Albert.

DO WE HAVE ACCESS TOKEN? YlCHW1lWB7SdgfKe8PBkJtC1vZINdT
IS IT EXPIRED? {'day': 17, 'month': 4, 'year': 2018, 'hour': 6, 'minute': 28, 'second': 46}
IS IT CONSIDERED TO BE EXPIRED? False

 -------------- TOTAL NUMBER OF AVISOS OF USER Albert: 53 -------------

Not new avisos: 53

 ----- TOTAL NUMBER OF AVISOS AFTER FILTERING OF USER Albert: 0 ------

Notification scanner thread: Scanning Carla.

DO WE HAVE ACCESS TOKEN? BM91rKFhvBxoRrBUPMirKjPXdQMHRA
IS IT EXPIRED? {'day': 17, 'month': 4, 'year': 2018, 'hour': 6, 'minute': 28, 'second': 46}
IS IT CONSIDERED TO BE EXPIRED? False

 -------------- TOTAL NUMBER OF AVISOS OF USER Carla: 35 -------------

Not new avisos: 35

 ----- TOTAL NUMBER OF AVISOS AFTER FILTERING OF USER Carla: 0 ------

Notification scanner thread: Scanning Joel.

DO WE HAVE ACCESS TOKEN? bb8T461ApiG7P3cxpMq82cj2YDfhkn
IS IT EXPIRED? {'day': 17, 'month': 4, 'year': 2018, 'hour': 6, 'minute': 28, 'second': 46}
IS IT CONSIDERED TO BE EXPIRED? False

 -------------- TOTAL NUMBER OF AVISOS OF USER Joel: 19 -------------

Not new avisos: 19

 ----- TOTAL NUMBER OF AVISOS AFTER FILTERING OF USER Joel: 0 ------

Notification scanner thread: Scanning VÝctor.

DO WE HAVE ACCESS TOKEN? 01K3WoNEiYlWqY0oEksVvv52SShxoz
IS IT EXPIRED? {'day': 17, 'month': 4, 'year': 2018, 'hour': 6, 'minute': 28, 'second': 46}
IS IT CONSIDERED TO BE EXPIRED? False

 -------------- TOTAL NUMBER OF AVISOS OF USER VÝctor: 10 -------------

Not new avisos: 10

 ----- TOTAL NUMBER OF AVISOS AFTER FILTERING OF USER VÝctor: 0 ------

Last notification was received 2018-04-16 13:21:40!
Refresh token thread: Refreshing tokens

Notification scanner thread: Last check was done: 2018-04-16 21:07:27.691874

Notification scanner thread: Scanning for notifications

Notification scanner thread: Scanning Albert.

DO WE HAVE ACCESS TOKEN? YlCHW1lWB7SdgfKe8PBkJtC1vZINdT
IS IT EXPIRED? {'day': 17, 'month': 4, 'year': 2018, 'hour': 6, 'minute': 28, 'second': 46}
IS IT CONSIDERED TO BE EXPIRED? False

 -------------- TOTAL NUMBER OF AVISOS OF USER Albert: 53 -------------

Not new avisos: 53

 ----- TOTAL NUMBER OF AVISOS AFTER FILTERING OF USER Albert: 0 ------

Notification scanner thread: Scanning Carla.

DO WE HAVE ACCESS TOKEN? BM91rKFhvBxoRrBUPMirKjPXdQMHRA
IS IT EXPIRED? {'day': 17, 'month': 4, 'year': 2018, 'hour': 6, 'minute': 28, 'second': 46}
IS IT CONSIDERED TO BE EXPIRED? False

 -------------- TOTAL NUMBER OF AVISOS OF USER Carla: 35 -------------

Not new avisos: 35

 ----- TOTAL NUMBER OF AVISOS AFTER FILTERING OF USER Carla: 0 ------

Notification scanner thread: Scanning Joel.

DO WE HAVE ACCESS TOKEN? bb8T461ApiG7P3cxpMq82cj2YDfhkn
IS IT EXPIRED? {'day': 17, 'month': 4, 'year': 2018, 'hour': 6, 'minute': 28, 'second': 46}
IS IT CONSIDERED TO BE EXPIRED? False

 -------------- TOTAL NUMBER OF AVISOS OF USER Joel: 19 -------------

Not new avisos: 19

 ----- TOTAL NUMBER OF AVISOS AFTER FILTERING OF USER Joel: 0 ------

Notification scanner thread: Scanning VÝctor.

DO WE HAVE ACCESS TOKEN? 01K3WoNEiYlWqY0oEksVvv52SShxoz
IS IT EXPIRED? {'day': 17, 'month': 4, 'year': 2018, 'hour': 6, 'minute': 28, 'second': 46}
IS IT CONSIDERED TO BE EXPIRED? False

 -------------- TOTAL NUMBER OF AVISOS OF USER VÝctor: 10 -------------

Not new avisos: 10

 ----- TOTAL NUMBER OF AVISOS AFTER FILTERING OF USER VÝctor: 0 ------

Last notification was received 2018-04-16 13:21:40!
Refresh token thread: Refreshing tokens

Notification scanner thread: Last check was done: 2018-04-16 21:08:00.535164

Notification scanner thread: Scanning for notifications

Notification scanner thread: Scanning Albert.

DO WE HAVE ACCESS TOKEN? YlCHW1lWB7SdgfKe8PBkJtC1vZINdT
IS IT EXPIRED? {'day': 17, 'month': 4, 'year': 2018, 'hour': 6, 'minute': 28, 'second': 46}
IS IT CONSIDERED TO BE EXPIRED? False

 -------------- TOTAL NUMBER OF AVISOS OF USER Albert: 53 -------------

Not new avisos: 53

 ----- TOTAL NUMBER OF AVISOS AFTER FILTERING OF USER Albert: 0 ------

Notification scanner thread: Scanning Carla.

DO WE HAVE ACCESS TOKEN? BM91rKFhvBxoRrBUPMirKjPXdQMHRA
IS IT EXPIRED? {'day': 17, 'month': 4, 'year': 2018, 'hour': 6, 'minute': 28, 'second': 46}
IS IT CONSIDERED TO BE EXPIRED? False

 -------------- TOTAL NUMBER OF AVISOS OF USER Carla: 35 -------------

Not new avisos: 35

 ----- TOTAL NUMBER OF AVISOS AFTER FILTERING OF USER Carla: 0 ------

Notification scanner thread: Scanning Joel.

DO WE HAVE ACCESS TOKEN? bb8T461ApiG7P3cxpMq82cj2YDfhkn
IS IT EXPIRED? {'day': 17, 'month': 4, 'year': 2018, 'hour': 6, 'minute': 28, 'second': 46}
IS IT CONSIDERED TO BE EXPIRED? False

 -------------- TOTAL NUMBER OF AVISOS OF USER Joel: 19 -------------

Not new avisos: 19

 ----- TOTAL NUMBER OF AVISOS AFTER FILTERING OF USER Joel: 0 ------

Notification scanner thread: Scanning VÝctor.

DO WE HAVE ACCESS TOKEN? 01K3WoNEiYlWqY0oEksVvv52SShxoz
IS IT EXPIRED? {'day': 17, 'month': 4, 'year': 2018, 'hour': 6, 'minute': 28, 'second': 46}
IS IT CONSIDERED TO BE EXPIRED? False

 -------------- TOTAL NUMBER OF AVISOS OF USER VÝctor: 10 -------------

Not new avisos: 10

 ----- TOTAL NUMBER OF AVISOS AFTER FILTERING OF USER VÝctor: 0 ------

Last notification was received 2018-04-16 13:21:40!
Refresh token thread: Refreshing tokens

Notification scanner thread: Last check was done: 2018-04-16 21:08:35.318283

Notification scanner thread: Scanning for notifications

Notification scanner thread: Scanning Albert.

DO WE HAVE ACCESS TOKEN? YlCHW1lWB7SdgfKe8PBkJtC1vZINdT
IS IT EXPIRED? {'day': 17, 'month': 4, 'year': 2018, 'hour': 6, 'minute': 28, 'second': 46}
IS IT CONSIDERED TO BE EXPIRED? False

 -------------- TOTAL NUMBER OF AVISOS OF USER Albert: 53 -------------

Not new avisos: 53

 ----- TOTAL NUMBER OF AVISOS AFTER FILTERING OF USER Albert: 0 ------

Notification scanner thread: Scanning Carla.

DO WE HAVE ACCESS TOKEN? BM91rKFhvBxoRrBUPMirKjPXdQMHRA
IS IT EXPIRED? {'day': 17, 'month': 4, 'year': 2018, 'hour': 6, 'minute': 28, 'second': 46}
IS IT CONSIDERED TO BE EXPIRED? False

 -------------- TOTAL NUMBER OF AVISOS OF USER Carla: 35 -------------

Not new avisos: 35

 ----- TOTAL NUMBER OF AVISOS AFTER FILTERING OF USER Carla: 0 ------

Notification scanner thread: Scanning Joel.

DO WE HAVE ACCESS TOKEN? bb8T461ApiG7P3cxpMq82cj2YDfhkn
IS IT EXPIRED? {'day': 17, 'month': 4, 'year': 2018, 'hour': 6, 'minute': 28, 'second': 46}
IS IT CONSIDERED TO BE EXPIRED? False

 -------------- TOTAL NUMBER OF AVISOS OF USER Joel: 19 -------------

Not new avisos: 19

 ----- TOTAL NUMBER OF AVISOS AFTER FILTERING OF USER Joel: 0 ------

Notification scanner thread: Scanning VÝctor.

DO WE HAVE ACCESS TOKEN? 01K3WoNEiYlWqY0oEksVvv52SShxoz
IS IT EXPIRED? {'day': 17, 'month': 4, 'year': 2018, 'hour': 6, 'minute': 28, 'second': 46}
IS IT CONSIDERED TO BE EXPIRED? False

 -------------- TOTAL NUMBER OF AVISOS OF USER VÝctor: 10 -------------

Not new avisos: 10

 ----- TOTAL NUMBER OF AVISOS AFTER FILTERING OF USER VÝctor: 0 ------

Last notification was received 2018-04-16 13:21:40!
Refresh token thread: Refreshing tokens

Notification scanner thread: Last check was done: 2018-04-16 21:09:08.058133

Notification scanner thread: Scanning for notifications

Notification scanner thread: Scanning Albert.

DO WE HAVE ACCESS TOKEN? YlCHW1lWB7SdgfKe8PBkJtC1vZINdT
IS IT EXPIRED? {'day': 17, 'month': 4, 'year': 2018, 'hour': 6, 'minute': 28, 'second': 46}
IS IT CONSIDERED TO BE EXPIRED? False

 -------------- TOTAL NUMBER OF AVISOS OF USER Albert: 53 -------------

Not new avisos: 53

 ----- TOTAL NUMBER OF AVISOS AFTER FILTERING OF USER Albert: 0 ------

Notification scanner thread: Scanning Carla.

DO WE HAVE ACCESS TOKEN? BM91rKFhvBxoRrBUPMirKjPXdQMHRA
IS IT EXPIRED? {'day': 17, 'month': 4, 'year': 2018, 'hour': 6, 'minute': 28, 'second': 46}
IS IT CONSIDERED TO BE EXPIRED? False

 -------------- TOTAL NUMBER OF AVISOS OF USER Carla: 35 -------------

Not new avisos: 35

 ----- TOTAL NUMBER OF AVISOS AFTER FILTERING OF USER Carla: 0 ------

Notification scanner thread: Scanning Joel.

DO WE HAVE ACCESS TOKEN? bb8T461ApiG7P3cxpMq82cj2YDfhkn
IS IT EXPIRED? {'day': 17, 'month': 4, 'year': 2018, 'hour': 6, 'minute': 28, 'second': 46}
IS IT CONSIDERED TO BE EXPIRED? False

 -------------- TOTAL NUMBER OF AVISOS OF USER Joel: 19 -------------

Not new avisos: 19

 ----- TOTAL NUMBER OF AVISOS AFTER FILTERING OF USER Joel: 0 ------

Notification scanner thread: Scanning VÝctor.

DO WE HAVE ACCESS TOKEN? 01K3WoNEiYlWqY0oEksVvv52SShxoz
IS IT EXPIRED? {'day': 17, 'month': 4, 'year': 2018, 'hour': 6, 'minute': 28, 'second': 46}
IS IT CONSIDERED TO BE EXPIRED? False

 -------------- TOTAL NUMBER OF AVISOS OF USER VÝctor: 10 -------------

Not new avisos: 10

 ----- TOTAL NUMBER OF AVISOS AFTER FILTERING OF USER VÝctor: 0 ------

Last notification was received 2018-04-16 13:21:40!
Refresh token thread: Refreshing tokens

Notification scanner thread: Last check was done: 2018-04-16 21:09:41.028495

Notification scanner thread: Scanning for notifications

Notification scanner thread: Scanning Albert.

DO WE HAVE ACCESS TOKEN? YlCHW1lWB7SdgfKe8PBkJtC1vZINdT
IS IT EXPIRED? {'day': 17, 'month': 4, 'year': 2018, 'hour': 6, 'minute': 28, 'second': 46}
IS IT CONSIDERED TO BE EXPIRED? False

 -------------- TOTAL NUMBER OF AVISOS OF USER Albert: 53 -------------

Not new avisos: 53

 ----- TOTAL NUMBER OF AVISOS AFTER FILTERING OF USER Albert: 0 ------

Notification scanner thread: Scanning Carla.

DO WE HAVE ACCESS TOKEN? BM91rKFhvBxoRrBUPMirKjPXdQMHRA
IS IT EXPIRED? {'day': 17, 'month': 4, 'year': 2018, 'hour': 6, 'minute': 28, 'second': 46}
IS IT CONSIDERED TO BE EXPIRED? False

 -------------- TOTAL NUMBER OF AVISOS OF USER Carla: 35 -------------

Not new avisos: 35

 ----- TOTAL NUMBER OF AVISOS AFTER FILTERING OF USER Carla: 0 ------

Notification scanner thread: Scanning Joel.

DO WE HAVE ACCESS TOKEN? bb8T461ApiG7P3cxpMq82cj2YDfhkn
IS IT EXPIRED? {'day': 17, 'month': 4, 'year': 2018, 'hour': 6, 'minute': 28, 'second': 46}
IS IT CONSIDERED TO BE EXPIRED? False

 -------------- TOTAL NUMBER OF AVISOS OF USER Joel: 19 -------------

Not new avisos: 19

 ----- TOTAL NUMBER OF AVISOS AFTER FILTERING OF USER Joel: 0 ------

Notification scanner thread: Scanning VÝctor.

DO WE HAVE ACCESS TOKEN? 01K3WoNEiYlWqY0oEksVvv52SShxoz
IS IT EXPIRED? {'day': 17, 'month': 4, 'year': 2018, 'hour': 6, 'minute': 28, 'second': 46}
IS IT CONSIDERED TO BE EXPIRED? False

 -------------- TOTAL NUMBER OF AVISOS OF USER VÝctor: 10 -------------

Not new avisos: 10

 ----- TOTAL NUMBER OF AVISOS AFTER FILTERING OF USER VÝctor: 0 ------

Last notification was received 2018-04-16 13:21:40!
Refresh token thread: Refreshing tokens

Notification scanner thread: Last check was done: 2018-04-16 21:10:14.620284

Notification scanner thread: Scanning for notifications

Notification scanner thread: Scanning Albert.

DO WE HAVE ACCESS TOKEN? YlCHW1lWB7SdgfKe8PBkJtC1vZINdT
IS IT EXPIRED? {'day': 17, 'month': 4, 'year': 2018, 'hour': 6, 'minute': 28, 'second': 46}
IS IT CONSIDERED TO BE EXPIRED? False

 -------------- TOTAL NUMBER OF AVISOS OF USER Albert: 53 -------------

Not new avisos: 53

 ----- TOTAL NUMBER OF AVISOS AFTER FILTERING OF USER Albert: 0 ------

Notification scanner thread: Scanning Carla.

DO WE HAVE ACCESS TOKEN? BM91rKFhvBxoRrBUPMirKjPXdQMHRA
IS IT EXPIRED? {'day': 17, 'month': 4, 'year': 2018, 'hour': 6, 'minute': 28, 'second': 46}
IS IT CONSIDERED TO BE EXPIRED? False

 -------------- TOTAL NUMBER OF AVISOS OF USER Carla: 35 -------------

Not new avisos: 35

 ----- TOTAL NUMBER OF AVISOS AFTER FILTERING OF USER Carla: 0 ------

Notification scanner thread: Scanning Joel.

Refresh token thread: Refreshing tokens

DO WE HAVE ACCESS TOKEN? bb8T461ApiG7P3cxpMq82cj2YDfhkn
IS IT EXPIRED? {'day': 17, 'month': 4, 'year': 2018, 'hour': 6, 'minute': 28, 'second': 46}
IS IT CONSIDERED TO BE EXPIRED? False

 -------------- TOTAL NUMBER OF AVISOS OF USER Joel: 19 -------------

Not new avisos: 19

 ----- TOTAL NUMBER OF AVISOS AFTER FILTERING OF USER Joel: 0 ------

Notification scanner thread: Scanning VÝctor.

DO WE HAVE ACCESS TOKEN? 01K3WoNEiYlWqY0oEksVvv52SShxoz
IS IT EXPIRED? {'day': 17, 'month': 4, 'year': 2018, 'hour': 6, 'minute': 28, 'second': 46}
IS IT CONSIDERED TO BE EXPIRED? False

 -------------- TOTAL NUMBER OF AVISOS OF USER VÝctor: 10 -------------

Not new avisos: 10

 ----- TOTAL NUMBER OF AVISOS AFTER FILTERING OF USER VÝctor: 0 ------

Last notification was received 2018-04-16 13:21:40!
Refresh token thread: Refreshing tokens

Notification scanner thread: Last check was done: 2018-04-16 21:10:47.752454

Notification scanner thread: Scanning for notifications

Notification scanner thread: Scanning Albert.

DO WE HAVE ACCESS TOKEN? YlCHW1lWB7SdgfKe8PBkJtC1vZINdT
IS IT EXPIRED? {'day': 17, 'month': 4, 'year': 2018, 'hour': 6, 'minute': 28, 'second': 46}
IS IT CONSIDERED TO BE EXPIRED? False

 -------------- TOTAL NUMBER OF AVISOS OF USER Albert: 53 -------------

Not new avisos: 53

 ----- TOTAL NUMBER OF AVISOS AFTER FILTERING OF USER Albert: 0 ------

Notification scanner thread: Scanning Carla.

DO WE HAVE ACCESS TOKEN? BM91rKFhvBxoRrBUPMirKjPXdQMHRA
IS IT EXPIRED? {'day': 17, 'month': 4, 'year': 2018, 'hour': 6, 'minute': 28, 'second': 46}
IS IT CONSIDERED TO BE EXPIRED? False

 -------------- TOTAL NUMBER OF AVISOS OF USER Carla: 35 -------------

Not new avisos: 35

 ----- TOTAL NUMBER OF AVISOS AFTER FILTERING OF USER Carla: 0 ------

Notification scanner thread: Scanning Joel.

DO WE HAVE ACCESS TOKEN? bb8T461ApiG7P3cxpMq82cj2YDfhkn
IS IT EXPIRED? {'day': 17, 'month': 4, 'year': 2018, 'hour': 6, 'minute': 28, 'second': 46}
IS IT CONSIDERED TO BE EXPIRED? False

 -------------- TOTAL NUMBER OF AVISOS OF USER Joel: 19 -------------

Not new avisos: 19

 ----- TOTAL NUMBER OF AVISOS AFTER FILTERING OF USER Joel: 0 ------

Notification scanner thread: Scanning VÝctor.

DO WE HAVE ACCESS TOKEN? 01K3WoNEiYlWqY0oEksVvv52SShxoz
IS IT EXPIRED? {'day': 17, 'month': 4, 'year': 2018, 'hour': 6, 'minute': 28, 'second': 46}
IS IT CONSIDERED TO BE EXPIRED? False

 -------------- TOTAL NUMBER OF AVISOS OF USER VÝctor: 10 -------------

Not new avisos: 10

 ----- TOTAL NUMBER OF AVISOS AFTER FILTERING OF USER VÝctor: 0 ------

Last notification was received 2018-04-16 13:21:40!
Refresh token thread: Refreshing tokens

Notification scanner thread: Last check was done: 2018-04-16 21:11:22.941757

Notification scanner thread: Scanning for notifications

Notification scanner thread: Scanning Albert.

DO WE HAVE ACCESS TOKEN? YlCHW1lWB7SdgfKe8PBkJtC1vZINdT
IS IT EXPIRED? {'day': 17, 'month': 4, 'year': 2018, 'hour': 6, 'minute': 28, 'second': 46}
IS IT CONSIDERED TO BE EXPIRED? False

 -------------- TOTAL NUMBER OF AVISOS OF USER Albert: 53 -------------

Not new avisos: 53

 ----- TOTAL NUMBER OF AVISOS AFTER FILTERING OF USER Albert: 0 ------

Notification scanner thread: Scanning Carla.

DO WE HAVE ACCESS TOKEN? BM91rKFhvBxoRrBUPMirKjPXdQMHRA
IS IT EXPIRED? {'day': 17, 'month': 4, 'year': 2018, 'hour': 6, 'minute': 28, 'second': 46}
IS IT CONSIDERED TO BE EXPIRED? False

 -------------- TOTAL NUMBER OF AVISOS OF USER Carla: 35 -------------

Not new avisos: 35

 ----- TOTAL NUMBER OF AVISOS AFTER FILTERING OF USER Carla: 0 ------

Notification scanner thread: Scanning Joel.

DO WE HAVE ACCESS TOKEN? bb8T461ApiG7P3cxpMq82cj2YDfhkn
IS IT EXPIRED? {'day': 17, 'month': 4, 'year': 2018, 'hour': 6, 'minute': 28, 'second': 46}
IS IT CONSIDERED TO BE EXPIRED? False

 -------------- TOTAL NUMBER OF AVISOS OF USER Joel: 19 -------------

Not new avisos: 19

 ----- TOTAL NUMBER OF AVISOS AFTER FILTERING OF USER Joel: 0 ------

Notification scanner thread: Scanning VÝctor.

DO WE HAVE ACCESS TOKEN? 01K3WoNEiYlWqY0oEksVvv52SShxoz
IS IT EXPIRED? {'day': 17, 'month': 4, 'year': 2018, 'hour': 6, 'minute': 28, 'second': 46}
IS IT CONSIDERED TO BE EXPIRED? False

 -------------- TOTAL NUMBER OF AVISOS OF USER VÝctor: 10 -------------

Not new avisos: 10

 ----- TOTAL NUMBER OF AVISOS AFTER FILTERING OF USER VÝctor: 0 ------

Last notification was received 2018-04-16 13:21:40!
Refresh token thread: Refreshing tokens

Notification scanner thread: Last check was done: 2018-04-16 21:11:56.266219

Notification scanner thread: Scanning for notifications

Notification scanner thread: Scanning Albert.

DO WE HAVE ACCESS TOKEN? YlCHW1lWB7SdgfKe8PBkJtC1vZINdT
IS IT EXPIRED? {'day': 17, 'month': 4, 'year': 2018, 'hour': 6, 'minute': 28, 'second': 46}
IS IT CONSIDERED TO BE EXPIRED? False

 -------------- TOTAL NUMBER OF AVISOS OF USER Albert: 53 -------------

Not new avisos: 53

 ----- TOTAL NUMBER OF AVISOS AFTER FILTERING OF USER Albert: 0 ------

Notification scanner thread: Scanning Carla.

DO WE HAVE ACCESS TOKEN? BM91rKFhvBxoRrBUPMirKjPXdQMHRA
IS IT EXPIRED? {'day': 17, 'month': 4, 'year': 2018, 'hour': 6, 'minute': 28, 'second': 46}
IS IT CONSIDERED TO BE EXPIRED? False

 -------------- TOTAL NUMBER OF AVISOS OF USER Carla: 35 -------------

Not new avisos: 35

 ----- TOTAL NUMBER OF AVISOS AFTER FILTERING OF USER Carla: 0 ------

Notification scanner thread: Scanning Joel.

DO WE HAVE ACCESS TOKEN? bb8T461ApiG7P3cxpMq82cj2YDfhkn
IS IT EXPIRED? {'day': 17, 'month': 4, 'year': 2018, 'hour': 6, 'minute': 28, 'second': 46}
IS IT CONSIDERED TO BE EXPIRED? False

 -------------- TOTAL NUMBER OF AVISOS OF USER Joel: 19 -------------

Not new avisos: 19

 ----- TOTAL NUMBER OF AVISOS AFTER FILTERING OF USER Joel: 0 ------

Notification scanner thread: Scanning VÝctor.

DO WE HAVE ACCESS TOKEN? 01K3WoNEiYlWqY0oEksVvv52SShxoz
IS IT EXPIRED? {'day': 17, 'month': 4, 'year': 2018, 'hour': 6, 'minute': 28, 'second': 46}
IS IT CONSIDERED TO BE EXPIRED? False

 -------------- TOTAL NUMBER OF AVISOS OF USER VÝctor: 10 -------------

Not new avisos: 10

 ----- TOTAL NUMBER OF AVISOS AFTER FILTERING OF USER VÝctor: 0 ------

Last notification was received 2018-04-16 13:21:40!
Refresh token thread: Refreshing tokens

Notification scanner thread: Last check was done: 2018-04-16 21:12:29.185673

Notification scanner thread: Scanning for notifications

Notification scanner thread: Scanning Albert.

DO WE HAVE ACCESS TOKEN? YlCHW1lWB7SdgfKe8PBkJtC1vZINdT
IS IT EXPIRED? {'day': 17, 'month': 4, 'year': 2018, 'hour': 6, 'minute': 28, 'second': 46}
IS IT CONSIDERED TO BE EXPIRED? False

 -------------- TOTAL NUMBER OF AVISOS OF USER Albert: 53 -------------

Not new avisos: 53

 ----- TOTAL NUMBER OF AVISOS AFTER FILTERING OF USER Albert: 0 ------

Notification scanner thread: Scanning Carla.

DO WE HAVE ACCESS TOKEN? BM91rKFhvBxoRrBUPMirKjPXdQMHRA
IS IT EXPIRED? {'day': 17, 'month': 4, 'year': 2018, 'hour': 6, 'minute': 28, 'second': 46}
IS IT CONSIDERED TO BE EXPIRED? False

 -------------- TOTAL NUMBER OF AVISOS OF USER Carla: 35 -------------

Not new avisos: 35

 ----- TOTAL NUMBER OF AVISOS AFTER FILTERING OF USER Carla: 0 ------

Notification scanner thread: Scanning Joel.

DO WE HAVE ACCESS TOKEN? bb8T461ApiG7P3cxpMq82cj2YDfhkn
IS IT EXPIRED? {'day': 17, 'month': 4, 'year': 2018, 'hour': 6, 'minute': 28, 'second': 46}
IS IT CONSIDERED TO BE EXPIRED? False

 -------------- TOTAL NUMBER OF AVISOS OF USER Joel: 19 -------------

Not new avisos: 19

 ----- TOTAL NUMBER OF AVISOS AFTER FILTERING OF USER Joel: 0 ------

Notification scanner thread: Scanning VÝctor.

DO WE HAVE ACCESS TOKEN? 01K3WoNEiYlWqY0oEksVvv52SShxoz
IS IT EXPIRED? {'day': 17, 'month': 4, 'year': 2018, 'hour': 6, 'minute': 28, 'second': 46}
IS IT CONSIDERED TO BE EXPIRED? False

 -------------- TOTAL NUMBER OF AVISOS OF USER VÝctor: 10 -------------

Not new avisos: 10

 ----- TOTAL NUMBER OF AVISOS AFTER FILTERING OF USER VÝctor: 0 ------

Last notification was received 2018-04-16 13:21:40!
Refresh token thread: Refreshing tokens

Notification scanner thread: Last check was done: 2018-04-16 21:13:02.283301

Notification scanner thread: Scanning for notifications

Notification scanner thread: Scanning Albert.

DO WE HAVE ACCESS TOKEN? YlCHW1lWB7SdgfKe8PBkJtC1vZINdT
IS IT EXPIRED? {'day': 17, 'month': 4, 'year': 2018, 'hour': 6, 'minute': 28, 'second': 46}
IS IT CONSIDERED TO BE EXPIRED? False

 -------------- TOTAL NUMBER OF AVISOS OF USER Albert: 53 -------------

Not new avisos: 53

 ----- TOTAL NUMBER OF AVISOS AFTER FILTERING OF USER Albert: 0 ------

Notification scanner thread: Scanning Carla.

DO WE HAVE ACCESS TOKEN? BM91rKFhvBxoRrBUPMirKjPXdQMHRA
IS IT EXPIRED? {'day': 17, 'month': 4, 'year': 2018, 'hour': 6, 'minute': 28, 'second': 46}
IS IT CONSIDERED TO BE EXPIRED? False

 -------------- TOTAL NUMBER OF AVISOS OF USER Carla: 35 -------------

Not new avisos: 35

 ----- TOTAL NUMBER OF AVISOS AFTER FILTERING OF USER Carla: 0 ------

Notification scanner thread: Scanning Joel.

DO WE HAVE ACCESS TOKEN? bb8T461ApiG7P3cxpMq82cj2YDfhkn
IS IT EXPIRED? {'day': 17, 'month': 4, 'year': 2018, 'hour': 6, 'minute': 28, 'second': 46}
IS IT CONSIDERED TO BE EXPIRED? False

 -------------- TOTAL NUMBER OF AVISOS OF USER Joel: 19 -------------

Not new avisos: 19

 ----- TOTAL NUMBER OF AVISOS AFTER FILTERING OF USER Joel: 0 ------

Notification scanner thread: Scanning VÝctor.

DO WE HAVE ACCESS TOKEN? 01K3WoNEiYlWqY0oEksVvv52SShxoz
IS IT EXPIRED? {'day': 17, 'month': 4, 'year': 2018, 'hour': 6, 'minute': 28, 'second': 46}
IS IT CONSIDERED TO BE EXPIRED? False

 -------------- TOTAL NUMBER OF AVISOS OF USER VÝctor: 10 -------------

Not new avisos: 10

 ----- TOTAL NUMBER OF AVISOS AFTER FILTERING OF USER VÝctor: 0 ------

Last notification was received 2018-04-16 13:21:40!
Refresh token thread: Refreshing tokens

Notification scanner thread: Last check was done: 2018-04-16 21:13:37.303896

Notification scanner thread: Scanning for notifications

Notification scanner thread: Scanning Albert.

DO WE HAVE ACCESS TOKEN? YlCHW1lWB7SdgfKe8PBkJtC1vZINdT
IS IT EXPIRED? {'day': 17, 'month': 4, 'year': 2018, 'hour': 6, 'minute': 28, 'second': 46}
IS IT CONSIDERED TO BE EXPIRED? False

 -------------- TOTAL NUMBER OF AVISOS OF USER Albert: 53 -------------

Not new avisos: 53

 ----- TOTAL NUMBER OF AVISOS AFTER FILTERING OF USER Albert: 0 ------

Notification scanner thread: Scanning Carla.

DO WE HAVE ACCESS TOKEN? BM91rKFhvBxoRrBUPMirKjPXdQMHRA
IS IT EXPIRED? {'day': 17, 'month': 4, 'year': 2018, 'hour': 6, 'minute': 28, 'second': 46}
IS IT CONSIDERED TO BE EXPIRED? False

 -------------- TOTAL NUMBER OF AVISOS OF USER Carla: 35 -------------

Not new avisos: 35

 ----- TOTAL NUMBER OF AVISOS AFTER FILTERING OF USER Carla: 0 ------

Notification scanner thread: Scanning Joel.

DO WE HAVE ACCESS TOKEN? bb8T461ApiG7P3cxpMq82cj2YDfhkn
IS IT EXPIRED? {'day': 17, 'month': 4, 'year': 2018, 'hour': 6, 'minute': 28, 'second': 46}
IS IT CONSIDERED TO BE EXPIRED? False

 -------------- TOTAL NUMBER OF AVISOS OF USER Joel: 19 -------------

Not new avisos: 19

 ----- TOTAL NUMBER OF AVISOS AFTER FILTERING OF USER Joel: 0 ------

Notification scanner thread: Scanning VÝctor.

DO WE HAVE ACCESS TOKEN? 01K3WoNEiYlWqY0oEksVvv52SShxoz
IS IT EXPIRED? {'day': 17, 'month': 4, 'year': 2018, 'hour': 6, 'minute': 28, 'second': 46}
IS IT CONSIDERED TO BE EXPIRED? False

 -------------- TOTAL NUMBER OF AVISOS OF USER VÝctor: 10 -------------

Not new avisos: 10

 ----- TOTAL NUMBER OF AVISOS AFTER FILTERING OF USER VÝctor: 0 ------

Last notification was received 2018-04-16 13:21:40!
Refresh token thread: Refreshing tokens

Notification scanner thread: Last check was done: 2018-04-16 21:14:10.938782

Notification scanner thread: Scanning for notifications

Notification scanner thread: Scanning Albert.

DO WE HAVE ACCESS TOKEN? YlCHW1lWB7SdgfKe8PBkJtC1vZINdT
IS IT EXPIRED? {'day': 17, 'month': 4, 'year': 2018, 'hour': 6, 'minute': 28, 'second': 46}
IS IT CONSIDERED TO BE EXPIRED? False

 -------------- TOTAL NUMBER OF AVISOS OF USER Albert: 53 -------------

Not new avisos: 53

 ----- TOTAL NUMBER OF AVISOS AFTER FILTERING OF USER Albert: 0 ------

Notification scanner thread: Scanning Carla.

DO WE HAVE ACCESS TOKEN? BM91rKFhvBxoRrBUPMirKjPXdQMHRA
IS IT EXPIRED? {'day': 17, 'month': 4, 'year': 2018, 'hour': 6, 'minute': 28, 'second': 46}
IS IT CONSIDERED TO BE EXPIRED? False

 -------------- TOTAL NUMBER OF AVISOS OF USER Carla: 35 -------------

Not new avisos: 35

 ----- TOTAL NUMBER OF AVISOS AFTER FILTERING OF USER Carla: 0 ------

Notification scanner thread: Scanning Joel.

DO WE HAVE ACCESS TOKEN? bb8T461ApiG7P3cxpMq82cj2YDfhkn
IS IT EXPIRED? {'day': 17, 'month': 4, 'year': 2018, 'hour': 6, 'minute': 28, 'second': 46}
IS IT CONSIDERED TO BE EXPIRED? False

 -------------- TOTAL NUMBER OF AVISOS OF USER Joel: 19 -------------

Not new avisos: 19

 ----- TOTAL NUMBER OF AVISOS AFTER FILTERING OF USER Joel: 0 ------

Notification scanner thread: Scanning VÝctor.

DO WE HAVE ACCESS TOKEN? 01K3WoNEiYlWqY0oEksVvv52SShxoz
IS IT EXPIRED? {'day': 17, 'month': 4, 'year': 2018, 'hour': 6, 'minute': 28, 'second': 46}
IS IT CONSIDERED TO BE EXPIRED? False

 -------------- TOTAL NUMBER OF AVISOS OF USER VÝctor: 10 -------------

Not new avisos: 10

 ----- TOTAL NUMBER OF AVISOS AFTER FILTERING OF USER VÝctor: 0 ------

Last notification was received 2018-04-16 13:21:40!
Refresh token thread: Refreshing tokens

Notification scanner thread: Last check was done: 2018-04-16 21:14:43.884712

Notification scanner thread: Scanning for notifications

Notification scanner thread: Scanning Albert.

DO WE HAVE ACCESS TOKEN? YlCHW1lWB7SdgfKe8PBkJtC1vZINdT
IS IT EXPIRED? {'day': 17, 'month': 4, 'year': 2018, 'hour': 6, 'minute': 28, 'second': 46}
IS IT CONSIDERED TO BE EXPIRED? False

 -------------- TOTAL NUMBER OF AVISOS OF USER Albert: 53 -------------

Not new avisos: 53

 ----- TOTAL NUMBER OF AVISOS AFTER FILTERING OF USER Albert: 0 ------

Notification scanner thread: Scanning Carla.

DO WE HAVE ACCESS TOKEN? BM91rKFhvBxoRrBUPMirKjPXdQMHRA
IS IT EXPIRED? {'day': 17, 'month': 4, 'year': 2018, 'hour': 6, 'minute': 28, 'second': 46}
IS IT CONSIDERED TO BE EXPIRED? False

 -------------- TOTAL NUMBER OF AVISOS OF USER Carla: 35 -------------

Not new avisos: 35

 ----- TOTAL NUMBER OF AVISOS AFTER FILTERING OF USER Carla: 0 ------

Notification scanner thread: Scanning Joel.

DO WE HAVE ACCESS TOKEN? bb8T461ApiG7P3cxpMq82cj2YDfhkn
IS IT EXPIRED? {'day': 17, 'month': 4, 'year': 2018, 'hour': 6, 'minute': 28, 'second': 46}
IS IT CONSIDERED TO BE EXPIRED? False

 -------------- TOTAL NUMBER OF AVISOS OF USER Joel: 19 -------------

Not new avisos: 19

 ----- TOTAL NUMBER OF AVISOS AFTER FILTERING OF USER Joel: 0 ------

Notification scanner thread: Scanning VÝctor.

Refresh token thread: Refreshing tokens

DO WE HAVE ACCESS TOKEN? 01K3WoNEiYlWqY0oEksVvv52SShxoz
IS IT EXPIRED? {'day': 17, 'month': 4, 'year': 2018, 'hour': 6, 'minute': 28, 'second': 46}
IS IT CONSIDERED TO BE EXPIRED? False

 -------------- TOTAL NUMBER OF AVISOS OF USER VÝctor: 10 -------------

Not new avisos: 10

 ----- TOTAL NUMBER OF AVISOS AFTER FILTERING OF USER VÝctor: 0 ------

Last notification was received 2018-04-16 13:21:40!
Refresh token thread: Refreshing tokens

Notification scanner thread: Last check was done: 2018-04-16 21:15:17.117689

Notification scanner thread: Scanning for notifications

Notification scanner thread: Scanning Albert.

DO WE HAVE ACCESS TOKEN? YlCHW1lWB7SdgfKe8PBkJtC1vZINdT
IS IT EXPIRED? {'day': 17, 'month': 4, 'year': 2018, 'hour': 6, 'minute': 28, 'second': 46}
IS IT CONSIDERED TO BE EXPIRED? False

 -------------- TOTAL NUMBER OF AVISOS OF USER Albert: 53 -------------

Not new avisos: 53

 ----- TOTAL NUMBER OF AVISOS AFTER FILTERING OF USER Albert: 0 ------

Notification scanner thread: Scanning Carla.

DO WE HAVE ACCESS TOKEN? BM91rKFhvBxoRrBUPMirKjPXdQMHRA
IS IT EXPIRED? {'day': 17, 'month': 4, 'year': 2018, 'hour': 6, 'minute': 28, 'second': 46}
IS IT CONSIDERED TO BE EXPIRED? False

 -------------- TOTAL NUMBER OF AVISOS OF USER Carla: 35 -------------

Not new avisos: 35

 ----- TOTAL NUMBER OF AVISOS AFTER FILTERING OF USER Carla: 0 ------

Notification scanner thread: Scanning Joel.

DO WE HAVE ACCESS TOKEN? bb8T461ApiG7P3cxpMq82cj2YDfhkn
IS IT EXPIRED? {'day': 17, 'month': 4, 'year': 2018, 'hour': 6, 'minute': 28, 'second': 46}
IS IT CONSIDERED TO BE EXPIRED? False

 -------------- TOTAL NUMBER OF AVISOS OF USER Joel: 19 -------------

Not new avisos: 19

 ----- TOTAL NUMBER OF AVISOS AFTER FILTERING OF USER Joel: 0 ------

Notification scanner thread: Scanning VÝctor.

DO WE HAVE ACCESS TOKEN? 01K3WoNEiYlWqY0oEksVvv52SShxoz
IS IT EXPIRED? {'day': 17, 'month': 4, 'year': 2018, 'hour': 6, 'minute': 28, 'second': 46}
IS IT CONSIDERED TO BE EXPIRED? False

 -------------- TOTAL NUMBER OF AVISOS OF USER VÝctor: 10 -------------

Not new avisos: 10

 ----- TOTAL NUMBER OF AVISOS AFTER FILTERING OF USER VÝctor: 0 ------

Last notification was received 2018-04-16 13:21:40!
Refresh token thread: Refreshing tokens

Notification scanner thread: Last check was done: 2018-04-16 21:15:50.122034

Notification scanner thread: Scanning for notifications

Notification scanner thread: Scanning Albert.

DO WE HAVE ACCESS TOKEN? YlCHW1lWB7SdgfKe8PBkJtC1vZINdT
IS IT EXPIRED? {'day': 17, 'month': 4, 'year': 2018, 'hour': 6, 'minute': 28, 'second': 46}
IS IT CONSIDERED TO BE EXPIRED? False

 -------------- TOTAL NUMBER OF AVISOS OF USER Albert: 53 -------------

Not new avisos: 53

 ----- TOTAL NUMBER OF AVISOS AFTER FILTERING OF USER Albert: 0 ------

Notification scanner thread: Scanning Carla.

DO WE HAVE ACCESS TOKEN? BM91rKFhvBxoRrBUPMirKjPXdQMHRA
IS IT EXPIRED? {'day': 17, 'month': 4, 'year': 2018, 'hour': 6, 'minute': 28, 'second': 46}
IS IT CONSIDERED TO BE EXPIRED? False

 -------------- TOTAL NUMBER OF AVISOS OF USER Carla: 35 -------------

Not new avisos: 35

 ----- TOTAL NUMBER OF AVISOS AFTER FILTERING OF USER Carla: 0 ------

Notification scanner thread: Scanning Joel.

DO WE HAVE ACCESS TOKEN? bb8T461ApiG7P3cxpMq82cj2YDfhkn
IS IT EXPIRED? {'day': 17, 'month': 4, 'year': 2018, 'hour': 6, 'minute': 28, 'second': 46}
IS IT CONSIDERED TO BE EXPIRED? False

 -------------- TOTAL NUMBER OF AVISOS OF USER Joel: 19 -------------

Not new avisos: 19

 ----- TOTAL NUMBER OF AVISOS AFTER FILTERING OF USER Joel: 0 ------

Notification scanner thread: Scanning VÝctor.

DO WE HAVE ACCESS TOKEN? 01K3WoNEiYlWqY0oEksVvv52SShxoz
IS IT EXPIRED? {'day': 17, 'month': 4, 'year': 2018, 'hour': 6, 'minute': 28, 'second': 46}
IS IT CONSIDERED TO BE EXPIRED? False

 -------------- TOTAL NUMBER OF AVISOS OF USER VÝctor: 10 -------------

Not new avisos: 10

 ----- TOTAL NUMBER OF AVISOS AFTER FILTERING OF USER VÝctor: 0 ------

Last notification was received 2018-04-16 13:21:40!
Refresh token thread: Refreshing tokens

Notification scanner thread: Last check was done: 2018-04-16 21:16:26.906790

Notification scanner thread: Scanning for notifications

Notification scanner thread: Scanning Albert.

DO WE HAVE ACCESS TOKEN? YlCHW1lWB7SdgfKe8PBkJtC1vZINdT
IS IT EXPIRED? {'day': 17, 'month': 4, 'year': 2018, 'hour': 6, 'minute': 28, 'second': 46}
IS IT CONSIDERED TO BE EXPIRED? False

 -------------- TOTAL NUMBER OF AVISOS OF USER Albert: 53 -------------

Not new avisos: 53

 ----- TOTAL NUMBER OF AVISOS AFTER FILTERING OF USER Albert: 0 ------

Notification scanner thread: Scanning Carla.

DO WE HAVE ACCESS TOKEN? BM91rKFhvBxoRrBUPMirKjPXdQMHRA
IS IT EXPIRED? {'day': 17, 'month': 4, 'year': 2018, 'hour': 6, 'minute': 28, 'second': 46}
IS IT CONSIDERED TO BE EXPIRED? False

 -------------- TOTAL NUMBER OF AVISOS OF USER Carla: 35 -------------

Not new avisos: 35

 ----- TOTAL NUMBER OF AVISOS AFTER FILTERING OF USER Carla: 0 ------

Notification scanner thread: Scanning Joel.

DO WE HAVE ACCESS TOKEN? bb8T461ApiG7P3cxpMq82cj2YDfhkn
IS IT EXPIRED? {'day': 17, 'month': 4, 'year': 2018, 'hour': 6, 'minute': 28, 'second': 46}
IS IT CONSIDERED TO BE EXPIRED? False

 -------------- TOTAL NUMBER OF AVISOS OF USER Joel: 19 -------------

Not new avisos: 19

 ----- TOTAL NUMBER OF AVISOS AFTER FILTERING OF USER Joel: 0 ------

Notification scanner thread: Scanning VÝctor.

DO WE HAVE ACCESS TOKEN? 01K3WoNEiYlWqY0oEksVvv52SShxoz
IS IT EXPIRED? {'day': 17, 'month': 4, 'year': 2018, 'hour': 6, 'minute': 28, 'second': 46}
IS IT CONSIDERED TO BE EXPIRED? False

 -------------- TOTAL NUMBER OF AVISOS OF USER VÝctor: 10 -------------

Not new avisos: 10

 ----- TOTAL NUMBER OF AVISOS AFTER FILTERING OF USER VÝctor: 0 ------

Last notification was received 2018-04-16 13:21:40!
Refresh token thread: Refreshing tokens

Notification scanner thread: Last check was done: 2018-04-16 21:16:59.764380

Notification scanner thread: Scanning for notifications

Notification scanner thread: Scanning Albert.

DO WE HAVE ACCESS TOKEN? YlCHW1lWB7SdgfKe8PBkJtC1vZINdT
IS IT EXPIRED? {'day': 17, 'month': 4, 'year': 2018, 'hour': 6, 'minute': 28, 'second': 46}
IS IT CONSIDERED TO BE EXPIRED? False

 -------------- TOTAL NUMBER OF AVISOS OF USER Albert: 53 -------------

Not new avisos: 53

 ----- TOTAL NUMBER OF AVISOS AFTER FILTERING OF USER Albert: 0 ------

Notification scanner thread: Scanning Carla.

DO WE HAVE ACCESS TOKEN? BM91rKFhvBxoRrBUPMirKjPXdQMHRA
IS IT EXPIRED? {'day': 17, 'month': 4, 'year': 2018, 'hour': 6, 'minute': 28, 'second': 46}
IS IT CONSIDERED TO BE EXPIRED? False

 -------------- TOTAL NUMBER OF AVISOS OF USER Carla: 35 -------------

Not new avisos: 35

 ----- TOTAL NUMBER OF AVISOS AFTER FILTERING OF USER Carla: 0 ------

Notification scanner thread: Scanning Joel.

DO WE HAVE ACCESS TOKEN? bb8T461ApiG7P3cxpMq82cj2YDfhkn
IS IT EXPIRED? {'day': 17, 'month': 4, 'year': 2018, 'hour': 6, 'minute': 28, 'second': 46}
IS IT CONSIDERED TO BE EXPIRED? False

 -------------- TOTAL NUMBER OF AVISOS OF USER Joel: 19 -------------

Not new avisos: 19

 ----- TOTAL NUMBER OF AVISOS AFTER FILTERING OF USER Joel: 0 ------

Notification scanner thread: Scanning VÝctor.

DO WE HAVE ACCESS TOKEN? 01K3WoNEiYlWqY0oEksVvv52SShxoz
IS IT EXPIRED? {'day': 17, 'month': 4, 'year': 2018, 'hour': 6, 'minute': 28, 'second': 46}
IS IT CONSIDERED TO BE EXPIRED? False

 -------------- TOTAL NUMBER OF AVISOS OF USER VÝctor: 10 -------------

Not new avisos: 10

 ----- TOTAL NUMBER OF AVISOS AFTER FILTERING OF USER VÝctor: 0 ------

Last notification was received 2018-04-16 13:21:40!
Refresh token thread: Refreshing tokens

Notification scanner thread: Last check was done: 2018-04-16 21:17:32.576341

Notification scanner thread: Scanning for notifications

Notification scanner thread: Scanning Albert.

DO WE HAVE ACCESS TOKEN? YlCHW1lWB7SdgfKe8PBkJtC1vZINdT
IS IT EXPIRED? {'day': 17, 'month': 4, 'year': 2018, 'hour': 6, 'minute': 28, 'second': 46}
IS IT CONSIDERED TO BE EXPIRED? False

 -------------- TOTAL NUMBER OF AVISOS OF USER Albert: 53 -------------

Not new avisos: 53

 ----- TOTAL NUMBER OF AVISOS AFTER FILTERING OF USER Albert: 0 ------

Notification scanner thread: Scanning Carla.

DO WE HAVE ACCESS TOKEN? BM91rKFhvBxoRrBUPMirKjPXdQMHRA
IS IT EXPIRED? {'day': 17, 'month': 4, 'year': 2018, 'hour': 6, 'minute': 28, 'second': 46}
IS IT CONSIDERED TO BE EXPIRED? False

 -------------- TOTAL NUMBER OF AVISOS OF USER Carla: 35 -------------

Not new avisos: 35

 ----- TOTAL NUMBER OF AVISOS AFTER FILTERING OF USER Carla: 0 ------

Notification scanner thread: Scanning Joel.

DO WE HAVE ACCESS TOKEN? bb8T461ApiG7P3cxpMq82cj2YDfhkn
IS IT EXPIRED? {'day': 17, 'month': 4, 'year': 2018, 'hour': 6, 'minute': 28, 'second': 46}
IS IT CONSIDERED TO BE EXPIRED? False

 -------------- TOTAL NUMBER OF AVISOS OF USER Joel: 19 -------------

Not new avisos: 19

 ----- TOTAL NUMBER OF AVISOS AFTER FILTERING OF USER Joel: 0 ------

Notification scanner thread: Scanning VÝctor.

DO WE HAVE ACCESS TOKEN? 01K3WoNEiYlWqY0oEksVvv52SShxoz
IS IT EXPIRED? {'day': 17, 'month': 4, 'year': 2018, 'hour': 6, 'minute': 28, 'second': 46}
IS IT CONSIDERED TO BE EXPIRED? False

 -------------- TOTAL NUMBER OF AVISOS OF USER VÝctor: 10 -------------

Not new avisos: 10

 ----- TOTAL NUMBER OF AVISOS AFTER FILTERING OF USER VÝctor: 0 ------

Last notification was received 2018-04-16 13:21:40!
Refresh token thread: Refreshing tokens

Notification scanner thread: Last check was done: 2018-04-16 21:18:05.764893

Notification scanner thread: Scanning for notifications

Notification scanner thread: Scanning Albert.

DO WE HAVE ACCESS TOKEN? YlCHW1lWB7SdgfKe8PBkJtC1vZINdT
IS IT EXPIRED? {'day': 17, 'month': 4, 'year': 2018, 'hour': 6, 'minute': 28, 'second': 46}
IS IT CONSIDERED TO BE EXPIRED? False

 -------------- TOTAL NUMBER OF AVISOS OF USER Albert: 53 -------------

Not new avisos: 53

 ----- TOTAL NUMBER OF AVISOS AFTER FILTERING OF USER Albert: 0 ------

Notification scanner thread: Scanning Carla.

DO WE HAVE ACCESS TOKEN? BM91rKFhvBxoRrBUPMirKjPXdQMHRA
IS IT EXPIRED? {'day': 17, 'month': 4, 'year': 2018, 'hour': 6, 'minute': 28, 'second': 46}
IS IT CONSIDERED TO BE EXPIRED? False

 -------------- TOTAL NUMBER OF AVISOS OF USER Carla: 35 -------------

Not new avisos: 35

 ----- TOTAL NUMBER OF AVISOS AFTER FILTERING OF USER Carla: 0 ------

Notification scanner thread: Scanning Joel.

DO WE HAVE ACCESS TOKEN? bb8T461ApiG7P3cxpMq82cj2YDfhkn
IS IT EXPIRED? {'day': 17, 'month': 4, 'year': 2018, 'hour': 6, 'minute': 28, 'second': 46}
IS IT CONSIDERED TO BE EXPIRED? False

 -------------- TOTAL NUMBER OF AVISOS OF USER Joel: 19 -------------

Not new avisos: 19

 ----- TOTAL NUMBER OF AVISOS AFTER FILTERING OF USER Joel: 0 ------

Notification scanner thread: Scanning VÝctor.

DO WE HAVE ACCESS TOKEN? 01K3WoNEiYlWqY0oEksVvv52SShxoz
IS IT EXPIRED? {'day': 17, 'month': 4, 'year': 2018, 'hour': 6, 'minute': 28, 'second': 46}
IS IT CONSIDERED TO BE EXPIRED? False

 -------------- TOTAL NUMBER OF AVISOS OF USER VÝctor: 10 -------------

Not new avisos: 10

 ----- TOTAL NUMBER OF AVISOS AFTER FILTERING OF USER VÝctor: 0 ------

Last notification was received 2018-04-16 13:21:40!
Refresh token thread: Refreshing tokens

Notification scanner thread: Last check was done: 2018-04-16 21:18:40.908678

Notification scanner thread: Scanning for notifications

Notification scanner thread: Scanning Albert.

DO WE HAVE ACCESS TOKEN? YlCHW1lWB7SdgfKe8PBkJtC1vZINdT
IS IT EXPIRED? {'day': 17, 'month': 4, 'year': 2018, 'hour': 6, 'minute': 28, 'second': 46}
IS IT CONSIDERED TO BE EXPIRED? False

 -------------- TOTAL NUMBER OF AVISOS OF USER Albert: 53 -------------

Not new avisos: 53

 ----- TOTAL NUMBER OF AVISOS AFTER FILTERING OF USER Albert: 0 ------

Notification scanner thread: Scanning Carla.

DO WE HAVE ACCESS TOKEN? BM91rKFhvBxoRrBUPMirKjPXdQMHRA
IS IT EXPIRED? {'day': 17, 'month': 4, 'year': 2018, 'hour': 6, 'minute': 28, 'second': 46}
IS IT CONSIDERED TO BE EXPIRED? False

 -------------- TOTAL NUMBER OF AVISOS OF USER Carla: 35 -------------

Not new avisos: 35

 ----- TOTAL NUMBER OF AVISOS AFTER FILTERING OF USER Carla: 0 ------

Notification scanner thread: Scanning Joel.

DO WE HAVE ACCESS TOKEN? bb8T461ApiG7P3cxpMq82cj2YDfhkn
IS IT EXPIRED? {'day': 17, 'month': 4, 'year': 2018, 'hour': 6, 'minute': 28, 'second': 46}
IS IT CONSIDERED TO BE EXPIRED? False

 -------------- TOTAL NUMBER OF AVISOS OF USER Joel: 19 -------------

Not new avisos: 19

 ----- TOTAL NUMBER OF AVISOS AFTER FILTERING OF USER Joel: 0 ------

Notification scanner thread: Scanning VÝctor.

DO WE HAVE ACCESS TOKEN? 01K3WoNEiYlWqY0oEksVvv52SShxoz
IS IT EXPIRED? {'day': 17, 'month': 4, 'year': 2018, 'hour': 6, 'minute': 28, 'second': 46}
IS IT CONSIDERED TO BE EXPIRED? False

 -------------- TOTAL NUMBER OF AVISOS OF USER VÝctor: 10 -------------

Not new avisos: 10

 ----- TOTAL NUMBER OF AVISOS AFTER FILTERING OF USER VÝctor: 0 ------

Last notification was received 2018-04-16 13:21:40!
Refresh token thread: Refreshing tokens

Notification scanner thread: Last check was done: 2018-04-16 21:19:13.702485

Notification scanner thread: Scanning for notifications

Notification scanner thread: Scanning Albert.

DO WE HAVE ACCESS TOKEN? YlCHW1lWB7SdgfKe8PBkJtC1vZINdT
IS IT EXPIRED? {'day': 17, 'month': 4, 'year': 2018, 'hour': 6, 'minute': 28, 'second': 46}
IS IT CONSIDERED TO BE EXPIRED? False

 -------------- TOTAL NUMBER OF AVISOS OF USER Albert: 53 -------------

Not new avisos: 53

 ----- TOTAL NUMBER OF AVISOS AFTER FILTERING OF USER Albert: 0 ------

Notification scanner thread: Scanning Carla.

Refresh token thread: Refreshing tokens

DO WE HAVE ACCESS TOKEN? BM91rKFhvBxoRrBUPMirKjPXdQMHRA
IS IT EXPIRED? {'day': 17, 'month': 4, 'year': 2018, 'hour': 6, 'minute': 28, 'second': 46}
IS IT CONSIDERED TO BE EXPIRED? False

 -------------- TOTAL NUMBER OF AVISOS OF USER Carla: 35 -------------

Not new avisos: 35

 ----- TOTAL NUMBER OF AVISOS AFTER FILTERING OF USER Carla: 0 ------

Notification scanner thread: Scanning Joel.

DO WE HAVE ACCESS TOKEN? bb8T461ApiG7P3cxpMq82cj2YDfhkn
IS IT EXPIRED? {'day': 17, 'month': 4, 'year': 2018, 'hour': 6, 'minute': 28, 'second': 46}
IS IT CONSIDERED TO BE EXPIRED? False

 -------------- TOTAL NUMBER OF AVISOS OF USER Joel: 19 -------------

Not new avisos: 19

 ----- TOTAL NUMBER OF AVISOS AFTER FILTERING OF USER Joel: 0 ------

Notification scanner thread: Scanning VÝctor.

DO WE HAVE ACCESS TOKEN? 01K3WoNEiYlWqY0oEksVvv52SShxoz
IS IT EXPIRED? {'day': 17, 'month': 4, 'year': 2018, 'hour': 6, 'minute': 28, 'second': 46}
IS IT CONSIDERED TO BE EXPIRED? False

 -------------- TOTAL NUMBER OF AVISOS OF USER VÝctor: 10 -------------

Not new avisos: 10

 ----- TOTAL NUMBER OF AVISOS AFTER FILTERING OF USER VÝctor: 0 ------

Last notification was received 2018-04-16 13:21:40!
Refresh token thread: Refreshing tokens

Notification scanner thread: Last check was done: 2018-04-16 21:19:48.818159

Notification scanner thread: Scanning for notifications

Notification scanner thread: Scanning Albert.

DO WE HAVE ACCESS TOKEN? YlCHW1lWB7SdgfKe8PBkJtC1vZINdT
IS IT EXPIRED? {'day': 17, 'month': 4, 'year': 2018, 'hour': 6, 'minute': 28, 'second': 46}
IS IT CONSIDERED TO BE EXPIRED? False

 -------------- TOTAL NUMBER OF AVISOS OF USER Albert: 53 -------------

Not new avisos: 53

 ----- TOTAL NUMBER OF AVISOS AFTER FILTERING OF USER Albert: 0 ------

Notification scanner thread: Scanning Carla.

DO WE HAVE ACCESS TOKEN? BM91rKFhvBxoRrBUPMirKjPXdQMHRA
IS IT EXPIRED? {'day': 17, 'month': 4, 'year': 2018, 'hour': 6, 'minute': 28, 'second': 46}
IS IT CONSIDERED TO BE EXPIRED? False

 -------------- TOTAL NUMBER OF AVISOS OF USER Carla: 35 -------------

Not new avisos: 35

 ----- TOTAL NUMBER OF AVISOS AFTER FILTERING OF USER Carla: 0 ------

Notification scanner thread: Scanning Joel.

DO WE HAVE ACCESS TOKEN? bb8T461ApiG7P3cxpMq82cj2YDfhkn
IS IT EXPIRED? {'day': 17, 'month': 4, 'year': 2018, 'hour': 6, 'minute': 28, 'second': 46}
IS IT CONSIDERED TO BE EXPIRED? False

 -------------- TOTAL NUMBER OF AVISOS OF USER Joel: 19 -------------

Not new avisos: 19

 ----- TOTAL NUMBER OF AVISOS AFTER FILTERING OF USER Joel: 0 ------

Notification scanner thread: Scanning VÝctor.

DO WE HAVE ACCESS TOKEN? 01K3WoNEiYlWqY0oEksVvv52SShxoz
IS IT EXPIRED? {'day': 17, 'month': 4, 'year': 2018, 'hour': 6, 'minute': 28, 'second': 46}
IS IT CONSIDERED TO BE EXPIRED? False

 -------------- TOTAL NUMBER OF AVISOS OF USER VÝctor: 10 -------------

Not new avisos: 10

 ----- TOTAL NUMBER OF AVISOS AFTER FILTERING OF USER VÝctor: 0 ------

Last notification was received 2018-04-16 13:21:40!
Refresh token thread: Refreshing tokens

Notification scanner thread: Last check was done: 2018-04-16 21:20:22.434022

Notification scanner thread: Scanning for notifications

Notification scanner thread: Scanning Albert.

DO WE HAVE ACCESS TOKEN? YlCHW1lWB7SdgfKe8PBkJtC1vZINdT
IS IT EXPIRED? {'day': 17, 'month': 4, 'year': 2018, 'hour': 6, 'minute': 28, 'second': 46}
IS IT CONSIDERED TO BE EXPIRED? False

 -------------- TOTAL NUMBER OF AVISOS OF USER Albert: 53 -------------

Not new avisos: 53

 ----- TOTAL NUMBER OF AVISOS AFTER FILTERING OF USER Albert: 0 ------

Notification scanner thread: Scanning Carla.

DO WE HAVE ACCESS TOKEN? BM91rKFhvBxoRrBUPMirKjPXdQMHRA
IS IT EXPIRED? {'day': 17, 'month': 4, 'year': 2018, 'hour': 6, 'minute': 28, 'second': 46}
IS IT CONSIDERED TO BE EXPIRED? False

 -------------- TOTAL NUMBER OF AVISOS OF USER Carla: 35 -------------

Not new avisos: 35

 ----- TOTAL NUMBER OF AVISOS AFTER FILTERING OF USER Carla: 0 ------

Notification scanner thread: Scanning Joel.

DO WE HAVE ACCESS TOKEN? bb8T461ApiG7P3cxpMq82cj2YDfhkn
IS IT EXPIRED? {'day': 17, 'month': 4, 'year': 2018, 'hour': 6, 'minute': 28, 'second': 46}
IS IT CONSIDERED TO BE EXPIRED? False

 -------------- TOTAL NUMBER OF AVISOS OF USER Joel: 19 -------------

Not new avisos: 19

 ----- TOTAL NUMBER OF AVISOS AFTER FILTERING OF USER Joel: 0 ------

Notification scanner thread: Scanning VÝctor.

DO WE HAVE ACCESS TOKEN? 01K3WoNEiYlWqY0oEksVvv52SShxoz
IS IT EXPIRED? {'day': 17, 'month': 4, 'year': 2018, 'hour': 6, 'minute': 28, 'second': 46}
IS IT CONSIDERED TO BE EXPIRED? False

 -------------- TOTAL NUMBER OF AVISOS OF USER VÝctor: 10 -------------

Not new avisos: 10

 ----- TOTAL NUMBER OF AVISOS AFTER FILTERING OF USER VÝctor: 0 ------

Last notification was received 2018-04-16 13:21:40!
Refresh token thread: Refreshing tokens

Notification scanner thread: Last check was done: 2018-04-16 21:20:55.510545

Notification scanner thread: Scanning for notifications

Notification scanner thread: Scanning Albert.

DO WE HAVE ACCESS TOKEN? YlCHW1lWB7SdgfKe8PBkJtC1vZINdT
IS IT EXPIRED? {'day': 17, 'month': 4, 'year': 2018, 'hour': 6, 'minute': 28, 'second': 46}
IS IT CONSIDERED TO BE EXPIRED? False

 -------------- TOTAL NUMBER OF AVISOS OF USER Albert: 53 -------------

Not new avisos: 53

 ----- TOTAL NUMBER OF AVISOS AFTER FILTERING OF USER Albert: 0 ------

Notification scanner thread: Scanning Carla.

DO WE HAVE ACCESS TOKEN? BM91rKFhvBxoRrBUPMirKjPXdQMHRA
IS IT EXPIRED? {'day': 17, 'month': 4, 'year': 2018, 'hour': 6, 'minute': 28, 'second': 46}
IS IT CONSIDERED TO BE EXPIRED? False

 -------------- TOTAL NUMBER OF AVISOS OF USER Carla: 35 -------------

Not new avisos: 35

 ----- TOTAL NUMBER OF AVISOS AFTER FILTERING OF USER Carla: 0 ------

Notification scanner thread: Scanning Joel.

DO WE HAVE ACCESS TOKEN? bb8T461ApiG7P3cxpMq82cj2YDfhkn
IS IT EXPIRED? {'day': 17, 'month': 4, 'year': 2018, 'hour': 6, 'minute': 28, 'second': 46}
IS IT CONSIDERED TO BE EXPIRED? False

 -------------- TOTAL NUMBER OF AVISOS OF USER Joel: 19 -------------

Not new avisos: 19

 ----- TOTAL NUMBER OF AVISOS AFTER FILTERING OF USER Joel: 0 ------

Notification scanner thread: Scanning VÝctor.

DO WE HAVE ACCESS TOKEN? 01K3WoNEiYlWqY0oEksVvv52SShxoz
IS IT EXPIRED? {'day': 17, 'month': 4, 'year': 2018, 'hour': 6, 'minute': 28, 'second': 46}
IS IT CONSIDERED TO BE EXPIRED? False

 -------------- TOTAL NUMBER OF AVISOS OF USER VÝctor: 10 -------------

Not new avisos: 10

 ----- TOTAL NUMBER OF AVISOS AFTER FILTERING OF USER VÝctor: 0 ------

Last notification was received 2018-04-16 13:21:40!
Refresh token thread: Refreshing tokens

Notification scanner thread: Last check was done: 2018-04-16 21:21:30.276176

Notification scanner thread: Scanning for notifications

Notification scanner thread: Scanning Albert.

DO WE HAVE ACCESS TOKEN? YlCHW1lWB7SdgfKe8PBkJtC1vZINdT
IS IT EXPIRED? {'day': 17, 'month': 4, 'year': 2018, 'hour': 6, 'minute': 28, 'second': 46}
IS IT CONSIDERED TO BE EXPIRED? False

 -------------- TOTAL NUMBER OF AVISOS OF USER Albert: 53 -------------

Not new avisos: 53

 ----- TOTAL NUMBER OF AVISOS AFTER FILTERING OF USER Albert: 0 ------

Notification scanner thread: Scanning Carla.

DO WE HAVE ACCESS TOKEN? BM91rKFhvBxoRrBUPMirKjPXdQMHRA
IS IT EXPIRED? {'day': 17, 'month': 4, 'year': 2018, 'hour': 6, 'minute': 28, 'second': 46}
IS IT CONSIDERED TO BE EXPIRED? False

 -------------- TOTAL NUMBER OF AVISOS OF USER Carla: 35 -------------

Not new avisos: 35

 ----- TOTAL NUMBER OF AVISOS AFTER FILTERING OF USER Carla: 0 ------

Notification scanner thread: Scanning Joel.

DO WE HAVE ACCESS TOKEN? bb8T461ApiG7P3cxpMq82cj2YDfhkn
IS IT EXPIRED? {'day': 17, 'month': 4, 'year': 2018, 'hour': 6, 'minute': 28, 'second': 46}
IS IT CONSIDERED TO BE EXPIRED? False

 -------------- TOTAL NUMBER OF AVISOS OF USER Joel: 19 -------------

Not new avisos: 19

 ----- TOTAL NUMBER OF AVISOS AFTER FILTERING OF USER Joel: 0 ------

Notification scanner thread: Scanning VÝctor.

DO WE HAVE ACCESS TOKEN? 01K3WoNEiYlWqY0oEksVvv52SShxoz
IS IT EXPIRED? {'day': 17, 'month': 4, 'year': 2018, 'hour': 6, 'minute': 28, 'second': 46}
IS IT CONSIDERED TO BE EXPIRED? False

 -------------- TOTAL NUMBER OF AVISOS OF USER VÝctor: 10 -------------

Not new avisos: 10

 ----- TOTAL NUMBER OF AVISOS AFTER FILTERING OF USER VÝctor: 0 ------

Last notification was received 2018-04-16 13:21:40!
Refresh token thread: Refreshing tokens

Notification scanner thread: Last check was done: 2018-04-16 21:22:02.971119

Notification scanner thread: Scanning for notifications

Notification scanner thread: Scanning Albert.

DO WE HAVE ACCESS TOKEN? YlCHW1lWB7SdgfKe8PBkJtC1vZINdT
IS IT EXPIRED? {'day': 17, 'month': 4, 'year': 2018, 'hour': 6, 'minute': 28, 'second': 46}
IS IT CONSIDERED TO BE EXPIRED? False

 -------------- TOTAL NUMBER OF AVISOS OF USER Albert: 53 -------------

Not new avisos: 53

 ----- TOTAL NUMBER OF AVISOS AFTER FILTERING OF USER Albert: 0 ------

Notification scanner thread: Scanning Carla.

DO WE HAVE ACCESS TOKEN? BM91rKFhvBxoRrBUPMirKjPXdQMHRA
IS IT EXPIRED? {'day': 17, 'month': 4, 'year': 2018, 'hour': 6, 'minute': 28, 'second': 46}
IS IT CONSIDERED TO BE EXPIRED? False

 -------------- TOTAL NUMBER OF AVISOS OF USER Carla: 35 -------------

Not new avisos: 35

 ----- TOTAL NUMBER OF AVISOS AFTER FILTERING OF USER Carla: 0 ------

Notification scanner thread: Scanning Joel.

DO WE HAVE ACCESS TOKEN? bb8T461ApiG7P3cxpMq82cj2YDfhkn
IS IT EXPIRED? {'day': 17, 'month': 4, 'year': 2018, 'hour': 6, 'minute': 28, 'second': 46}
IS IT CONSIDERED TO BE EXPIRED? False

 -------------- TOTAL NUMBER OF AVISOS OF USER Joel: 19 -------------

Not new avisos: 19

 ----- TOTAL NUMBER OF AVISOS AFTER FILTERING OF USER Joel: 0 ------

Notification scanner thread: Scanning VÝctor.

DO WE HAVE ACCESS TOKEN? 01K3WoNEiYlWqY0oEksVvv52SShxoz
IS IT EXPIRED? {'day': 17, 'month': 4, 'year': 2018, 'hour': 6, 'minute': 28, 'second': 46}
IS IT CONSIDERED TO BE EXPIRED? False

 -------------- TOTAL NUMBER OF AVISOS OF USER VÝctor: 10 -------------

Not new avisos: 10

 ----- TOTAL NUMBER OF AVISOS AFTER FILTERING OF USER VÝctor: 0 ------

Last notification was received 2018-04-16 13:21:40!
Refresh token thread: Refreshing tokens

Notification scanner thread: Last check was done: 2018-04-16 21:22:39.922943

Notification scanner thread: Scanning for notifications

Notification scanner thread: Scanning Albert.

DO WE HAVE ACCESS TOKEN? YlCHW1lWB7SdgfKe8PBkJtC1vZINdT
IS IT EXPIRED? {'day': 17, 'month': 4, 'year': 2018, 'hour': 6, 'minute': 28, 'second': 46}
IS IT CONSIDERED TO BE EXPIRED? False

 -------------- TOTAL NUMBER OF AVISOS OF USER Albert: 53 -------------

Not new avisos: 53

 ----- TOTAL NUMBER OF AVISOS AFTER FILTERING OF USER Albert: 0 ------

Notification scanner thread: Scanning Carla.

DO WE HAVE ACCESS TOKEN? BM91rKFhvBxoRrBUPMirKjPXdQMHRA
IS IT EXPIRED? {'day': 17, 'month': 4, 'year': 2018, 'hour': 6, 'minute': 28, 'second': 46}
IS IT CONSIDERED TO BE EXPIRED? False

 -------------- TOTAL NUMBER OF AVISOS OF USER Carla: 35 -------------

Not new avisos: 35

 ----- TOTAL NUMBER OF AVISOS AFTER FILTERING OF USER Carla: 0 ------

Notification scanner thread: Scanning Joel.

DO WE HAVE ACCESS TOKEN? bb8T461ApiG7P3cxpMq82cj2YDfhkn
IS IT EXPIRED? {'day': 17, 'month': 4, 'year': 2018, 'hour': 6, 'minute': 28, 'second': 46}
IS IT CONSIDERED TO BE EXPIRED? False

 -------------- TOTAL NUMBER OF AVISOS OF USER Joel: 19 -------------

Not new avisos: 19

 ----- TOTAL NUMBER OF AVISOS AFTER FILTERING OF USER Joel: 0 ------

Notification scanner thread: Scanning VÝctor.

DO WE HAVE ACCESS TOKEN? 01K3WoNEiYlWqY0oEksVvv52SShxoz
IS IT EXPIRED? {'day': 17, 'month': 4, 'year': 2018, 'hour': 6, 'minute': 28, 'second': 46}
IS IT CONSIDERED TO BE EXPIRED? False

 -------------- TOTAL NUMBER OF AVISOS OF USER VÝctor: 10 -------------

Not new avisos: 10

 ----- TOTAL NUMBER OF AVISOS AFTER FILTERING OF USER VÝctor: 0 ------

Last notification was received 2018-04-16 13:21:40!
Refresh token thread: Refreshing tokens

Notification scanner thread: Last check was done: 2018-04-16 21:23:12.694369

Notification scanner thread: Scanning for notifications

Notification scanner thread: Scanning Albert.

DO WE HAVE ACCESS TOKEN? YlCHW1lWB7SdgfKe8PBkJtC1vZINdT
IS IT EXPIRED? {'day': 17, 'month': 4, 'year': 2018, 'hour': 6, 'minute': 28, 'second': 46}
IS IT CONSIDERED TO BE EXPIRED? False

 -------------- TOTAL NUMBER OF AVISOS OF USER Albert: 53 -------------

Not new avisos: 53

 ----- TOTAL NUMBER OF AVISOS AFTER FILTERING OF USER Albert: 0 ------

Notification scanner thread: Scanning Carla.

DO WE HAVE ACCESS TOKEN? BM91rKFhvBxoRrBUPMirKjPXdQMHRA
IS IT EXPIRED? {'day': 17, 'month': 4, 'year': 2018, 'hour': 6, 'minute': 28, 'second': 46}
IS IT CONSIDERED TO BE EXPIRED? False

 -------------- TOTAL NUMBER OF AVISOS OF USER Carla: 35 -------------

Not new avisos: 35

 ----- TOTAL NUMBER OF AVISOS AFTER FILTERING OF USER Carla: 0 ------

Notification scanner thread: Scanning Joel.

DO WE HAVE ACCESS TOKEN? bb8T461ApiG7P3cxpMq82cj2YDfhkn
IS IT EXPIRED? {'day': 17, 'month': 4, 'year': 2018, 'hour': 6, 'minute': 28, 'second': 46}
IS IT CONSIDERED TO BE EXPIRED? False

 -------------- TOTAL NUMBER OF AVISOS OF USER Joel: 19 -------------

Not new avisos: 19

 ----- TOTAL NUMBER OF AVISOS AFTER FILTERING OF USER Joel: 0 ------

Notification scanner thread: Scanning VÝctor.

DO WE HAVE ACCESS TOKEN? 01K3WoNEiYlWqY0oEksVvv52SShxoz
IS IT EXPIRED? {'day': 17, 'month': 4, 'year': 2018, 'hour': 6, 'minute': 28, 'second': 46}
IS IT CONSIDERED TO BE EXPIRED? False

 -------------- TOTAL NUMBER OF AVISOS OF USER VÝctor: 10 -------------

Not new avisos: 10

 ----- TOTAL NUMBER OF AVISOS AFTER FILTERING OF USER VÝctor: 0 ------

Last notification was received 2018-04-16 13:21:40!
Refresh token thread: Refreshing tokens

Notification scanner thread: Last check was done: 2018-04-16 21:23:45.363615

Notification scanner thread: Scanning for notifications

Notification scanner thread: Scanning Albert.

Refresh token thread: Refreshing tokens

DO WE HAVE ACCESS TOKEN? YlCHW1lWB7SdgfKe8PBkJtC1vZINdT
IS IT EXPIRED? {'day': 17, 'month': 4, 'year': 2018, 'hour': 6, 'minute': 28, 'second': 46}
IS IT CONSIDERED TO BE EXPIRED? False

 -------------- TOTAL NUMBER OF AVISOS OF USER Albert: 53 -------------

Not new avisos: 53

 ----- TOTAL NUMBER OF AVISOS AFTER FILTERING OF USER Albert: 0 ------

Notification scanner thread: Scanning Carla.

DO WE HAVE ACCESS TOKEN? BM91rKFhvBxoRrBUPMirKjPXdQMHRA
IS IT EXPIRED? {'day': 17, 'month': 4, 'year': 2018, 'hour': 6, 'minute': 28, 'second': 46}
IS IT CONSIDERED TO BE EXPIRED? False

 -------------- TOTAL NUMBER OF AVISOS OF USER Carla: 35 -------------

Not new avisos: 35

 ----- TOTAL NUMBER OF AVISOS AFTER FILTERING OF USER Carla: 0 ------

Notification scanner thread: Scanning Joel.

DO WE HAVE ACCESS TOKEN? bb8T461ApiG7P3cxpMq82cj2YDfhkn
IS IT EXPIRED? {'day': 17, 'month': 4, 'year': 2018, 'hour': 6, 'minute': 28, 'second': 46}
IS IT CONSIDERED TO BE EXPIRED? False

 -------------- TOTAL NUMBER OF AVISOS OF USER Joel: 19 -------------

Not new avisos: 19

 ----- TOTAL NUMBER OF AVISOS AFTER FILTERING OF USER Joel: 0 ------

Notification scanner thread: Scanning VÝctor.

DO WE HAVE ACCESS TOKEN? 01K3WoNEiYlWqY0oEksVvv52SShxoz
IS IT EXPIRED? {'day': 17, 'month': 4, 'year': 2018, 'hour': 6, 'minute': 28, 'second': 46}
IS IT CONSIDERED TO BE EXPIRED? False

 -------------- TOTAL NUMBER OF AVISOS OF USER VÝctor: 10 -------------

Not new avisos: 10

 ----- TOTAL NUMBER OF AVISOS AFTER FILTERING OF USER VÝctor: 0 ------

Last notification was received 2018-04-16 13:21:40!
Refresh token thread: Refreshing tokens

Notification scanner thread: Last check was done: 2018-04-16 21:24:22.402113

Notification scanner thread: Scanning for notifications

Notification scanner thread: Scanning Albert.

DO WE HAVE ACCESS TOKEN? YlCHW1lWB7SdgfKe8PBkJtC1vZINdT
IS IT EXPIRED? {'day': 17, 'month': 4, 'year': 2018, 'hour': 6, 'minute': 28, 'second': 46}
IS IT CONSIDERED TO BE EXPIRED? False

 -------------- TOTAL NUMBER OF AVISOS OF USER Albert: 53 -------------

Not new avisos: 53

 ----- TOTAL NUMBER OF AVISOS AFTER FILTERING OF USER Albert: 0 ------

Notification scanner thread: Scanning Carla.

DO WE HAVE ACCESS TOKEN? BM91rKFhvBxoRrBUPMirKjPXdQMHRA
IS IT EXPIRED? {'day': 17, 'month': 4, 'year': 2018, 'hour': 6, 'minute': 28, 'second': 46}
IS IT CONSIDERED TO BE EXPIRED? False

 -------------- TOTAL NUMBER OF AVISOS OF USER Carla: 35 -------------

Not new avisos: 35

 ----- TOTAL NUMBER OF AVISOS AFTER FILTERING OF USER Carla: 0 ------

Notification scanner thread: Scanning Joel.

DO WE HAVE ACCESS TOKEN? bb8T461ApiG7P3cxpMq82cj2YDfhkn
IS IT EXPIRED? {'day': 17, 'month': 4, 'year': 2018, 'hour': 6, 'minute': 28, 'second': 46}
IS IT CONSIDERED TO BE EXPIRED? False

 -------------- TOTAL NUMBER OF AVISOS OF USER Joel: 19 -------------

Not new avisos: 19

 ----- TOTAL NUMBER OF AVISOS AFTER FILTERING OF USER Joel: 0 ------

Notification scanner thread: Scanning VÝctor.

DO WE HAVE ACCESS TOKEN? 01K3WoNEiYlWqY0oEksVvv52SShxoz
IS IT EXPIRED? {'day': 17, 'month': 4, 'year': 2018, 'hour': 6, 'minute': 28, 'second': 46}
IS IT CONSIDERED TO BE EXPIRED? False

 -------------- TOTAL NUMBER OF AVISOS OF USER VÝctor: 10 -------------

Not new avisos: 10

 ----- TOTAL NUMBER OF AVISOS AFTER FILTERING OF USER VÝctor: 0 ------

Last notification was received 2018-04-16 13:21:40!
Refresh token thread: Refreshing tokens

Notification scanner thread: Last check was done: 2018-04-16 21:24:57.179176

Notification scanner thread: Scanning for notifications

Notification scanner thread: Scanning Albert.

DO WE HAVE ACCESS TOKEN? YlCHW1lWB7SdgfKe8PBkJtC1vZINdT
IS IT EXPIRED? {'day': 17, 'month': 4, 'year': 2018, 'hour': 6, 'minute': 28, 'second': 46}
IS IT CONSIDERED TO BE EXPIRED? False

 -------------- TOTAL NUMBER OF AVISOS OF USER Albert: 53 -------------

Not new avisos: 53

 ----- TOTAL NUMBER OF AVISOS AFTER FILTERING OF USER Albert: 0 ------

Notification scanner thread: Scanning Carla.

DO WE HAVE ACCESS TOKEN? BM91rKFhvBxoRrBUPMirKjPXdQMHRA
IS IT EXPIRED? {'day': 17, 'month': 4, 'year': 2018, 'hour': 6, 'minute': 28, 'second': 46}
IS IT CONSIDERED TO BE EXPIRED? False

 -------------- TOTAL NUMBER OF AVISOS OF USER Carla: 35 -------------

Not new avisos: 35

 ----- TOTAL NUMBER OF AVISOS AFTER FILTERING OF USER Carla: 0 ------

Notification scanner thread: Scanning Joel.

DO WE HAVE ACCESS TOKEN? bb8T461ApiG7P3cxpMq82cj2YDfhkn
IS IT EXPIRED? {'day': 17, 'month': 4, 'year': 2018, 'hour': 6, 'minute': 28, 'second': 46}
IS IT CONSIDERED TO BE EXPIRED? False

 -------------- TOTAL NUMBER OF AVISOS OF USER Joel: 19 -------------

Not new avisos: 19

 ----- TOTAL NUMBER OF AVISOS AFTER FILTERING OF USER Joel: 0 ------

Notification scanner thread: Scanning VÝctor.

DO WE HAVE ACCESS TOKEN? 01K3WoNEiYlWqY0oEksVvv52SShxoz
IS IT EXPIRED? {'day': 17, 'month': 4, 'year': 2018, 'hour': 6, 'minute': 28, 'second': 46}
IS IT CONSIDERED TO BE EXPIRED? False

 -------------- TOTAL NUMBER OF AVISOS OF USER VÝctor: 10 -------------

Not new avisos: 10

 ----- TOTAL NUMBER OF AVISOS AFTER FILTERING OF USER VÝctor: 0 ------

Last notification was received 2018-04-16 13:21:40!
Refresh token thread: Refreshing tokens

Notification scanner thread: Last check was done: 2018-04-16 21:25:30.113399

Notification scanner thread: Scanning for notifications

Notification scanner thread: Scanning Albert.

DO WE HAVE ACCESS TOKEN? YlCHW1lWB7SdgfKe8PBkJtC1vZINdT
IS IT EXPIRED? {'day': 17, 'month': 4, 'year': 2018, 'hour': 6, 'minute': 28, 'second': 46}
IS IT CONSIDERED TO BE EXPIRED? False

 -------------- TOTAL NUMBER OF AVISOS OF USER Albert: 53 -------------

Not new avisos: 53

 ----- TOTAL NUMBER OF AVISOS AFTER FILTERING OF USER Albert: 0 ------

Notification scanner thread: Scanning Carla.

DO WE HAVE ACCESS TOKEN? BM91rKFhvBxoRrBUPMirKjPXdQMHRA
IS IT EXPIRED? {'day': 17, 'month': 4, 'year': 2018, 'hour': 6, 'minute': 28, 'second': 46}
IS IT CONSIDERED TO BE EXPIRED? False

 -------------- TOTAL NUMBER OF AVISOS OF USER Carla: 35 -------------

Not new avisos: 35

 ----- TOTAL NUMBER OF AVISOS AFTER FILTERING OF USER Carla: 0 ------

Notification scanner thread: Scanning Joel.

DO WE HAVE ACCESS TOKEN? bb8T461ApiG7P3cxpMq82cj2YDfhkn
IS IT EXPIRED? {'day': 17, 'month': 4, 'year': 2018, 'hour': 6, 'minute': 28, 'second': 46}
IS IT CONSIDERED TO BE EXPIRED? False

 -------------- TOTAL NUMBER OF AVISOS OF USER Joel: 19 -------------

Not new avisos: 19

 ----- TOTAL NUMBER OF AVISOS AFTER FILTERING OF USER Joel: 0 ------

Notification scanner thread: Scanning VÝctor.

DO WE HAVE ACCESS TOKEN? 01K3WoNEiYlWqY0oEksVvv52SShxoz
IS IT EXPIRED? {'day': 17, 'month': 4, 'year': 2018, 'hour': 6, 'minute': 28, 'second': 46}
IS IT CONSIDERED TO BE EXPIRED? False

 -------------- TOTAL NUMBER OF AVISOS OF USER VÝctor: 10 -------------

Not new avisos: 10

 ----- TOTAL NUMBER OF AVISOS AFTER FILTERING OF USER VÝctor: 0 ------

Last notification was received 2018-04-16 13:21:40!
Refresh token thread: Refreshing tokens

Notification scanner thread: Last check was done: 2018-04-16 21:26:03.177540

Notification scanner thread: Scanning for notifications

Notification scanner thread: Scanning Albert.

DO WE HAVE ACCESS TOKEN? YlCHW1lWB7SdgfKe8PBkJtC1vZINdT
IS IT EXPIRED? {'day': 17, 'month': 4, 'year': 2018, 'hour': 6, 'minute': 28, 'second': 46}
IS IT CONSIDERED TO BE EXPIRED? False

 -------------- TOTAL NUMBER OF AVISOS OF USER Albert: 53 -------------

Not new avisos: 53

 ----- TOTAL NUMBER OF AVISOS AFTER FILTERING OF USER Albert: 0 ------

Notification scanner thread: Scanning Carla.

DO WE HAVE ACCESS TOKEN? BM91rKFhvBxoRrBUPMirKjPXdQMHRA
IS IT EXPIRED? {'day': 17, 'month': 4, 'year': 2018, 'hour': 6, 'minute': 28, 'second': 46}
IS IT CONSIDERED TO BE EXPIRED? False

 -------------- TOTAL NUMBER OF AVISOS OF USER Carla: 35 -------------

Not new avisos: 35

 ----- TOTAL NUMBER OF AVISOS AFTER FILTERING OF USER Carla: 0 ------

Notification scanner thread: Scanning Joel.

DO WE HAVE ACCESS TOKEN? bb8T461ApiG7P3cxpMq82cj2YDfhkn
IS IT EXPIRED? {'day': 17, 'month': 4, 'year': 2018, 'hour': 6, 'minute': 28, 'second': 46}
IS IT CONSIDERED TO BE EXPIRED? False

 -------------- TOTAL NUMBER OF AVISOS OF USER Joel: 19 -------------

Not new avisos: 19

 ----- TOTAL NUMBER OF AVISOS AFTER FILTERING OF USER Joel: 0 ------

Notification scanner thread: Scanning VÝctor.

DO WE HAVE ACCESS TOKEN? 01K3WoNEiYlWqY0oEksVvv52SShxoz
IS IT EXPIRED? {'day': 17, 'month': 4, 'year': 2018, 'hour': 6, 'minute': 28, 'second': 46}
IS IT CONSIDERED TO BE EXPIRED? False

 -------------- TOTAL NUMBER OF AVISOS OF USER VÝctor: 10 -------------

Not new avisos: 10

 ----- TOTAL NUMBER OF AVISOS AFTER FILTERING OF USER VÝctor: 0 ------

Last notification was received 2018-04-16 13:21:40!
Refresh token thread: Refreshing tokens

Notification scanner thread: Last check was done: 2018-04-16 21:26:39.024811

Notification scanner thread: Scanning for notifications

Notification scanner thread: Scanning Albert.

DO WE HAVE ACCESS TOKEN? YlCHW1lWB7SdgfKe8PBkJtC1vZINdT
IS IT EXPIRED? {'day': 17, 'month': 4, 'year': 2018, 'hour': 6, 'minute': 28, 'second': 46}
IS IT CONSIDERED TO BE EXPIRED? False

 -------------- TOTAL NUMBER OF AVISOS OF USER Albert: 53 -------------

Not new avisos: 53

 ----- TOTAL NUMBER OF AVISOS AFTER FILTERING OF USER Albert: 0 ------

Notification scanner thread: Scanning Carla.

DO WE HAVE ACCESS TOKEN? BM91rKFhvBxoRrBUPMirKjPXdQMHRA
IS IT EXPIRED? {'day': 17, 'month': 4, 'year': 2018, 'hour': 6, 'minute': 28, 'second': 46}
IS IT CONSIDERED TO BE EXPIRED? False

 -------------- TOTAL NUMBER OF AVISOS OF USER Carla: 35 -------------

Not new avisos: 35

 ----- TOTAL NUMBER OF AVISOS AFTER FILTERING OF USER Carla: 0 ------

Notification scanner thread: Scanning Joel.

DO WE HAVE ACCESS TOKEN? bb8T461ApiG7P3cxpMq82cj2YDfhkn
IS IT EXPIRED? {'day': 17, 'month': 4, 'year': 2018, 'hour': 6, 'minute': 28, 'second': 46}
IS IT CONSIDERED TO BE EXPIRED? False

 -------------- TOTAL NUMBER OF AVISOS OF USER Joel: 19 -------------

Not new avisos: 19

 ----- TOTAL NUMBER OF AVISOS AFTER FILTERING OF USER Joel: 0 ------

Notification scanner thread: Scanning VÝctor.

DO WE HAVE ACCESS TOKEN? 01K3WoNEiYlWqY0oEksVvv52SShxoz
IS IT EXPIRED? {'day': 17, 'month': 4, 'year': 2018, 'hour': 6, 'minute': 28, 'second': 46}
IS IT CONSIDERED TO BE EXPIRED? False

 -------------- TOTAL NUMBER OF AVISOS OF USER VÝctor: 10 -------------

Not new avisos: 10

 ----- TOTAL NUMBER OF AVISOS AFTER FILTERING OF USER VÝctor: 0 ------

Last notification was received 2018-04-16 13:21:40!
Refresh token thread: Refreshing tokens

Notification scanner thread: Last check was done: 2018-04-16 21:27:15.733501

Notification scanner thread: Scanning for notifications

Notification scanner thread: Scanning Albert.

DO WE HAVE ACCESS TOKEN? YlCHW1lWB7SdgfKe8PBkJtC1vZINdT
IS IT EXPIRED? {'day': 17, 'month': 4, 'year': 2018, 'hour': 6, 'minute': 28, 'second': 46}
IS IT CONSIDERED TO BE EXPIRED? False

 -------------- TOTAL NUMBER OF AVISOS OF USER Albert: 53 -------------

Not new avisos: 53

 ----- TOTAL NUMBER OF AVISOS AFTER FILTERING OF USER Albert: 0 ------

Notification scanner thread: Scanning Carla.

Refresh token thread: Refreshing tokens

DO WE HAVE ACCESS TOKEN? BM91rKFhvBxoRrBUPMirKjPXdQMHRA
IS IT EXPIRED? {'day': 17, 'month': 4, 'year': 2018, 'hour': 6, 'minute': 28, 'second': 46}
IS IT CONSIDERED TO BE EXPIRED? False

 -------------- TOTAL NUMBER OF AVISOS OF USER Carla: 35 -------------

Not new avisos: 35

 ----- TOTAL NUMBER OF AVISOS AFTER FILTERING OF USER Carla: 0 ------

Notification scanner thread: Scanning Joel.

DO WE HAVE ACCESS TOKEN? bb8T461ApiG7P3cxpMq82cj2YDfhkn
IS IT EXPIRED? {'day': 17, 'month': 4, 'year': 2018, 'hour': 6, 'minute': 28, 'second': 46}
IS IT CONSIDERED TO BE EXPIRED? False

 -------------- TOTAL NUMBER OF AVISOS OF USER Joel: 19 -------------

Not new avisos: 19

 ----- TOTAL NUMBER OF AVISOS AFTER FILTERING OF USER Joel: 0 ------

Notification scanner thread: Scanning VÝctor.

DO WE HAVE ACCESS TOKEN? 01K3WoNEiYlWqY0oEksVvv52SShxoz
IS IT EXPIRED? {'day': 17, 'month': 4, 'year': 2018, 'hour': 6, 'minute': 28, 'second': 46}
IS IT CONSIDERED TO BE EXPIRED? False

 -------------- TOTAL NUMBER OF AVISOS OF USER VÝctor: 10 -------------

Not new avisos: 10

 ----- TOTAL NUMBER OF AVISOS AFTER FILTERING OF USER VÝctor: 0 ------

Last notification was received 2018-04-16 13:21:40!
Refresh token thread: Refreshing tokens

Notification scanner thread: Last check was done: 2018-04-16 21:27:48.322313

Notification scanner thread: Scanning for notifications

Notification scanner thread: Scanning Albert.

DO WE HAVE ACCESS TOKEN? YlCHW1lWB7SdgfKe8PBkJtC1vZINdT
IS IT EXPIRED? {'day': 17, 'month': 4, 'year': 2018, 'hour': 6, 'minute': 28, 'second': 46}
IS IT CONSIDERED TO BE EXPIRED? False

 -------------- TOTAL NUMBER OF AVISOS OF USER Albert: 53 -------------

Not new avisos: 53

 ----- TOTAL NUMBER OF AVISOS AFTER FILTERING OF USER Albert: 0 ------

Notification scanner thread: Scanning Carla.

DO WE HAVE ACCESS TOKEN? BM91rKFhvBxoRrBUPMirKjPXdQMHRA
IS IT EXPIRED? {'day': 17, 'month': 4, 'year': 2018, 'hour': 6, 'minute': 28, 'second': 46}
IS IT CONSIDERED TO BE EXPIRED? False

 -------------- TOTAL NUMBER OF AVISOS OF USER Carla: 35 -------------

Not new avisos: 35

 ----- TOTAL NUMBER OF AVISOS AFTER FILTERING OF USER Carla: 0 ------

Notification scanner thread: Scanning Joel.

DO WE HAVE ACCESS TOKEN? bb8T461ApiG7P3cxpMq82cj2YDfhkn
IS IT EXPIRED? {'day': 17, 'month': 4, 'year': 2018, 'hour': 6, 'minute': 28, 'second': 46}
IS IT CONSIDERED TO BE EXPIRED? False

 -------------- TOTAL NUMBER OF AVISOS OF USER Joel: 19 -------------

Not new avisos: 19

 ----- TOTAL NUMBER OF AVISOS AFTER FILTERING OF USER Joel: 0 ------

Notification scanner thread: Scanning VÝctor.

DO WE HAVE ACCESS TOKEN? 01K3WoNEiYlWqY0oEksVvv52SShxoz
IS IT EXPIRED? {'day': 17, 'month': 4, 'year': 2018, 'hour': 6, 'minute': 28, 'second': 46}
IS IT CONSIDERED TO BE EXPIRED? False

 -------------- TOTAL NUMBER OF AVISOS OF USER VÝctor: 10 -------------

Not new avisos: 10

 ----- TOTAL NUMBER OF AVISOS AFTER FILTERING OF USER VÝctor: 0 ------

Last notification was received 2018-04-16 13:21:40!
Refresh token thread: Refreshing tokens

Notification scanner thread: Last check was done: 2018-04-16 21:28:21.036978

Notification scanner thread: Scanning for notifications

Notification scanner thread: Scanning Albert.

DO WE HAVE ACCESS TOKEN? YlCHW1lWB7SdgfKe8PBkJtC1vZINdT
IS IT EXPIRED? {'day': 17, 'month': 4, 'year': 2018, 'hour': 6, 'minute': 28, 'second': 46}
IS IT CONSIDERED TO BE EXPIRED? False

 -------------- TOTAL NUMBER OF AVISOS OF USER Albert: 53 -------------

Not new avisos: 53

 ----- TOTAL NUMBER OF AVISOS AFTER FILTERING OF USER Albert: 0 ------

Notification scanner thread: Scanning Carla.

DO WE HAVE ACCESS TOKEN? BM91rKFhvBxoRrBUPMirKjPXdQMHRA
IS IT EXPIRED? {'day': 17, 'month': 4, 'year': 2018, 'hour': 6, 'minute': 28, 'second': 46}
IS IT CONSIDERED TO BE EXPIRED? False

 -------------- TOTAL NUMBER OF AVISOS OF USER Carla: 35 -------------

Not new avisos: 35

 ----- TOTAL NUMBER OF AVISOS AFTER FILTERING OF USER Carla: 0 ------

Notification scanner thread: Scanning Joel.

DO WE HAVE ACCESS TOKEN? bb8T461ApiG7P3cxpMq82cj2YDfhkn
IS IT EXPIRED? {'day': 17, 'month': 4, 'year': 2018, 'hour': 6, 'minute': 28, 'second': 46}
IS IT CONSIDERED TO BE EXPIRED? False

 -------------- TOTAL NUMBER OF AVISOS OF USER Joel: 19 -------------

Not new avisos: 19

 ----- TOTAL NUMBER OF AVISOS AFTER FILTERING OF USER Joel: 0 ------

Notification scanner thread: Scanning VÝctor.

DO WE HAVE ACCESS TOKEN? 01K3WoNEiYlWqY0oEksVvv52SShxoz
IS IT EXPIRED? {'day': 17, 'month': 4, 'year': 2018, 'hour': 6, 'minute': 28, 'second': 46}
IS IT CONSIDERED TO BE EXPIRED? False

 -------------- TOTAL NUMBER OF AVISOS OF USER VÝctor: 10 -------------

Not new avisos: 10

 ----- TOTAL NUMBER OF AVISOS AFTER FILTERING OF USER VÝctor: 0 ------

Last notification was received 2018-04-16 13:21:40!
Refresh token thread: Refreshing tokens

Notification scanner thread: Last check was done: 2018-04-16 21:28:53.768648

Notification scanner thread: Scanning for notifications

Notification scanner thread: Scanning Albert.

DO WE HAVE ACCESS TOKEN? YlCHW1lWB7SdgfKe8PBkJtC1vZINdT
IS IT EXPIRED? {'day': 17, 'month': 4, 'year': 2018, 'hour': 6, 'minute': 28, 'second': 46}
IS IT CONSIDERED TO BE EXPIRED? False

 -------------- TOTAL NUMBER OF AVISOS OF USER Albert: 53 -------------

Not new avisos: 53

 ----- TOTAL NUMBER OF AVISOS AFTER FILTERING OF USER Albert: 0 ------

Notification scanner thread: Scanning Carla.

DO WE HAVE ACCESS TOKEN? BM91rKFhvBxoRrBUPMirKjPXdQMHRA
IS IT EXPIRED? {'day': 17, 'month': 4, 'year': 2018, 'hour': 6, 'minute': 28, 'second': 46}
IS IT CONSIDERED TO BE EXPIRED? False

 -------------- TOTAL NUMBER OF AVISOS OF USER Carla: 35 -------------

Not new avisos: 35

 ----- TOTAL NUMBER OF AVISOS AFTER FILTERING OF USER Carla: 0 ------

Notification scanner thread: Scanning Joel.

DO WE HAVE ACCESS TOKEN? bb8T461ApiG7P3cxpMq82cj2YDfhkn
IS IT EXPIRED? {'day': 17, 'month': 4, 'year': 2018, 'hour': 6, 'minute': 28, 'second': 46}
IS IT CONSIDERED TO BE EXPIRED? False

 -------------- TOTAL NUMBER OF AVISOS OF USER Joel: 19 -------------

Not new avisos: 19

 ----- TOTAL NUMBER OF AVISOS AFTER FILTERING OF USER Joel: 0 ------

Notification scanner thread: Scanning VÝctor.

DO WE HAVE ACCESS TOKEN? 01K3WoNEiYlWqY0oEksVvv52SShxoz
IS IT EXPIRED? {'day': 17, 'month': 4, 'year': 2018, 'hour': 6, 'minute': 28, 'second': 46}
IS IT CONSIDERED TO BE EXPIRED? False

 -------------- TOTAL NUMBER OF AVISOS OF USER VÝctor: 10 -------------

Not new avisos: 10

 ----- TOTAL NUMBER OF AVISOS AFTER FILTERING OF USER VÝctor: 0 ------

Last notification was received 2018-04-16 13:21:40!
Refresh token thread: Refreshing tokens

Notification scanner thread: Last check was done: 2018-04-16 21:29:28.427081

Notification scanner thread: Scanning for notifications

Notification scanner thread: Scanning Albert.

DO WE HAVE ACCESS TOKEN? YlCHW1lWB7SdgfKe8PBkJtC1vZINdT
IS IT EXPIRED? {'day': 17, 'month': 4, 'year': 2018, 'hour': 6, 'minute': 28, 'second': 46}
IS IT CONSIDERED TO BE EXPIRED? False

 -------------- TOTAL NUMBER OF AVISOS OF USER Albert: 53 -------------

Not new avisos: 53

 ----- TOTAL NUMBER OF AVISOS AFTER FILTERING OF USER Albert: 0 ------

Notification scanner thread: Scanning Carla.

DO WE HAVE ACCESS TOKEN? BM91rKFhvBxoRrBUPMirKjPXdQMHRA
IS IT EXPIRED? {'day': 17, 'month': 4, 'year': 2018, 'hour': 6, 'minute': 28, 'second': 46}
IS IT CONSIDERED TO BE EXPIRED? False

 -------------- TOTAL NUMBER OF AVISOS OF USER Carla: 35 -------------

Not new avisos: 35

 ----- TOTAL NUMBER OF AVISOS AFTER FILTERING OF USER Carla: 0 ------

Notification scanner thread: Scanning Joel.

DO WE HAVE ACCESS TOKEN? bb8T461ApiG7P3cxpMq82cj2YDfhkn
IS IT EXPIRED? {'day': 17, 'month': 4, 'year': 2018, 'hour': 6, 'minute': 28, 'second': 46}
IS IT CONSIDERED TO BE EXPIRED? False

 -------------- TOTAL NUMBER OF AVISOS OF USER Joel: 19 -------------

Not new avisos: 19

 ----- TOTAL NUMBER OF AVISOS AFTER FILTERING OF USER Joel: 0 ------

Notification scanner thread: Scanning VÝctor.

DO WE HAVE ACCESS TOKEN? 01K3WoNEiYlWqY0oEksVvv52SShxoz
IS IT EXPIRED? {'day': 17, 'month': 4, 'year': 2018, 'hour': 6, 'minute': 28, 'second': 46}
IS IT CONSIDERED TO BE EXPIRED? False

 -------------- TOTAL NUMBER OF AVISOS OF USER VÝctor: 10 -------------

Not new avisos: 10

 ----- TOTAL NUMBER OF AVISOS AFTER FILTERING OF USER VÝctor: 0 ------

Last notification was received 2018-04-16 13:21:40!
Refresh token thread: Refreshing tokens

Notification scanner thread: Last check was done: 2018-04-16 21:30:04.153352

Notification scanner thread: Scanning for notifications

Notification scanner thread: Scanning Albert.

DO WE HAVE ACCESS TOKEN? YlCHW1lWB7SdgfKe8PBkJtC1vZINdT
IS IT EXPIRED? {'day': 17, 'month': 4, 'year': 2018, 'hour': 6, 'minute': 28, 'second': 46}
IS IT CONSIDERED TO BE EXPIRED? False

 -------------- TOTAL NUMBER OF AVISOS OF USER Albert: 53 -------------

Not new avisos: 53

 ----- TOTAL NUMBER OF AVISOS AFTER FILTERING OF USER Albert: 0 ------

Notification scanner thread: Scanning Carla.

DO WE HAVE ACCESS TOKEN? BM91rKFhvBxoRrBUPMirKjPXdQMHRA
IS IT EXPIRED? {'day': 17, 'month': 4, 'year': 2018, 'hour': 6, 'minute': 28, 'second': 46}
IS IT CONSIDERED TO BE EXPIRED? False

 -------------- TOTAL NUMBER OF AVISOS OF USER Carla: 35 -------------

Not new avisos: 35

 ----- TOTAL NUMBER OF AVISOS AFTER FILTERING OF USER Carla: 0 ------

Notification scanner thread: Scanning Joel.

DO WE HAVE ACCESS TOKEN? bb8T461ApiG7P3cxpMq82cj2YDfhkn
IS IT EXPIRED? {'day': 17, 'month': 4, 'year': 2018, 'hour': 6, 'minute': 28, 'second': 46}
IS IT CONSIDERED TO BE EXPIRED? False

 -------------- TOTAL NUMBER OF AVISOS OF USER Joel: 19 -------------

Not new avisos: 19

 ----- TOTAL NUMBER OF AVISOS AFTER FILTERING OF USER Joel: 0 ------

Notification scanner thread: Scanning VÝctor.

DO WE HAVE ACCESS TOKEN? 01K3WoNEiYlWqY0oEksVvv52SShxoz
IS IT EXPIRED? {'day': 17, 'month': 4, 'year': 2018, 'hour': 6, 'minute': 28, 'second': 46}
IS IT CONSIDERED TO BE EXPIRED? False

 -------------- TOTAL NUMBER OF AVISOS OF USER VÝctor: 10 -------------

Not new avisos: 10

 ----- TOTAL NUMBER OF AVISOS AFTER FILTERING OF USER VÝctor: 0 ------

Last notification was received 2018-04-16 13:21:40!
Refresh token thread: Refreshing tokens

Notification scanner thread: Last check was done: 2018-04-16 21:30:37.050004

Notification scanner thread: Scanning for notifications

Notification scanner thread: Scanning Albert.

DO WE HAVE ACCESS TOKEN? YlCHW1lWB7SdgfKe8PBkJtC1vZINdT
IS IT EXPIRED? {'day': 17, 'month': 4, 'year': 2018, 'hour': 6, 'minute': 28, 'second': 46}
IS IT CONSIDERED TO BE EXPIRED? False

 -------------- TOTAL NUMBER OF AVISOS OF USER Albert: 53 -------------

Not new avisos: 53

 ----- TOTAL NUMBER OF AVISOS AFTER FILTERING OF USER Albert: 0 ------

Notification scanner thread: Scanning Carla.

DO WE HAVE ACCESS TOKEN? BM91rKFhvBxoRrBUPMirKjPXdQMHRA
IS IT EXPIRED? {'day': 17, 'month': 4, 'year': 2018, 'hour': 6, 'minute': 28, 'second': 46}
IS IT CONSIDERED TO BE EXPIRED? False

 -------------- TOTAL NUMBER OF AVISOS OF USER Carla: 35 -------------

Not new avisos: 35

 ----- TOTAL NUMBER OF AVISOS AFTER FILTERING OF USER Carla: 0 ------

Notification scanner thread: Scanning Joel.

DO WE HAVE ACCESS TOKEN? bb8T461ApiG7P3cxpMq82cj2YDfhkn
IS IT EXPIRED? {'day': 17, 'month': 4, 'year': 2018, 'hour': 6, 'minute': 28, 'second': 46}
IS IT CONSIDERED TO BE EXPIRED? False

 -------------- TOTAL NUMBER OF AVISOS OF USER Joel: 19 -------------

Not new avisos: 19

 ----- TOTAL NUMBER OF AVISOS AFTER FILTERING OF USER Joel: 0 ------

Notification scanner thread: Scanning VÝctor.

DO WE HAVE ACCESS TOKEN? 01K3WoNEiYlWqY0oEksVvv52SShxoz
IS IT EXPIRED? {'day': 17, 'month': 4, 'year': 2018, 'hour': 6, 'minute': 28, 'second': 46}
IS IT CONSIDERED TO BE EXPIRED? False

 -------------- TOTAL NUMBER OF AVISOS OF USER VÝctor: 10 -------------

Not new avisos: 10

 ----- TOTAL NUMBER OF AVISOS AFTER FILTERING OF USER VÝctor: 0 ------

Last notification was received 2018-04-16 13:21:40!
Refresh token thread: Refreshing tokens

Notification scanner thread: Last check was done: 2018-04-16 21:31:09.734044

Notification scanner thread: Scanning for notifications

Notification scanner thread: Scanning Albert.

DO WE HAVE ACCESS TOKEN? YlCHW1lWB7SdgfKe8PBkJtC1vZINdT
IS IT EXPIRED? {'day': 17, 'month': 4, 'year': 2018, 'hour': 6, 'minute': 28, 'second': 46}
IS IT CONSIDERED TO BE EXPIRED? False

 -------------- TOTAL NUMBER OF AVISOS OF USER Albert: 53 -------------

Not new avisos: 53

 ----- TOTAL NUMBER OF AVISOS AFTER FILTERING OF USER Albert: 0 ------

Notification scanner thread: Scanning Carla.

DO WE HAVE ACCESS TOKEN? BM91rKFhvBxoRrBUPMirKjPXdQMHRA
IS IT EXPIRED? {'day': 17, 'month': 4, 'year': 2018, 'hour': 6, 'minute': 28, 'second': 46}
IS IT CONSIDERED TO BE EXPIRED? False

 -------------- TOTAL NUMBER OF AVISOS OF USER Carla: 35 -------------

Not new avisos: 35

 ----- TOTAL NUMBER OF AVISOS AFTER FILTERING OF USER Carla: 0 ------

Notification scanner thread: Scanning Joel.

DO WE HAVE ACCESS TOKEN? bb8T461ApiG7P3cxpMq82cj2YDfhkn
IS IT EXPIRED? {'day': 17, 'month': 4, 'year': 2018, 'hour': 6, 'minute': 28, 'second': 46}
IS IT CONSIDERED TO BE EXPIRED? False

 -------------- TOTAL NUMBER OF AVISOS OF USER Joel: 19 -------------

Not new avisos: 19

 ----- TOTAL NUMBER OF AVISOS AFTER FILTERING OF USER Joel: 0 ------

Notification scanner thread: Scanning VÝctor.

DO WE HAVE ACCESS TOKEN? 01K3WoNEiYlWqY0oEksVvv52SShxoz
IS IT EXPIRED? {'day': 17, 'month': 4, 'year': 2018, 'hour': 6, 'minute': 28, 'second': 46}
IS IT CONSIDERED TO BE EXPIRED? False

 -------------- TOTAL NUMBER OF AVISOS OF USER VÝctor: 10 -------------

Not new avisos: 10

 ----- TOTAL NUMBER OF AVISOS AFTER FILTERING OF USER VÝctor: 0 ------

Last notification was received 2018-04-16 13:21:40!
Refresh token thread: Refreshing tokens

Notification scanner thread: Last check was done: 2018-04-16 21:31:42.646147

Notification scanner thread: Scanning for notifications

Notification scanner thread: Scanning Albert.

DO WE HAVE ACCESS TOKEN? YlCHW1lWB7SdgfKe8PBkJtC1vZINdT
IS IT EXPIRED? {'day': 17, 'month': 4, 'year': 2018, 'hour': 6, 'minute': 28, 'second': 46}
IS IT CONSIDERED TO BE EXPIRED? False

 -------------- TOTAL NUMBER OF AVISOS OF USER Albert: 53 -------------

Not new avisos: 53

 ----- TOTAL NUMBER OF AVISOS AFTER FILTERING OF USER Albert: 0 ------

Notification scanner thread: Scanning Carla.

DO WE HAVE ACCESS TOKEN? BM91rKFhvBxoRrBUPMirKjPXdQMHRA
IS IT EXPIRED? {'day': 17, 'month': 4, 'year': 2018, 'hour': 6, 'minute': 28, 'second': 46}
IS IT CONSIDERED TO BE EXPIRED? False

 -------------- TOTAL NUMBER OF AVISOS OF USER Carla: 35 -------------

Not new avisos: 35

 ----- TOTAL NUMBER OF AVISOS AFTER FILTERING OF USER Carla: 0 ------

Notification scanner thread: Scanning Joel.

DO WE HAVE ACCESS TOKEN? bb8T461ApiG7P3cxpMq82cj2YDfhkn
IS IT EXPIRED? {'day': 17, 'month': 4, 'year': 2018, 'hour': 6, 'minute': 28, 'second': 46}
IS IT CONSIDERED TO BE EXPIRED? False

 -------------- TOTAL NUMBER OF AVISOS OF USER Joel: 19 -------------

Not new avisos: 19

 ----- TOTAL NUMBER OF AVISOS AFTER FILTERING OF USER Joel: 0 ------

Notification scanner thread: Scanning VÝctor.

DO WE HAVE ACCESS TOKEN? 01K3WoNEiYlWqY0oEksVvv52SShxoz
IS IT EXPIRED? {'day': 17, 'month': 4, 'year': 2018, 'hour': 6, 'minute': 28, 'second': 46}
IS IT CONSIDERED TO BE EXPIRED? False

 -------------- TOTAL NUMBER OF AVISOS OF USER VÝctor: 10 -------------

Not new avisos: 10

 ----- TOTAL NUMBER OF AVISOS AFTER FILTERING OF USER VÝctor: 0 ------

Last notification was received 2018-04-16 13:21:40!
Refresh token thread: Refreshing tokens

Notification scanner thread: Last check was done: 2018-04-16 21:32:15.643951

Notification scanner thread: Scanning for notifications

Notification scanner thread: Scanning Albert.

DO WE HAVE ACCESS TOKEN? YlCHW1lWB7SdgfKe8PBkJtC1vZINdT
IS IT EXPIRED? {'day': 17, 'month': 4, 'year': 2018, 'hour': 6, 'minute': 28, 'second': 46}
IS IT CONSIDERED TO BE EXPIRED? False

 -------------- TOTAL NUMBER OF AVISOS OF USER Albert: 53 -------------

Not new avisos: 53

 ----- TOTAL NUMBER OF AVISOS AFTER FILTERING OF USER Albert: 0 ------

Notification scanner thread: Scanning Carla.

DO WE HAVE ACCESS TOKEN? BM91rKFhvBxoRrBUPMirKjPXdQMHRA
IS IT EXPIRED? {'day': 17, 'month': 4, 'year': 2018, 'hour': 6, 'minute': 28, 'second': 46}
IS IT CONSIDERED TO BE EXPIRED? False

 -------------- TOTAL NUMBER OF AVISOS OF USER Carla: 35 -------------

Not new avisos: 35

 ----- TOTAL NUMBER OF AVISOS AFTER FILTERING OF USER Carla: 0 ------

Notification scanner thread: Scanning Joel.

Refresh token thread: Refreshing tokens

DO WE HAVE ACCESS TOKEN? bb8T461ApiG7P3cxpMq82cj2YDfhkn
IS IT EXPIRED? {'day': 17, 'month': 4, 'year': 2018, 'hour': 6, 'minute': 28, 'second': 46}
IS IT CONSIDERED TO BE EXPIRED? False

 -------------- TOTAL NUMBER OF AVISOS OF USER Joel: 19 -------------

Not new avisos: 19

 ----- TOTAL NUMBER OF AVISOS AFTER FILTERING OF USER Joel: 0 ------

Notification scanner thread: Scanning VÝctor.

DO WE HAVE ACCESS TOKEN? 01K3WoNEiYlWqY0oEksVvv52SShxoz
IS IT EXPIRED? {'day': 17, 'month': 4, 'year': 2018, 'hour': 6, 'minute': 28, 'second': 46}
IS IT CONSIDERED TO BE EXPIRED? False

 -------------- TOTAL NUMBER OF AVISOS OF USER VÝctor: 10 -------------

Not new avisos: 10

 ----- TOTAL NUMBER OF AVISOS AFTER FILTERING OF USER VÝctor: 0 ------

Last notification was received 2018-04-16 13:21:40!
Refresh token thread: Refreshing tokens

Notification scanner thread: Last check was done: 2018-04-16 21:32:48.233982

Notification scanner thread: Scanning for notifications

Notification scanner thread: Scanning Albert.

DO WE HAVE ACCESS TOKEN? YlCHW1lWB7SdgfKe8PBkJtC1vZINdT
IS IT EXPIRED? {'day': 17, 'month': 4, 'year': 2018, 'hour': 6, 'minute': 28, 'second': 46}
IS IT CONSIDERED TO BE EXPIRED? False

 -------------- TOTAL NUMBER OF AVISOS OF USER Albert: 53 -------------

Not new avisos: 53

 ----- TOTAL NUMBER OF AVISOS AFTER FILTERING OF USER Albert: 0 ------

Notification scanner thread: Scanning Carla.

DO WE HAVE ACCESS TOKEN? BM91rKFhvBxoRrBUPMirKjPXdQMHRA
IS IT EXPIRED? {'day': 17, 'month': 4, 'year': 2018, 'hour': 6, 'minute': 28, 'second': 46}
IS IT CONSIDERED TO BE EXPIRED? False

 -------------- TOTAL NUMBER OF AVISOS OF USER Carla: 35 -------------

Not new avisos: 35

 ----- TOTAL NUMBER OF AVISOS AFTER FILTERING OF USER Carla: 0 ------

Notification scanner thread: Scanning Joel.

DO WE HAVE ACCESS TOKEN? bb8T461ApiG7P3cxpMq82cj2YDfhkn
IS IT EXPIRED? {'day': 17, 'month': 4, 'year': 2018, 'hour': 6, 'minute': 28, 'second': 46}
IS IT CONSIDERED TO BE EXPIRED? False

 -------------- TOTAL NUMBER OF AVISOS OF USER Joel: 19 -------------

Not new avisos: 19

 ----- TOTAL NUMBER OF AVISOS AFTER FILTERING OF USER Joel: 0 ------

Notification scanner thread: Scanning VÝctor.

DO WE HAVE ACCESS TOKEN? 01K3WoNEiYlWqY0oEksVvv52SShxoz
IS IT EXPIRED? {'day': 17, 'month': 4, 'year': 2018, 'hour': 6, 'minute': 28, 'second': 46}
IS IT CONSIDERED TO BE EXPIRED? False

 -------------- TOTAL NUMBER OF AVISOS OF USER VÝctor: 10 -------------

Not new avisos: 10

 ----- TOTAL NUMBER OF AVISOS AFTER FILTERING OF USER VÝctor: 0 ------

Last notification was received 2018-04-16 13:21:40!
Refresh token thread: Refreshing tokens

Notification scanner thread: Last check was done: 2018-04-16 21:33:22.920831

Notification scanner thread: Scanning for notifications

Notification scanner thread: Scanning Albert.

DO WE HAVE ACCESS TOKEN? YlCHW1lWB7SdgfKe8PBkJtC1vZINdT
IS IT EXPIRED? {'day': 17, 'month': 4, 'year': 2018, 'hour': 6, 'minute': 28, 'second': 46}
IS IT CONSIDERED TO BE EXPIRED? False

 -------------- TOTAL NUMBER OF AVISOS OF USER Albert: 53 -------------

Not new avisos: 53

 ----- TOTAL NUMBER OF AVISOS AFTER FILTERING OF USER Albert: 0 ------

Notification scanner thread: Scanning Carla.

DO WE HAVE ACCESS TOKEN? BM91rKFhvBxoRrBUPMirKjPXdQMHRA
IS IT EXPIRED? {'day': 17, 'month': 4, 'year': 2018, 'hour': 6, 'minute': 28, 'second': 46}
IS IT CONSIDERED TO BE EXPIRED? False

 -------------- TOTAL NUMBER OF AVISOS OF USER Carla: 35 -------------

Not new avisos: 35

 ----- TOTAL NUMBER OF AVISOS AFTER FILTERING OF USER Carla: 0 ------

Notification scanner thread: Scanning Joel.

DO WE HAVE ACCESS TOKEN? bb8T461ApiG7P3cxpMq82cj2YDfhkn
IS IT EXPIRED? {'day': 17, 'month': 4, 'year': 2018, 'hour': 6, 'minute': 28, 'second': 46}
IS IT CONSIDERED TO BE EXPIRED? False

 -------------- TOTAL NUMBER OF AVISOS OF USER Joel: 19 -------------

Not new avisos: 19

 ----- TOTAL NUMBER OF AVISOS AFTER FILTERING OF USER Joel: 0 ------

Notification scanner thread: Scanning VÝctor.

DO WE HAVE ACCESS TOKEN? 01K3WoNEiYlWqY0oEksVvv52SShxoz
IS IT EXPIRED? {'day': 17, 'month': 4, 'year': 2018, 'hour': 6, 'minute': 28, 'second': 46}
IS IT CONSIDERED TO BE EXPIRED? False

 -------------- TOTAL NUMBER OF AVISOS OF USER VÝctor: 10 -------------

Not new avisos: 10

 ----- TOTAL NUMBER OF AVISOS AFTER FILTERING OF USER VÝctor: 0 ------

Last notification was received 2018-04-16 13:21:40!
Refresh token thread: Refreshing tokens

Notification scanner thread: Last check was done: 2018-04-16 21:33:55.598822

Notification scanner thread: Scanning for notifications

Notification scanner thread: Scanning Albert.

DO WE HAVE ACCESS TOKEN? YlCHW1lWB7SdgfKe8PBkJtC1vZINdT
IS IT EXPIRED? {'day': 17, 'month': 4, 'year': 2018, 'hour': 6, 'minute': 28, 'second': 46}
IS IT CONSIDERED TO BE EXPIRED? False

 -------------- TOTAL NUMBER OF AVISOS OF USER Albert: 53 -------------

Not new avisos: 53

 ----- TOTAL NUMBER OF AVISOS AFTER FILTERING OF USER Albert: 0 ------

Notification scanner thread: Scanning Carla.

DO WE HAVE ACCESS TOKEN? BM91rKFhvBxoRrBUPMirKjPXdQMHRA
IS IT EXPIRED? {'day': 17, 'month': 4, 'year': 2018, 'hour': 6, 'minute': 28, 'second': 46}
IS IT CONSIDERED TO BE EXPIRED? False

 -------------- TOTAL NUMBER OF AVISOS OF USER Carla: 35 -------------

Not new avisos: 35

 ----- TOTAL NUMBER OF AVISOS AFTER FILTERING OF USER Carla: 0 ------

Notification scanner thread: Scanning Joel.

DO WE HAVE ACCESS TOKEN? bb8T461ApiG7P3cxpMq82cj2YDfhkn
IS IT EXPIRED? {'day': 17, 'month': 4, 'year': 2018, 'hour': 6, 'minute': 28, 'second': 46}
IS IT CONSIDERED TO BE EXPIRED? False

 -------------- TOTAL NUMBER OF AVISOS OF USER Joel: 19 -------------

Not new avisos: 19

 ----- TOTAL NUMBER OF AVISOS AFTER FILTERING OF USER Joel: 0 ------

Notification scanner thread: Scanning VÝctor.

DO WE HAVE ACCESS TOKEN? 01K3WoNEiYlWqY0oEksVvv52SShxoz
IS IT EXPIRED? {'day': 17, 'month': 4, 'year': 2018, 'hour': 6, 'minute': 28, 'second': 46}
IS IT CONSIDERED TO BE EXPIRED? False

 -------------- TOTAL NUMBER OF AVISOS OF USER VÝctor: 10 -------------

Not new avisos: 10

 ----- TOTAL NUMBER OF AVISOS AFTER FILTERING OF USER VÝctor: 0 ------

Last notification was received 2018-04-16 13:21:40!
Refresh token thread: Refreshing tokens

Notification scanner thread: Last check was done: 2018-04-16 21:34:28.379685

Notification scanner thread: Scanning for notifications

Notification scanner thread: Scanning Albert.

DO WE HAVE ACCESS TOKEN? YlCHW1lWB7SdgfKe8PBkJtC1vZINdT
IS IT EXPIRED? {'day': 17, 'month': 4, 'year': 2018, 'hour': 6, 'minute': 28, 'second': 46}
IS IT CONSIDERED TO BE EXPIRED? False

 -------------- TOTAL NUMBER OF AVISOS OF USER Albert: 53 -------------

Not new avisos: 53

 ----- TOTAL NUMBER OF AVISOS AFTER FILTERING OF USER Albert: 0 ------

Notification scanner thread: Scanning Carla.

DO WE HAVE ACCESS TOKEN? BM91rKFhvBxoRrBUPMirKjPXdQMHRA
IS IT EXPIRED? {'day': 17, 'month': 4, 'year': 2018, 'hour': 6, 'minute': 28, 'second': 46}
IS IT CONSIDERED TO BE EXPIRED? False

 -------------- TOTAL NUMBER OF AVISOS OF USER Carla: 35 -------------

Not new avisos: 35

 ----- TOTAL NUMBER OF AVISOS AFTER FILTERING OF USER Carla: 0 ------

Notification scanner thread: Scanning Joel.

DO WE HAVE ACCESS TOKEN? bb8T461ApiG7P3cxpMq82cj2YDfhkn
IS IT EXPIRED? {'day': 17, 'month': 4, 'year': 2018, 'hour': 6, 'minute': 28, 'second': 46}
IS IT CONSIDERED TO BE EXPIRED? False

 -------------- TOTAL NUMBER OF AVISOS OF USER Joel: 19 -------------

Not new avisos: 19

 ----- TOTAL NUMBER OF AVISOS AFTER FILTERING OF USER Joel: 0 ------

Notification scanner thread: Scanning VÝctor.

DO WE HAVE ACCESS TOKEN? 01K3WoNEiYlWqY0oEksVvv52SShxoz
IS IT EXPIRED? {'day': 17, 'month': 4, 'year': 2018, 'hour': 6, 'minute': 28, 'second': 46}
IS IT CONSIDERED TO BE EXPIRED? False

 -------------- TOTAL NUMBER OF AVISOS OF USER VÝctor: 10 -------------

Not new avisos: 10

 ----- TOTAL NUMBER OF AVISOS AFTER FILTERING OF USER VÝctor: 0 ------

Last notification was received 2018-04-16 13:21:40!
Refresh token thread: Refreshing tokens

Notification scanner thread: Last check was done: 2018-04-16 21:35:03.078553

Notification scanner thread: Scanning for notifications

Notification scanner thread: Scanning Albert.

DO WE HAVE ACCESS TOKEN? YlCHW1lWB7SdgfKe8PBkJtC1vZINdT
IS IT EXPIRED? {'day': 17, 'month': 4, 'year': 2018, 'hour': 6, 'minute': 28, 'second': 46}
IS IT CONSIDERED TO BE EXPIRED? False

 -------------- TOTAL NUMBER OF AVISOS OF USER Albert: 53 -------------

Not new avisos: 53

 ----- TOTAL NUMBER OF AVISOS AFTER FILTERING OF USER Albert: 0 ------

Notification scanner thread: Scanning Carla.

DO WE HAVE ACCESS TOKEN? BM91rKFhvBxoRrBUPMirKjPXdQMHRA
IS IT EXPIRED? {'day': 17, 'month': 4, 'year': 2018, 'hour': 6, 'minute': 28, 'second': 46}
IS IT CONSIDERED TO BE EXPIRED? False

 -------------- TOTAL NUMBER OF AVISOS OF USER Carla: 35 -------------

Not new avisos: 35

 ----- TOTAL NUMBER OF AVISOS AFTER FILTERING OF USER Carla: 0 ------

Notification scanner thread: Scanning Joel.

DO WE HAVE ACCESS TOKEN? bb8T461ApiG7P3cxpMq82cj2YDfhkn
IS IT EXPIRED? {'day': 17, 'month': 4, 'year': 2018, 'hour': 6, 'minute': 28, 'second': 46}
IS IT CONSIDERED TO BE EXPIRED? False

 -------------- TOTAL NUMBER OF AVISOS OF USER Joel: 19 -------------

Not new avisos: 19

 ----- TOTAL NUMBER OF AVISOS AFTER FILTERING OF USER Joel: 0 ------

Notification scanner thread: Scanning VÝctor.

DO WE HAVE ACCESS TOKEN? 01K3WoNEiYlWqY0oEksVvv52SShxoz
IS IT EXPIRED? {'day': 17, 'month': 4, 'year': 2018, 'hour': 6, 'minute': 28, 'second': 46}
IS IT CONSIDERED TO BE EXPIRED? False

 -------------- TOTAL NUMBER OF AVISOS OF USER VÝctor: 10 -------------

Not new avisos: 10

 ----- TOTAL NUMBER OF AVISOS AFTER FILTERING OF USER VÝctor: 0 ------

Last notification was received 2018-04-16 13:21:40!
Refresh token thread: Refreshing tokens

Notification scanner thread: Last check was done: 2018-04-16 21:35:38.044073

Notification scanner thread: Scanning for notifications

Notification scanner thread: Scanning Albert.

DO WE HAVE ACCESS TOKEN? YlCHW1lWB7SdgfKe8PBkJtC1vZINdT
IS IT EXPIRED? {'day': 17, 'month': 4, 'year': 2018, 'hour': 6, 'minute': 28, 'second': 46}
IS IT CONSIDERED TO BE EXPIRED? False

 -------------- TOTAL NUMBER OF AVISOS OF USER Albert: 53 -------------

Not new avisos: 53

 ----- TOTAL NUMBER OF AVISOS AFTER FILTERING OF USER Albert: 0 ------

Notification scanner thread: Scanning Carla.

DO WE HAVE ACCESS TOKEN? BM91rKFhvBxoRrBUPMirKjPXdQMHRA
IS IT EXPIRED? {'day': 17, 'month': 4, 'year': 2018, 'hour': 6, 'minute': 28, 'second': 46}
IS IT CONSIDERED TO BE EXPIRED? False

 -------------- TOTAL NUMBER OF AVISOS OF USER Carla: 35 -------------

Not new avisos: 35

 ----- TOTAL NUMBER OF AVISOS AFTER FILTERING OF USER Carla: 0 ------

Notification scanner thread: Scanning Joel.

DO WE HAVE ACCESS TOKEN? bb8T461ApiG7P3cxpMq82cj2YDfhkn
IS IT EXPIRED? {'day': 17, 'month': 4, 'year': 2018, 'hour': 6, 'minute': 28, 'second': 46}
IS IT CONSIDERED TO BE EXPIRED? False

 -------------- TOTAL NUMBER OF AVISOS OF USER Joel: 19 -------------

Not new avisos: 19

 ----- TOTAL NUMBER OF AVISOS AFTER FILTERING OF USER Joel: 0 ------

Notification scanner thread: Scanning VÝctor.

DO WE HAVE ACCESS TOKEN? 01K3WoNEiYlWqY0oEksVvv52SShxoz
IS IT EXPIRED? {'day': 17, 'month': 4, 'year': 2018, 'hour': 6, 'minute': 28, 'second': 46}
IS IT CONSIDERED TO BE EXPIRED? False

 -------------- TOTAL NUMBER OF AVISOS OF USER VÝctor: 10 -------------

Not new avisos: 10

 ----- TOTAL NUMBER OF AVISOS AFTER FILTERING OF USER VÝctor: 0 ------

Last notification was received 2018-04-16 13:21:40!
Refresh token thread: Refreshing tokens

Notification scanner thread: Last check was done: 2018-04-16 21:36:10.704801

Notification scanner thread: Scanning for notifications

Notification scanner thread: Scanning Albert.

DO WE HAVE ACCESS TOKEN? YlCHW1lWB7SdgfKe8PBkJtC1vZINdT
IS IT EXPIRED? {'day': 17, 'month': 4, 'year': 2018, 'hour': 6, 'minute': 28, 'second': 46}
IS IT CONSIDERED TO BE EXPIRED? False

 -------------- TOTAL NUMBER OF AVISOS OF USER Albert: 53 -------------

Not new avisos: 53

 ----- TOTAL NUMBER OF AVISOS AFTER FILTERING OF USER Albert: 0 ------

Notification scanner thread: Scanning Carla.

DO WE HAVE ACCESS TOKEN? BM91rKFhvBxoRrBUPMirKjPXdQMHRA
IS IT EXPIRED? {'day': 17, 'month': 4, 'year': 2018, 'hour': 6, 'minute': 28, 'second': 46}
IS IT CONSIDERED TO BE EXPIRED? False

 -------------- TOTAL NUMBER OF AVISOS OF USER Carla: 35 -------------

Not new avisos: 35

 ----- TOTAL NUMBER OF AVISOS AFTER FILTERING OF USER Carla: 0 ------

Notification scanner thread: Scanning Joel.

DO WE HAVE ACCESS TOKEN? bb8T461ApiG7P3cxpMq82cj2YDfhkn
IS IT EXPIRED? {'day': 17, 'month': 4, 'year': 2018, 'hour': 6, 'minute': 28, 'second': 46}
IS IT CONSIDERED TO BE EXPIRED? False

 -------------- TOTAL NUMBER OF AVISOS OF USER Joel: 19 -------------

Not new avisos: 19

 ----- TOTAL NUMBER OF AVISOS AFTER FILTERING OF USER Joel: 0 ------

Notification scanner thread: Scanning VÝctor.

DO WE HAVE ACCESS TOKEN? 01K3WoNEiYlWqY0oEksVvv52SShxoz
IS IT EXPIRED? {'day': 17, 'month': 4, 'year': 2018, 'hour': 6, 'minute': 28, 'second': 46}
IS IT CONSIDERED TO BE EXPIRED? False

 -------------- TOTAL NUMBER OF AVISOS OF USER VÝctor: 10 -------------

Not new avisos: 10

 ----- TOTAL NUMBER OF AVISOS AFTER FILTERING OF USER VÝctor: 0 ------

Last notification was received 2018-04-16 13:21:40!
Refresh token thread: Refreshing tokens

Notification scanner thread: Last check was done: 2018-04-16 21:36:43.255581

Notification scanner thread: Scanning for notifications

Notification scanner thread: Scanning Albert.

DO WE HAVE ACCESS TOKEN? YlCHW1lWB7SdgfKe8PBkJtC1vZINdT
IS IT EXPIRED? {'day': 17, 'month': 4, 'year': 2018, 'hour': 6, 'minute': 28, 'second': 46}
IS IT CONSIDERED TO BE EXPIRED? False

 -------------- TOTAL NUMBER OF AVISOS OF USER Albert: 53 -------------

Not new avisos: 53

 ----- TOTAL NUMBER OF AVISOS AFTER FILTERING OF USER Albert: 0 ------

Notification scanner thread: Scanning Carla.

DO WE HAVE ACCESS TOKEN? BM91rKFhvBxoRrBUPMirKjPXdQMHRA
IS IT EXPIRED? {'day': 17, 'month': 4, 'year': 2018, 'hour': 6, 'minute': 28, 'second': 46}
IS IT CONSIDERED TO BE EXPIRED? False

 -------------- TOTAL NUMBER OF AVISOS OF USER Carla: 35 -------------

Not new avisos: 35

 ----- TOTAL NUMBER OF AVISOS AFTER FILTERING OF USER Carla: 0 ------

Notification scanner thread: Scanning Joel.

DO WE HAVE ACCESS TOKEN? bb8T461ApiG7P3cxpMq82cj2YDfhkn
IS IT EXPIRED? {'day': 17, 'month': 4, 'year': 2018, 'hour': 6, 'minute': 28, 'second': 46}
IS IT CONSIDERED TO BE EXPIRED? False

 -------------- TOTAL NUMBER OF AVISOS OF USER Joel: 19 -------------

Not new avisos: 19

 ----- TOTAL NUMBER OF AVISOS AFTER FILTERING OF USER Joel: 0 ------

Notification scanner thread: Scanning VÝctor.

DO WE HAVE ACCESS TOKEN? 01K3WoNEiYlWqY0oEksVvv52SShxoz
IS IT EXPIRED? {'day': 17, 'month': 4, 'year': 2018, 'hour': 6, 'minute': 28, 'second': 46}
IS IT CONSIDERED TO BE EXPIRED? False

 -------------- TOTAL NUMBER OF AVISOS OF USER VÝctor: 10 -------------

Not new avisos: 10

 ----- TOTAL NUMBER OF AVISOS AFTER FILTERING OF USER VÝctor: 0 ------

Last notification was received 2018-04-16 13:21:40!
Refresh token thread: Refreshing tokens

Notification scanner thread: Last check was done: 2018-04-16 21:37:15.950567

Notification scanner thread: Scanning for notifications

Notification scanner thread: Scanning Albert.

DO WE HAVE ACCESS TOKEN? YlCHW1lWB7SdgfKe8PBkJtC1vZINdT
IS IT EXPIRED? {'day': 17, 'month': 4, 'year': 2018, 'hour': 6, 'minute': 28, 'second': 46}
IS IT CONSIDERED TO BE EXPIRED? False

 -------------- TOTAL NUMBER OF AVISOS OF USER Albert: 53 -------------

Not new avisos: 53

 ----- TOTAL NUMBER OF AVISOS AFTER FILTERING OF USER Albert: 0 ------

Notification scanner thread: Scanning Carla.

Refresh token thread: Refreshing tokens

DO WE HAVE ACCESS TOKEN? BM91rKFhvBxoRrBUPMirKjPXdQMHRA
IS IT EXPIRED? {'day': 17, 'month': 4, 'year': 2018, 'hour': 6, 'minute': 28, 'second': 46}
IS IT CONSIDERED TO BE EXPIRED? False

 -------------- TOTAL NUMBER OF AVISOS OF USER Carla: 35 -------------

Not new avisos: 35

 ----- TOTAL NUMBER OF AVISOS AFTER FILTERING OF USER Carla: 0 ------

Notification scanner thread: Scanning Joel.

DO WE HAVE ACCESS TOKEN? bb8T461ApiG7P3cxpMq82cj2YDfhkn
IS IT EXPIRED? {'day': 17, 'month': 4, 'year': 2018, 'hour': 6, 'minute': 28, 'second': 46}
IS IT CONSIDERED TO BE EXPIRED? False

 -------------- TOTAL NUMBER OF AVISOS OF USER Joel: 19 -------------

Not new avisos: 19

 ----- TOTAL NUMBER OF AVISOS AFTER FILTERING OF USER Joel: 0 ------

Notification scanner thread: Scanning VÝctor.

DO WE HAVE ACCESS TOKEN? 01K3WoNEiYlWqY0oEksVvv52SShxoz
IS IT EXPIRED? {'day': 17, 'month': 4, 'year': 2018, 'hour': 6, 'minute': 28, 'second': 46}
IS IT CONSIDERED TO BE EXPIRED? False

 -------------- TOTAL NUMBER OF AVISOS OF USER VÝctor: 10 -------------

Not new avisos: 10

 ----- TOTAL NUMBER OF AVISOS AFTER FILTERING OF USER VÝctor: 0 ------

Last notification was received 2018-04-16 13:21:40!
Refresh token thread: Refreshing tokens

Notification scanner thread: Last check was done: 2018-04-16 21:37:50.545254

Notification scanner thread: Scanning for notifications

Notification scanner thread: Scanning Albert.

DO WE HAVE ACCESS TOKEN? YlCHW1lWB7SdgfKe8PBkJtC1vZINdT
IS IT EXPIRED? {'day': 17, 'month': 4, 'year': 2018, 'hour': 6, 'minute': 28, 'second': 46}
IS IT CONSIDERED TO BE EXPIRED? False

 -------------- TOTAL NUMBER OF AVISOS OF USER Albert: 53 -------------

Not new avisos: 53

 ----- TOTAL NUMBER OF AVISOS AFTER FILTERING OF USER Albert: 0 ------

Notification scanner thread: Scanning Carla.

DO WE HAVE ACCESS TOKEN? BM91rKFhvBxoRrBUPMirKjPXdQMHRA
IS IT EXPIRED? {'day': 17, 'month': 4, 'year': 2018, 'hour': 6, 'minute': 28, 'second': 46}
IS IT CONSIDERED TO BE EXPIRED? False

 -------------- TOTAL NUMBER OF AVISOS OF USER Carla: 35 -------------

Not new avisos: 35

 ----- TOTAL NUMBER OF AVISOS AFTER FILTERING OF USER Carla: 0 ------

Notification scanner thread: Scanning Joel.

DO WE HAVE ACCESS TOKEN? bb8T461ApiG7P3cxpMq82cj2YDfhkn
IS IT EXPIRED? {'day': 17, 'month': 4, 'year': 2018, 'hour': 6, 'minute': 28, 'second': 46}
IS IT CONSIDERED TO BE EXPIRED? False

 -------------- TOTAL NUMBER OF AVISOS OF USER Joel: 19 -------------

Not new avisos: 19

 ----- TOTAL NUMBER OF AVISOS AFTER FILTERING OF USER Joel: 0 ------

Notification scanner thread: Scanning VÝctor.

DO WE HAVE ACCESS TOKEN? 01K3WoNEiYlWqY0oEksVvv52SShxoz
IS IT EXPIRED? {'day': 17, 'month': 4, 'year': 2018, 'hour': 6, 'minute': 28, 'second': 46}
IS IT CONSIDERED TO BE EXPIRED? False

 -------------- TOTAL NUMBER OF AVISOS OF USER VÝctor: 10 -------------

Not new avisos: 10

 ----- TOTAL NUMBER OF AVISOS AFTER FILTERING OF USER VÝctor: 0 ------

Last notification was received 2018-04-16 13:21:40!
Refresh token thread: Refreshing tokens

Notification scanner thread: Last check was done: 2018-04-16 21:38:28.132670

Notification scanner thread: Scanning for notifications

Notification scanner thread: Scanning Albert.

DO WE HAVE ACCESS TOKEN? YlCHW1lWB7SdgfKe8PBkJtC1vZINdT
IS IT EXPIRED? {'day': 17, 'month': 4, 'year': 2018, 'hour': 6, 'minute': 28, 'second': 46}
IS IT CONSIDERED TO BE EXPIRED? False

 -------------- TOTAL NUMBER OF AVISOS OF USER Albert: 53 -------------

Not new avisos: 53

 ----- TOTAL NUMBER OF AVISOS AFTER FILTERING OF USER Albert: 0 ------

Notification scanner thread: Scanning Carla.

DO WE HAVE ACCESS TOKEN? BM91rKFhvBxoRrBUPMirKjPXdQMHRA
IS IT EXPIRED? {'day': 17, 'month': 4, 'year': 2018, 'hour': 6, 'minute': 28, 'second': 46}
IS IT CONSIDERED TO BE EXPIRED? False

 -------------- TOTAL NUMBER OF AVISOS OF USER Carla: 35 -------------

Not new avisos: 35

 ----- TOTAL NUMBER OF AVISOS AFTER FILTERING OF USER Carla: 0 ------

Notification scanner thread: Scanning Joel.

DO WE HAVE ACCESS TOKEN? bb8T461ApiG7P3cxpMq82cj2YDfhkn
IS IT EXPIRED? {'day': 17, 'month': 4, 'year': 2018, 'hour': 6, 'minute': 28, 'second': 46}
IS IT CONSIDERED TO BE EXPIRED? False

 -------------- TOTAL NUMBER OF AVISOS OF USER Joel: 19 -------------

Not new avisos: 19

 ----- TOTAL NUMBER OF AVISOS AFTER FILTERING OF USER Joel: 0 ------

Notification scanner thread: Scanning VÝctor.

DO WE HAVE ACCESS TOKEN? 01K3WoNEiYlWqY0oEksVvv52SShxoz
IS IT EXPIRED? {'day': 17, 'month': 4, 'year': 2018, 'hour': 6, 'minute': 28, 'second': 46}
IS IT CONSIDERED TO BE EXPIRED? False

 -------------- TOTAL NUMBER OF AVISOS OF USER VÝctor: 10 -------------

Not new avisos: 10

 ----- TOTAL NUMBER OF AVISOS AFTER FILTERING OF USER VÝctor: 0 ------

Last notification was received 2018-04-16 13:21:40!
Refresh token thread: Refreshing tokens

Notification scanner thread: Last check was done: 2018-04-16 21:39:00.774033

Notification scanner thread: Scanning for notifications

Notification scanner thread: Scanning Albert.

DO WE HAVE ACCESS TOKEN? YlCHW1lWB7SdgfKe8PBkJtC1vZINdT
IS IT EXPIRED? {'day': 17, 'month': 4, 'year': 2018, 'hour': 6, 'minute': 28, 'second': 46}
IS IT CONSIDERED TO BE EXPIRED? False

 -------------- TOTAL NUMBER OF AVISOS OF USER Albert: 53 -------------

Not new avisos: 53

 ----- TOTAL NUMBER OF AVISOS AFTER FILTERING OF USER Albert: 0 ------

Notification scanner thread: Scanning Carla.

DO WE HAVE ACCESS TOKEN? BM91rKFhvBxoRrBUPMirKjPXdQMHRA
IS IT EXPIRED? {'day': 17, 'month': 4, 'year': 2018, 'hour': 6, 'minute': 28, 'second': 46}
IS IT CONSIDERED TO BE EXPIRED? False

 -------------- TOTAL NUMBER OF AVISOS OF USER Carla: 35 -------------

Not new avisos: 35

 ----- TOTAL NUMBER OF AVISOS AFTER FILTERING OF USER Carla: 0 ------

Notification scanner thread: Scanning Joel.

DO WE HAVE ACCESS TOKEN? bb8T461ApiG7P3cxpMq82cj2YDfhkn
IS IT EXPIRED? {'day': 17, 'month': 4, 'year': 2018, 'hour': 6, 'minute': 28, 'second': 46}
IS IT CONSIDERED TO BE EXPIRED? False

 -------------- TOTAL NUMBER OF AVISOS OF USER Joel: 19 -------------

Not new avisos: 19

 ----- TOTAL NUMBER OF AVISOS AFTER FILTERING OF USER Joel: 0 ------

Notification scanner thread: Scanning VÝctor.

DO WE HAVE ACCESS TOKEN? 01K3WoNEiYlWqY0oEksVvv52SShxoz
IS IT EXPIRED? {'day': 17, 'month': 4, 'year': 2018, 'hour': 6, 'minute': 28, 'second': 46}
IS IT CONSIDERED TO BE EXPIRED? False

 -------------- TOTAL NUMBER OF AVISOS OF USER VÝctor: 10 -------------

Not new avisos: 10

 ----- TOTAL NUMBER OF AVISOS AFTER FILTERING OF USER VÝctor: 0 ------

Last notification was received 2018-04-16 13:21:40!
Refresh token thread: Refreshing tokens

Notification scanner thread: Last check was done: 2018-04-16 21:39:37.513371

Notification scanner thread: Scanning for notifications

Notification scanner thread: Scanning Albert.

DO WE HAVE ACCESS TOKEN? YlCHW1lWB7SdgfKe8PBkJtC1vZINdT
IS IT EXPIRED? {'day': 17, 'month': 4, 'year': 2018, 'hour': 6, 'minute': 28, 'second': 46}
IS IT CONSIDERED TO BE EXPIRED? False

 -------------- TOTAL NUMBER OF AVISOS OF USER Albert: 53 -------------

Not new avisos: 53

 ----- TOTAL NUMBER OF AVISOS AFTER FILTERING OF USER Albert: 0 ------

Notification scanner thread: Scanning Carla.

DO WE HAVE ACCESS TOKEN? BM91rKFhvBxoRrBUPMirKjPXdQMHRA
IS IT EXPIRED? {'day': 17, 'month': 4, 'year': 2018, 'hour': 6, 'minute': 28, 'second': 46}
IS IT CONSIDERED TO BE EXPIRED? False

 -------------- TOTAL NUMBER OF AVISOS OF USER Carla: 35 -------------

Not new avisos: 35

 ----- TOTAL NUMBER OF AVISOS AFTER FILTERING OF USER Carla: 0 ------

Notification scanner thread: Scanning Joel.

DO WE HAVE ACCESS TOKEN? bb8T461ApiG7P3cxpMq82cj2YDfhkn
IS IT EXPIRED? {'day': 17, 'month': 4, 'year': 2018, 'hour': 6, 'minute': 28, 'second': 46}
IS IT CONSIDERED TO BE EXPIRED? False

 -------------- TOTAL NUMBER OF AVISOS OF USER Joel: 19 -------------

Not new avisos: 19

 ----- TOTAL NUMBER OF AVISOS AFTER FILTERING OF USER Joel: 0 ------

Notification scanner thread: Scanning VÝctor.

DO WE HAVE ACCESS TOKEN? 01K3WoNEiYlWqY0oEksVvv52SShxoz
IS IT EXPIRED? {'day': 17, 'month': 4, 'year': 2018, 'hour': 6, 'minute': 28, 'second': 46}
IS IT CONSIDERED TO BE EXPIRED? False

 -------------- TOTAL NUMBER OF AVISOS OF USER VÝctor: 10 -------------

Not new avisos: 10

 ----- TOTAL NUMBER OF AVISOS AFTER FILTERING OF USER VÝctor: 0 ------

Last notification was received 2018-04-16 13:21:40!
Refresh token thread: Refreshing tokens

Notification scanner thread: Last check was done: 2018-04-16 21:40:12.152115

Notification scanner thread: Scanning for notifications

Notification scanner thread: Scanning Albert.

DO WE HAVE ACCESS TOKEN? YlCHW1lWB7SdgfKe8PBkJtC1vZINdT
IS IT EXPIRED? {'day': 17, 'month': 4, 'year': 2018, 'hour': 6, 'minute': 28, 'second': 46}
IS IT CONSIDERED TO BE EXPIRED? False

 -------------- TOTAL NUMBER OF AVISOS OF USER Albert: 53 -------------

Not new avisos: 53

 ----- TOTAL NUMBER OF AVISOS AFTER FILTERING OF USER Albert: 0 ------

Notification scanner thread: Scanning Carla.

DO WE HAVE ACCESS TOKEN? BM91rKFhvBxoRrBUPMirKjPXdQMHRA
IS IT EXPIRED? {'day': 17, 'month': 4, 'year': 2018, 'hour': 6, 'minute': 28, 'second': 46}
IS IT CONSIDERED TO BE EXPIRED? False

 -------------- TOTAL NUMBER OF AVISOS OF USER Carla: 35 -------------

Not new avisos: 35

 ----- TOTAL NUMBER OF AVISOS AFTER FILTERING OF USER Carla: 0 ------

Notification scanner thread: Scanning Joel.

DO WE HAVE ACCESS TOKEN? bb8T461ApiG7P3cxpMq82cj2YDfhkn
IS IT EXPIRED? {'day': 17, 'month': 4, 'year': 2018, 'hour': 6, 'minute': 28, 'second': 46}
IS IT CONSIDERED TO BE EXPIRED? False

 -------------- TOTAL NUMBER OF AVISOS OF USER Joel: 19 -------------

Not new avisos: 19

 ----- TOTAL NUMBER OF AVISOS AFTER FILTERING OF USER Joel: 0 ------

Notification scanner thread: Scanning VÝctor.

DO WE HAVE ACCESS TOKEN? 01K3WoNEiYlWqY0oEksVvv52SShxoz
IS IT EXPIRED? {'day': 17, 'month': 4, 'year': 2018, 'hour': 6, 'minute': 28, 'second': 46}
IS IT CONSIDERED TO BE EXPIRED? False

 -------------- TOTAL NUMBER OF AVISOS OF USER VÝctor: 10 -------------

Not new avisos: 10

 ----- TOTAL NUMBER OF AVISOS AFTER FILTERING OF USER VÝctor: 0 ------

Last notification was received 2018-04-16 13:21:40!
Refresh token thread: Refreshing tokens

Notification scanner thread: Last check was done: 2018-04-16 21:40:44.859599

Notification scanner thread: Scanning for notifications

Notification scanner thread: Scanning Albert.

DO WE HAVE ACCESS TOKEN? YlCHW1lWB7SdgfKe8PBkJtC1vZINdT
IS IT EXPIRED? {'day': 17, 'month': 4, 'year': 2018, 'hour': 6, 'minute': 28, 'second': 46}
IS IT CONSIDERED TO BE EXPIRED? False

 -------------- TOTAL NUMBER OF AVISOS OF USER Albert: 53 -------------

Not new avisos: 53

 ----- TOTAL NUMBER OF AVISOS AFTER FILTERING OF USER Albert: 0 ------

Notification scanner thread: Scanning Carla.

DO WE HAVE ACCESS TOKEN? BM91rKFhvBxoRrBUPMirKjPXdQMHRA
IS IT EXPIRED? {'day': 17, 'month': 4, 'year': 2018, 'hour': 6, 'minute': 28, 'second': 46}
IS IT CONSIDERED TO BE EXPIRED? False

 -------------- TOTAL NUMBER OF AVISOS OF USER Carla: 35 -------------

Not new avisos: 35

 ----- TOTAL NUMBER OF AVISOS AFTER FILTERING OF USER Carla: 0 ------

Notification scanner thread: Scanning Joel.

Refresh token thread: Refreshing tokens

DO WE HAVE ACCESS TOKEN? bb8T461ApiG7P3cxpMq82cj2YDfhkn
IS IT EXPIRED? {'day': 17, 'month': 4, 'year': 2018, 'hour': 6, 'minute': 28, 'second': 46}
IS IT CONSIDERED TO BE EXPIRED? False

 -------------- TOTAL NUMBER OF AVISOS OF USER Joel: 19 -------------

Not new avisos: 19

 ----- TOTAL NUMBER OF AVISOS AFTER FILTERING OF USER Joel: 0 ------

Notification scanner thread: Scanning VÝctor.

DO WE HAVE ACCESS TOKEN? 01K3WoNEiYlWqY0oEksVvv52SShxoz
IS IT EXPIRED? {'day': 17, 'month': 4, 'year': 2018, 'hour': 6, 'minute': 28, 'second': 46}
IS IT CONSIDERED TO BE EXPIRED? False

 -------------- TOTAL NUMBER OF AVISOS OF USER VÝctor: 10 -------------

Not new avisos: 10

 ----- TOTAL NUMBER OF AVISOS AFTER FILTERING OF USER VÝctor: 0 ------

Last notification was received 2018-04-16 13:21:40!
Refresh token thread: Refreshing tokens

Notification scanner thread: Last check was done: 2018-04-16 21:41:19.785423

Notification scanner thread: Scanning for notifications

Notification scanner thread: Scanning Albert.

DO WE HAVE ACCESS TOKEN? YlCHW1lWB7SdgfKe8PBkJtC1vZINdT
IS IT EXPIRED? {'day': 17, 'month': 4, 'year': 2018, 'hour': 6, 'minute': 28, 'second': 46}
IS IT CONSIDERED TO BE EXPIRED? False

 -------------- TOTAL NUMBER OF AVISOS OF USER Albert: 53 -------------

Not new avisos: 53

 ----- TOTAL NUMBER OF AVISOS AFTER FILTERING OF USER Albert: 0 ------

Notification scanner thread: Scanning Carla.

DO WE HAVE ACCESS TOKEN? BM91rKFhvBxoRrBUPMirKjPXdQMHRA
IS IT EXPIRED? {'day': 17, 'month': 4, 'year': 2018, 'hour': 6, 'minute': 28, 'second': 46}
IS IT CONSIDERED TO BE EXPIRED? False

 -------------- TOTAL NUMBER OF AVISOS OF USER Carla: 35 -------------

Not new avisos: 35

 ----- TOTAL NUMBER OF AVISOS AFTER FILTERING OF USER Carla: 0 ------

Notification scanner thread: Scanning Joel.

DO WE HAVE ACCESS TOKEN? bb8T461ApiG7P3cxpMq82cj2YDfhkn
IS IT EXPIRED? {'day': 17, 'month': 4, 'year': 2018, 'hour': 6, 'minute': 28, 'second': 46}
IS IT CONSIDERED TO BE EXPIRED? False

 -------------- TOTAL NUMBER OF AVISOS OF USER Joel: 19 -------------

Not new avisos: 19

 ----- TOTAL NUMBER OF AVISOS AFTER FILTERING OF USER Joel: 0 ------

Notification scanner thread: Scanning VÝctor.

DO WE HAVE ACCESS TOKEN? 01K3WoNEiYlWqY0oEksVvv52SShxoz
IS IT EXPIRED? {'day': 17, 'month': 4, 'year': 2018, 'hour': 6, 'minute': 28, 'second': 46}
IS IT CONSIDERED TO BE EXPIRED? False

 -------------- TOTAL NUMBER OF AVISOS OF USER VÝctor: 10 -------------

Not new avisos: 10

 ----- TOTAL NUMBER OF AVISOS AFTER FILTERING OF USER VÝctor: 0 ------

Last notification was received 2018-04-16 13:21:40!
Refresh token thread: Refreshing tokens

Notification scanner thread: Last check was done: 2018-04-16 21:41:52.375171

Notification scanner thread: Scanning for notifications

Notification scanner thread: Scanning Albert.

DO WE HAVE ACCESS TOKEN? YlCHW1lWB7SdgfKe8PBkJtC1vZINdT
IS IT EXPIRED? {'day': 17, 'month': 4, 'year': 2018, 'hour': 6, 'minute': 28, 'second': 46}
IS IT CONSIDERED TO BE EXPIRED? False

 -------------- TOTAL NUMBER OF AVISOS OF USER Albert: 53 -------------

Not new avisos: 53

 ----- TOTAL NUMBER OF AVISOS AFTER FILTERING OF USER Albert: 0 ------

Notification scanner thread: Scanning Carla.

DO WE HAVE ACCESS TOKEN? BM91rKFhvBxoRrBUPMirKjPXdQMHRA
IS IT EXPIRED? {'day': 17, 'month': 4, 'year': 2018, 'hour': 6, 'minute': 28, 'second': 46}
IS IT CONSIDERED TO BE EXPIRED? False

 -------------- TOTAL NUMBER OF AVISOS OF USER Carla: 35 -------------

Not new avisos: 35

 ----- TOTAL NUMBER OF AVISOS AFTER FILTERING OF USER Carla: 0 ------

Notification scanner thread: Scanning Joel.

DO WE HAVE ACCESS TOKEN? bb8T461ApiG7P3cxpMq82cj2YDfhkn
IS IT EXPIRED? {'day': 17, 'month': 4, 'year': 2018, 'hour': 6, 'minute': 28, 'second': 46}
IS IT CONSIDERED TO BE EXPIRED? False

 -------------- TOTAL NUMBER OF AVISOS OF USER Joel: 19 -------------

Not new avisos: 19

 ----- TOTAL NUMBER OF AVISOS AFTER FILTERING OF USER Joel: 0 ------

Notification scanner thread: Scanning VÝctor.

DO WE HAVE ACCESS TOKEN? 01K3WoNEiYlWqY0oEksVvv52SShxoz
IS IT EXPIRED? {'day': 17, 'month': 4, 'year': 2018, 'hour': 6, 'minute': 28, 'second': 46}
IS IT CONSIDERED TO BE EXPIRED? False

 -------------- TOTAL NUMBER OF AVISOS OF USER VÝctor: 10 -------------

Not new avisos: 10

 ----- TOTAL NUMBER OF AVISOS AFTER FILTERING OF USER VÝctor: 0 ------

Last notification was received 2018-04-16 13:21:40!
Refresh token thread: Refreshing tokens

Notification scanner thread: Last check was done: 2018-04-16 21:42:25.150285

Notification scanner thread: Scanning for notifications

Notification scanner thread: Scanning Albert.

DO WE HAVE ACCESS TOKEN? YlCHW1lWB7SdgfKe8PBkJtC1vZINdT
IS IT EXPIRED? {'day': 17, 'month': 4, 'year': 2018, 'hour': 6, 'minute': 28, 'second': 46}
IS IT CONSIDERED TO BE EXPIRED? False

 -------------- TOTAL NUMBER OF AVISOS OF USER Albert: 53 -------------

Not new avisos: 53

 ----- TOTAL NUMBER OF AVISOS AFTER FILTERING OF USER Albert: 0 ------

Notification scanner thread: Scanning Carla.

DO WE HAVE ACCESS TOKEN? BM91rKFhvBxoRrBUPMirKjPXdQMHRA
IS IT EXPIRED? {'day': 17, 'month': 4, 'year': 2018, 'hour': 6, 'minute': 28, 'second': 46}
IS IT CONSIDERED TO BE EXPIRED? False

 -------------- TOTAL NUMBER OF AVISOS OF USER Carla: 35 -------------

Not new avisos: 35

 ----- TOTAL NUMBER OF AVISOS AFTER FILTERING OF USER Carla: 0 ------

Notification scanner thread: Scanning Joel.

DO WE HAVE ACCESS TOKEN? bb8T461ApiG7P3cxpMq82cj2YDfhkn
IS IT EXPIRED? {'day': 17, 'month': 4, 'year': 2018, 'hour': 6, 'minute': 28, 'second': 46}
IS IT CONSIDERED TO BE EXPIRED? False

 -------------- TOTAL NUMBER OF AVISOS OF USER Joel: 19 -------------

Not new avisos: 19

 ----- TOTAL NUMBER OF AVISOS AFTER FILTERING OF USER Joel: 0 ------

Notification scanner thread: Scanning VÝctor.

DO WE HAVE ACCESS TOKEN? 01K3WoNEiYlWqY0oEksVvv52SShxoz
IS IT EXPIRED? {'day': 17, 'month': 4, 'year': 2018, 'hour': 6, 'minute': 28, 'second': 46}
IS IT CONSIDERED TO BE EXPIRED? False

 -------------- TOTAL NUMBER OF AVISOS OF USER VÝctor: 10 -------------

Not new avisos: 10

 ----- TOTAL NUMBER OF AVISOS AFTER FILTERING OF USER VÝctor: 0 ------

Last notification was received 2018-04-16 13:21:40!
Refresh token thread: Refreshing tokens

Notification scanner thread: Last check was done: 2018-04-16 21:42:58.106955

Notification scanner thread: Scanning for notifications

Notification scanner thread: Scanning Albert.

DO WE HAVE ACCESS TOKEN? YlCHW1lWB7SdgfKe8PBkJtC1vZINdT
IS IT EXPIRED? {'day': 17, 'month': 4, 'year': 2018, 'hour': 6, 'minute': 28, 'second': 46}
IS IT CONSIDERED TO BE EXPIRED? False

 -------------- TOTAL NUMBER OF AVISOS OF USER Albert: 53 -------------

Not new avisos: 53

 ----- TOTAL NUMBER OF AVISOS AFTER FILTERING OF USER Albert: 0 ------

Notification scanner thread: Scanning Carla.

DO WE HAVE ACCESS TOKEN? BM91rKFhvBxoRrBUPMirKjPXdQMHRA
IS IT EXPIRED? {'day': 17, 'month': 4, 'year': 2018, 'hour': 6, 'minute': 28, 'second': 46}
IS IT CONSIDERED TO BE EXPIRED? False

 -------------- TOTAL NUMBER OF AVISOS OF USER Carla: 35 -------------

Not new avisos: 35

 ----- TOTAL NUMBER OF AVISOS AFTER FILTERING OF USER Carla: 0 ------

Notification scanner thread: Scanning Joel.

DO WE HAVE ACCESS TOKEN? bb8T461ApiG7P3cxpMq82cj2YDfhkn
IS IT EXPIRED? {'day': 17, 'month': 4, 'year': 2018, 'hour': 6, 'minute': 28, 'second': 46}
IS IT CONSIDERED TO BE EXPIRED? False

 -------------- TOTAL NUMBER OF AVISOS OF USER Joel: 19 -------------

Not new avisos: 19

 ----- TOTAL NUMBER OF AVISOS AFTER FILTERING OF USER Joel: 0 ------

Notification scanner thread: Scanning VÝctor.

DO WE HAVE ACCESS TOKEN? 01K3WoNEiYlWqY0oEksVvv52SShxoz
IS IT EXPIRED? {'day': 17, 'month': 4, 'year': 2018, 'hour': 6, 'minute': 28, 'second': 46}
IS IT CONSIDERED TO BE EXPIRED? False

 -------------- TOTAL NUMBER OF AVISOS OF USER VÝctor: 10 -------------

Not new avisos: 10

 ----- TOTAL NUMBER OF AVISOS AFTER FILTERING OF USER VÝctor: 0 ------

Last notification was received 2018-04-16 13:21:40!
